Archive member included because of file (symbol)

C:/StellarisWare/driverlib/gcc\libdriver.a(gpio.o)
                              C:\cygwin\tmp\cc41nbq7.o (GPIOPadConfigSet)
C:/StellarisWare/driverlib/gcc\libdriver.a(interrupt.o)
                              C:/StellarisWare/driverlib/gcc\libdriver.a(gpio.o) (IntRegister)
C:/StellarisWare/driverlib/gcc\libdriver.a(ssi.o)
                              C:\cygwin\tmp\cc41nbq7.o (SSIConfigSetExpClk)
C:/StellarisWare/driverlib/gcc\libdriver.a(sysctl.o)
                              C:\cygwin\tmp\ccWM44Qw.o (SysCtlPeripheralEnable)
C:/StellarisWare/driverlib/gcc\libdriver.a(uart.o)
                              C:\cygwin\tmp\ccWM44Qw.o (UARTConfigSetExpClk)
C:/StellarisWare/driverlib/gcc\libdriver.a(cpu.o)
                              C:/StellarisWare/driverlib/gcc\libdriver.a(interrupt.o) (CPUcpsid)
c:/program files (x86)/codesourcery/sourcery g++ lite/bin/../lib/gcc/arm-none-eabi/4.4.1/../../../../arm-none-eabi/lib/thumb2\libc.a(lib_a-errno.o)
                              C:\cygwin\tmp\ccK8hGy8.o (__errno)
c:/program files (x86)/codesourcery/sourcery g++ lite/bin/../lib/gcc/arm-none-eabi/4.4.1/../../../../arm-none-eabi/lib/thumb2\libc.a(lib_a-exit.o)
                              C:\cygwin\tmp\ccWM44Qw.o (exit)
c:/program files (x86)/codesourcery/sourcery g++ lite/bin/../lib/gcc/arm-none-eabi/4.4.1/../../../../arm-none-eabi/lib/thumb2\libc.a(lib_a-impure.o)
                              c:/program files (x86)/codesourcery/sourcery g++ lite/bin/../lib/gcc/arm-none-eabi/4.4.1/../../../../arm-none-eabi/lib/thumb2\libc.a(lib_a-errno.o) (_impure_ptr)
c:/program files (x86)/codesourcery/sourcery g++ lite/bin/../lib/gcc/arm-none-eabi/4.4.1/../../../../arm-none-eabi/lib/thumb2\libc.a(lib_a-iprintf.o)
                              C:\cygwin\tmp\ccWM44Qw.o (iprintf)
c:/program files (x86)/codesourcery/sourcery g++ lite/bin/../lib/gcc/arm-none-eabi/4.4.1/../../../../arm-none-eabi/lib/thumb2\libc.a(lib_a-malloc.o)
                              C:\cygwin\tmp\ccWM44Qw.o (free)
c:/program files (x86)/codesourcery/sourcery g++ lite/bin/../lib/gcc/arm-none-eabi/4.4.1/../../../../arm-none-eabi/lib/thumb2\libc.a(lib_a-mallocr.o)
                              c:/program files (x86)/codesourcery/sourcery g++ lite/bin/../lib/gcc/arm-none-eabi/4.4.1/../../../../arm-none-eabi/lib/thumb2\libc.a(lib_a-malloc.o) (_malloc_r)
c:/program files (x86)/codesourcery/sourcery g++ lite/bin/../lib/gcc/arm-none-eabi/4.4.1/../../../../arm-none-eabi/lib/thumb2\libc.a(lib_a-mlock.o)
                              c:/program files (x86)/codesourcery/sourcery g++ lite/bin/../lib/gcc/arm-none-eabi/4.4.1/../../../../arm-none-eabi/lib/thumb2\libc.a(lib_a-mallocr.o) (__malloc_lock)
c:/program files (x86)/codesourcery/sourcery g++ lite/bin/../lib/gcc/arm-none-eabi/4.4.1/../../../../arm-none-eabi/lib/thumb2\libc.a(lib_a-sbrkr.o)
                              c:/program files (x86)/codesourcery/sourcery g++ lite/bin/../lib/gcc/arm-none-eabi/4.4.1/../../../../arm-none-eabi/lib/thumb2\libc.a(lib_a-mallocr.o) (_sbrk_r)
c:/program files (x86)/codesourcery/sourcery g++ lite/bin/../lib/gcc/arm-none-eabi/4.4.1/../../../../arm-none-eabi/lib/thumb2\libc.a(lib_a-setjmp.o)
                              C:\cygwin\tmp\ccWM44Qw.o (setjmp)
c:/program files (x86)/codesourcery/sourcery g++ lite/bin/../lib/gcc/arm-none-eabi/4.4.1/../../../../arm-none-eabi/lib/thumb2\libc.a(lib_a-vfiprintf.o)
                              c:/program files (x86)/codesourcery/sourcery g++ lite/bin/../lib/gcc/arm-none-eabi/4.4.1/../../../../arm-none-eabi/lib/thumb2\libc.a(lib_a-iprintf.o) (_vfiprintf_r)
c:/program files (x86)/codesourcery/sourcery g++ lite/bin/../lib/gcc/arm-none-eabi/4.4.1/../../../../arm-none-eabi/lib/thumb2\libc.a(lib_a-wsetup.o)
                              c:/program files (x86)/codesourcery/sourcery g++ lite/bin/../lib/gcc/arm-none-eabi/4.4.1/../../../../arm-none-eabi/lib/thumb2\libc.a(lib_a-vfiprintf.o) (__swsetup_r)
c:/program files (x86)/codesourcery/sourcery g++ lite/bin/../lib/gcc/arm-none-eabi/4.4.1/../../../../arm-none-eabi/lib/thumb2\libc.a(lib_a-__call_atexit.o)
                              c:/program files (x86)/codesourcery/sourcery g++ lite/bin/../lib/gcc/arm-none-eabi/4.4.1/../../../../arm-none-eabi/lib/thumb2\libc.a(lib_a-exit.o) (__call_exitprocs)
c:/program files (x86)/codesourcery/sourcery g++ lite/bin/../lib/gcc/arm-none-eabi/4.4.1/../../../../arm-none-eabi/lib/thumb2\libc.a(lib_a-atexit.o)
                              c:/program files (x86)/codesourcery/sourcery g++ lite/bin/../lib/gcc/arm-none-eabi/4.4.1/../../../../arm-none-eabi/lib/thumb2\libc.a(lib_a-__call_atexit.o) (atexit)
c:/program files (x86)/codesourcery/sourcery g++ lite/bin/../lib/gcc/arm-none-eabi/4.4.1/../../../../arm-none-eabi/lib/thumb2\libc.a(lib_a-fflush.o)
                              c:/program files (x86)/codesourcery/sourcery g++ lite/bin/../lib/gcc/arm-none-eabi/4.4.1/../../../../arm-none-eabi/lib/thumb2\libc.a(lib_a-vfiprintf.o) (_fflush_r)
c:/program files (x86)/codesourcery/sourcery g++ lite/bin/../lib/gcc/arm-none-eabi/4.4.1/../../../../arm-none-eabi/lib/thumb2\libc.a(lib_a-findfp.o)
                              c:/program files (x86)/codesourcery/sourcery g++ lite/bin/../lib/gcc/arm-none-eabi/4.4.1/../../../../arm-none-eabi/lib/thumb2\libc.a(lib_a-iprintf.o) (__sinit)
c:/program files (x86)/codesourcery/sourcery g++ lite/bin/../lib/gcc/arm-none-eabi/4.4.1/../../../../arm-none-eabi/lib/thumb2\libc.a(lib_a-fini.o)
                              c:/program files (x86)/codesourcery/sourcery g++ lite/bin/../lib/gcc/arm-none-eabi/4.4.1/../../../../arm-none-eabi/lib/thumb2\libc.a(lib_a-__call_atexit.o) (__libc_fini_array)
c:/program files (x86)/codesourcery/sourcery g++ lite/bin/../lib/gcc/arm-none-eabi/4.4.1/../../../../arm-none-eabi/lib/thumb2\libc.a(lib_a-freer.o)
                              c:/program files (x86)/codesourcery/sourcery g++ lite/bin/../lib/gcc/arm-none-eabi/4.4.1/../../../../arm-none-eabi/lib/thumb2\libc.a(lib_a-malloc.o) (_free_r)
c:/program files (x86)/codesourcery/sourcery g++ lite/bin/../lib/gcc/arm-none-eabi/4.4.1/../../../../arm-none-eabi/lib/thumb2\libc.a(lib_a-fvwrite.o)
                              c:/program files (x86)/codesourcery/sourcery g++ lite/bin/../lib/gcc/arm-none-eabi/4.4.1/../../../../arm-none-eabi/lib/thumb2\libc.a(lib_a-vfiprintf.o) (__sfvwrite_r)
c:/program files (x86)/codesourcery/sourcery g++ lite/bin/../lib/gcc/arm-none-eabi/4.4.1/../../../../arm-none-eabi/lib/thumb2\libc.a(lib_a-fwalk.o)
                              c:/program files (x86)/codesourcery/sourcery g++ lite/bin/../lib/gcc/arm-none-eabi/4.4.1/../../../../arm-none-eabi/lib/thumb2\libc.a(lib_a-fflush.o) (_fwalk_reent)
c:/program files (x86)/codesourcery/sourcery g++ lite/bin/../lib/gcc/arm-none-eabi/4.4.1/../../../../arm-none-eabi/lib/thumb2\libc.a(lib_a-makebuf.o)
                              c:/program files (x86)/codesourcery/sourcery g++ lite/bin/../lib/gcc/arm-none-eabi/4.4.1/../../../../arm-none-eabi/lib/thumb2\libc.a(lib_a-wsetup.o) (__smakebuf_r)
c:/program files (x86)/codesourcery/sourcery g++ lite/bin/../lib/gcc/arm-none-eabi/4.4.1/../../../../arm-none-eabi/lib/thumb2\libc.a(lib_a-memchr.o)
                              c:/program files (x86)/codesourcery/sourcery g++ lite/bin/../lib/gcc/arm-none-eabi/4.4.1/../../../../arm-none-eabi/lib/thumb2\libc.a(lib_a-vfiprintf.o) (memchr)
c:/program files (x86)/codesourcery/sourcery g++ lite/bin/../lib/gcc/arm-none-eabi/4.4.1/../../../../arm-none-eabi/lib/thumb2\libc.a(lib_a-memcpy.o)
                              c:/program files (x86)/codesourcery/sourcery g++ lite/bin/../lib/gcc/arm-none-eabi/4.4.1/../../../../arm-none-eabi/lib/thumb2\libc.a(lib_a-fvwrite.o) (memcpy)
c:/program files (x86)/codesourcery/sourcery g++ lite/bin/../lib/gcc/arm-none-eabi/4.4.1/../../../../arm-none-eabi/lib/thumb2\libc.a(lib_a-memmove.o)
                              c:/program files (x86)/codesourcery/sourcery g++ lite/bin/../lib/gcc/arm-none-eabi/4.4.1/../../../../arm-none-eabi/lib/thumb2\libc.a(lib_a-fvwrite.o) (memmove)
c:/program files (x86)/codesourcery/sourcery g++ lite/bin/../lib/gcc/arm-none-eabi/4.4.1/../../../../arm-none-eabi/lib/thumb2\libc.a(lib_a-memset.o)
                              c:/program files (x86)/codesourcery/sourcery g++ lite/bin/../lib/gcc/arm-none-eabi/4.4.1/../../../../arm-none-eabi/lib/thumb2\libc.a(lib_a-findfp.o) (memset)
c:/program files (x86)/codesourcery/sourcery g++ lite/bin/../lib/gcc/arm-none-eabi/4.4.1/../../../../arm-none-eabi/lib/thumb2\libc.a(lib_a-reallocr.o)
                              c:/program files (x86)/codesourcery/sourcery g++ lite/bin/../lib/gcc/arm-none-eabi/4.4.1/../../../../arm-none-eabi/lib/thumb2\libc.a(lib_a-fvwrite.o) (_realloc_r)
c:/program files (x86)/codesourcery/sourcery g++ lite/bin/../lib/gcc/arm-none-eabi/4.4.1/../../../../arm-none-eabi/lib/thumb2\libc.a(lib_a-reent.o)
                              c:/program files (x86)/codesourcery/sourcery g++ lite/bin/../lib/gcc/arm-none-eabi/4.4.1/../../../../arm-none-eabi/lib/thumb2\libc.a(lib_a-sbrkr.o) (errno)
c:/program files (x86)/codesourcery/sourcery g++ lite/bin/../lib/gcc/arm-none-eabi/4.4.1/../../../../arm-none-eabi/lib/thumb2\libc.a(lib_a-stdio.o)
                              c:/program files (x86)/codesourcery/sourcery g++ lite/bin/../lib/gcc/arm-none-eabi/4.4.1/../../../../arm-none-eabi/lib/thumb2\libc.a(lib_a-findfp.o) (__sclose)
c:/program files (x86)/codesourcery/sourcery g++ lite/bin/../lib/gcc/arm-none-eabi/4.4.1/../../../../arm-none-eabi/lib/thumb2\libc.a(lib_a-strlen.o)
                              c:/program files (x86)/codesourcery/sourcery g++ lite/bin/../lib/gcc/arm-none-eabi/4.4.1/../../../../arm-none-eabi/lib/thumb2\libc.a(lib_a-vfiprintf.o) (strlen)
c:/program files (x86)/codesourcery/sourcery g++ lite/bin/../lib/gcc/arm-none-eabi/4.4.1/../../../../arm-none-eabi/lib/thumb2\libc.a(lib_a-writer.o)
                              c:/program files (x86)/codesourcery/sourcery g++ lite/bin/../lib/gcc/arm-none-eabi/4.4.1/../../../../arm-none-eabi/lib/thumb2\libc.a(lib_a-stdio.o) (_write_r)
c:/program files (x86)/codesourcery/sourcery g++ lite/bin/../lib/gcc/arm-none-eabi/4.4.1/../../../../arm-none-eabi/lib/thumb2\libc.a(lib_a-__atexit.o)
                              c:/program files (x86)/codesourcery/sourcery g++ lite/bin/../lib/gcc/arm-none-eabi/4.4.1/../../../../arm-none-eabi/lib/thumb2\libc.a(lib_a-atexit.o) (__register_exitproc)
c:/program files (x86)/codesourcery/sourcery g++ lite/bin/../lib/gcc/arm-none-eabi/4.4.1/../../../../arm-none-eabi/lib/thumb2\libc.a(lib_a-closer.o)
                              c:/program files (x86)/codesourcery/sourcery g++ lite/bin/../lib/gcc/arm-none-eabi/4.4.1/../../../../arm-none-eabi/lib/thumb2\libc.a(lib_a-stdio.o) (_close_r)
c:/program files (x86)/codesourcery/sourcery g++ lite/bin/../lib/gcc/arm-none-eabi/4.4.1/../../../../arm-none-eabi/lib/thumb2\libc.a(lib_a-fclose.o)
                              c:/program files (x86)/codesourcery/sourcery g++ lite/bin/../lib/gcc/arm-none-eabi/4.4.1/../../../../arm-none-eabi/lib/thumb2\libc.a(lib_a-findfp.o) (fclose)
c:/program files (x86)/codesourcery/sourcery g++ lite/bin/../lib/gcc/arm-none-eabi/4.4.1/../../../../arm-none-eabi/lib/thumb2\libc.a(lib_a-fstatr.o)
                              c:/program files (x86)/codesourcery/sourcery g++ lite/bin/../lib/gcc/arm-none-eabi/4.4.1/../../../../arm-none-eabi/lib/thumb2\libc.a(lib_a-makebuf.o) (_fstat_r)
c:/program files (x86)/codesourcery/sourcery g++ lite/bin/../lib/gcc/arm-none-eabi/4.4.1/../../../../arm-none-eabi/lib/thumb2\libc.a(lib_a-isattyr.o)
                              c:/program files (x86)/codesourcery/sourcery g++ lite/bin/../lib/gcc/arm-none-eabi/4.4.1/../../../../arm-none-eabi/lib/thumb2\libc.a(lib_a-makebuf.o) (_isatty_r)
c:/program files (x86)/codesourcery/sourcery g++ lite/bin/../lib/gcc/arm-none-eabi/4.4.1/../../../../arm-none-eabi/lib/thumb2\libc.a(lib_a-lseekr.o)
                              c:/program files (x86)/codesourcery/sourcery g++ lite/bin/../lib/gcc/arm-none-eabi/4.4.1/../../../../arm-none-eabi/lib/thumb2\libc.a(lib_a-stdio.o) (_lseek_r)
c:/program files (x86)/codesourcery/sourcery g++ lite/bin/../lib/gcc/arm-none-eabi/4.4.1/../../../../arm-none-eabi/lib/thumb2\libc.a(lib_a-readr.o)
                              c:/program files (x86)/codesourcery/sourcery g++ lite/bin/../lib/gcc/arm-none-eabi/4.4.1/../../../../arm-none-eabi/lib/thumb2\libc.a(lib_a-stdio.o) (_read_r)
c:/program files (x86)/codesourcery/sourcery g++ lite/bin/../lib/gcc/arm-none-eabi/4.4.1/thumb2\libgcc.a(_aeabi_uldivmod.o)
                              c:/program files (x86)/codesourcery/sourcery g++ lite/bin/../lib/gcc/arm-none-eabi/4.4.1/../../../../arm-none-eabi/lib/thumb2\libc.a(lib_a-vfiprintf.o) (__aeabi_uldivmod)
c:/program files (x86)/codesourcery/sourcery g++ lite/bin/../lib/gcc/arm-none-eabi/4.4.1/thumb2\libgcc.a(bpabi.o)
                              c:/program files (x86)/codesourcery/sourcery g++ lite/bin/../lib/gcc/arm-none-eabi/4.4.1/thumb2\libgcc.a(_aeabi_uldivmod.o) (__gnu_uldivmod_helper)
c:/program files (x86)/codesourcery/sourcery g++ lite/bin/../lib/gcc/arm-none-eabi/4.4.1/thumb2\libgcc.a(_dvmd_tls.o)
                              c:/program files (x86)/codesourcery/sourcery g++ lite/bin/../lib/gcc/arm-none-eabi/4.4.1/thumb2\libgcc.a(_aeabi_uldivmod.o) (__aeabi_ldiv0)
c:/program files (x86)/codesourcery/sourcery g++ lite/bin/../lib/gcc/arm-none-eabi/4.4.1/thumb2\libgcc.a(_divdi3.o)
                              c:/program files (x86)/codesourcery/sourcery g++ lite/bin/../lib/gcc/arm-none-eabi/4.4.1/thumb2\libgcc.a(bpabi.o) (__divdi3)
c:/program files (x86)/codesourcery/sourcery g++ lite/bin/../lib/gcc/arm-none-eabi/4.4.1/thumb2\libgcc.a(_udivdi3.o)
                              c:/program files (x86)/codesourcery/sourcery g++ lite/bin/../lib/gcc/arm-none-eabi/4.4.1/thumb2\libgcc.a(bpabi.o) (__udivdi3)
c:/program files (x86)/codesourcery/sourcery g++ lite/bin/../lib/gcc/arm-none-eabi/4.4.1/thumb2\libgcc.a(_udivsi3.o)
                              c:/program files (x86)/codesourcery/sourcery g++ lite/bin/../lib/gcc/arm-none-eabi/4.4.1/thumb2\libgcc.a(_divdi3.o) (__aeabi_uidiv)

Allocating common symbols
Common symbol       size              file

errno               0x4               c:/program files (x86)/codesourcery/sourcery g++ lite/bin/../lib/gcc/arm-none-eabi/4.4.1/../../../../arm-none-eabi/lib/thumb2\libc.a(lib_a-reent.o)
threadlock          0x4               C:\cygwin\tmp\ccWM44Qw.o
currThread          0x4               C:\cygwin\tmp\ccWM44Qw.o
heap_end            0x4               C:\cygwin\tmp\ccK8hGy8.o

Discarded input sections

 .text          0x00000000        0x0 c:/program files (x86)/codesourcery/sourcery g++ lite/bin/../lib/gcc/arm-none-eabi/4.4.1/thumb2/crti.o
 .data          0x00000000        0x0 c:/program files (x86)/codesourcery/sourcery g++ lite/bin/../lib/gcc/arm-none-eabi/4.4.1/thumb2/crti.o
 .bss           0x00000000        0x0 c:/program files (x86)/codesourcery/sourcery g++ lite/bin/../lib/gcc/arm-none-eabi/4.4.1/thumb2/crti.o
 .init          0x00000000        0x4 c:/program files (x86)/codesourcery/sourcery g++ lite/bin/../lib/gcc/arm-none-eabi/4.4.1/thumb2/crti.o
 .text          0x00000000       0x30 c:/program files (x86)/codesourcery/sourcery g++ lite/bin/../lib/gcc/arm-none-eabi/4.4.1/thumb2/crtbegin.o
 .data          0x00000000        0x4 c:/program files (x86)/codesourcery/sourcery g++ lite/bin/../lib/gcc/arm-none-eabi/4.4.1/thumb2/crtbegin.o
 .bss           0x00000000        0x1 c:/program files (x86)/codesourcery/sourcery g++ lite/bin/../lib/gcc/arm-none-eabi/4.4.1/thumb2/crtbegin.o
 .init_array    0x00000000        0x4 c:/program files (x86)/codesourcery/sourcery g++ lite/bin/../lib/gcc/arm-none-eabi/4.4.1/thumb2/crtbegin.o
 .fini_array    0x00000000        0x4 c:/program files (x86)/codesourcery/sourcery g++ lite/bin/../lib/gcc/arm-none-eabi/4.4.1/thumb2/crtbegin.o
 .jcr           0x00000000        0x0 c:/program files (x86)/codesourcery/sourcery g++ lite/bin/../lib/gcc/arm-none-eabi/4.4.1/thumb2/crtbegin.o
 .data          0x00000000        0x0 C:\cygwin\tmp\ccWM44Qw.o
 .data          0x00000000        0x0 C:\cygwin\tmp\ccESiWbi.o
 .bss           0x00000000        0x0 C:\cygwin\tmp\ccESiWbi.o
 .data          0x00000000        0x0 C:\cygwin\tmp\ccK8hGy8.o
 .bss           0x00000000        0x0 C:\cygwin\tmp\ccK8hGy8.o
 .data          0x00000000        0x0 C:\cygwin\tmp\cc41nbq7.o
 .data          0x00000000        0x0 C:\cygwin\tmp\ccQRuRE8.o
 .bss           0x00000000        0x0 C:\cygwin\tmp\ccQRuRE8.o
 .data          0x00000000        0x0 C:\cygwin\tmp\cc8JEc8b.o
 .bss           0x00000000        0x0 C:\cygwin\tmp\cc8JEc8b.o
 .text          0x00000000        0x0 C:/StellarisWare/driverlib/gcc\libdriver.a(gpio.o)
 .data          0x00000000        0x0 C:/StellarisWare/driverlib/gcc\libdriver.a(gpio.o)
 .bss           0x00000000        0x0 C:/StellarisWare/driverlib/gcc\libdriver.a(gpio.o)
 .text.GPIOGetIntNumber
                0x00000000       0xdc C:/StellarisWare/driverlib/gcc\libdriver.a(gpio.o)
 .text.GPIODirModeGet
                0x00000000       0x20 C:/StellarisWare/driverlib/gcc\libdriver.a(gpio.o)
 .text.GPIOIntTypeSet
                0x00000000       0x60 C:/StellarisWare/driverlib/gcc\libdriver.a(gpio.o)
 .text.GPIOIntTypeGet
                0x00000000       0x30 C:/StellarisWare/driverlib/gcc\libdriver.a(gpio.o)
 .text.GPIOPadConfigGet
                0x00000000       0x88 C:/StellarisWare/driverlib/gcc\libdriver.a(gpio.o)
 .text.GPIOPinIntEnable
                0x00000000        0xc C:/StellarisWare/driverlib/gcc\libdriver.a(gpio.o)
 .text.GPIOPinIntDisable
                0x00000000       0x10 C:/StellarisWare/driverlib/gcc\libdriver.a(gpio.o)
 .text.GPIOPinIntStatus
                0x00000000       0x10 C:/StellarisWare/driverlib/gcc\libdriver.a(gpio.o)
 .text.GPIOPinIntClear
                0x00000000        0x8 C:/StellarisWare/driverlib/gcc\libdriver.a(gpio.o)
 .text.GPIOPinRead
                0x00000000        0x8 C:/StellarisWare/driverlib/gcc\libdriver.a(gpio.o)
 .text.GPIOPinTypeADC
                0x00000000       0x1c C:/StellarisWare/driverlib/gcc\libdriver.a(gpio.o)
 .text.GPIOPinTypeCAN
                0x00000000       0x1c C:/StellarisWare/driverlib/gcc\libdriver.a(gpio.o)
 .text.GPIOPinTypeComparator
                0x00000000       0x1c C:/StellarisWare/driverlib/gcc\libdriver.a(gpio.o)
 .text.GPIOPinTypeGPIOInput
                0x00000000       0x1c C:/StellarisWare/driverlib/gcc\libdriver.a(gpio.o)
 .text.GPIOPinTypeGPIOOutputOD
                0x00000000       0x1c C:/StellarisWare/driverlib/gcc\libdriver.a(gpio.o)
 .text.GPIOPinTypeI2C
                0x00000000       0x1c C:/StellarisWare/driverlib/gcc\libdriver.a(gpio.o)
 .text.GPIOPinTypePWM
                0x00000000       0x1c C:/StellarisWare/driverlib/gcc\libdriver.a(gpio.o)
 .text.GPIOPinTypeQEI
                0x00000000       0x1c C:/StellarisWare/driverlib/gcc\libdriver.a(gpio.o)
 .text.GPIOPinTypeTimer
                0x00000000       0x1c C:/StellarisWare/driverlib/gcc\libdriver.a(gpio.o)
 .text.GPIOPinTypeUSBDigital
                0x00000000       0x1c C:/StellarisWare/driverlib/gcc\libdriver.a(gpio.o)
 .text.GPIOPinTypeUSBAnalog
                0x00000000       0x1c C:/StellarisWare/driverlib/gcc\libdriver.a(gpio.o)
 .text.GPIOPinTypeI2S
                0x00000000       0x1c C:/StellarisWare/driverlib/gcc\libdriver.a(gpio.o)
 .text.GPIOPinTypeEthernetLED
                0x00000000       0x1c C:/StellarisWare/driverlib/gcc\libdriver.a(gpio.o)
 .text.GPIOPinConfigure
                0x00000000       0x50 C:/StellarisWare/driverlib/gcc\libdriver.a(gpio.o)
 .text.GPIOPortIntUnregister
                0x00000000       0x14 C:/StellarisWare/driverlib/gcc\libdriver.a(gpio.o)
 .text.GPIOPortIntRegister
                0x00000000       0x18 C:/StellarisWare/driverlib/gcc\libdriver.a(gpio.o)
 .rodata.g_pulGPIOBaseAddrs
                0x00000000       0x48 C:/StellarisWare/driverlib/gcc\libdriver.a(gpio.o)
 .text          0x00000000        0x0 C:/StellarisWare/driverlib/gcc\libdriver.a(interrupt.o)
 .data          0x00000000        0x0 C:/StellarisWare/driverlib/gcc\libdriver.a(interrupt.o)
 .bss           0x00000000        0x0 C:/StellarisWare/driverlib/gcc\libdriver.a(interrupt.o)
 .text.IntDefaultHandler
                0x00000000        0x4 C:/StellarisWare/driverlib/gcc\libdriver.a(interrupt.o)
 .text.IntRegister
                0x00000000       0x34 C:/StellarisWare/driverlib/gcc\libdriver.a(interrupt.o)
 .text.IntUnregister
                0x00000000       0x14 C:/StellarisWare/driverlib/gcc\libdriver.a(interrupt.o)
 .text.IntPriorityGroupingSet
                0x00000000       0x1c C:/StellarisWare/driverlib/gcc\libdriver.a(interrupt.o)
 .text.IntPriorityGroupingGet
                0x00000000       0x24 C:/StellarisWare/driverlib/gcc\libdriver.a(interrupt.o)
 .text.IntPrioritySet
                0x00000000       0x24 C:/StellarisWare/driverlib/gcc\libdriver.a(interrupt.o)
 .text.IntPriorityGet
                0x00000000       0x1c C:/StellarisWare/driverlib/gcc\libdriver.a(interrupt.o)
 .text.IntEnable
                0x00000000       0x70 C:/StellarisWare/driverlib/gcc\libdriver.a(interrupt.o)
 .text.IntDisable
                0x00000000       0x70 C:/StellarisWare/driverlib/gcc\libdriver.a(interrupt.o)
 .text.IntPendSet
                0x00000000       0x60 C:/StellarisWare/driverlib/gcc\libdriver.a(interrupt.o)
 .text.IntPendClear
                0x00000000       0x50 C:/StellarisWare/driverlib/gcc\libdriver.a(interrupt.o)
 .text.IntMasterDisable
                0x00000000        0xc C:/StellarisWare/driverlib/gcc\libdriver.a(interrupt.o)
 .text.IntMasterEnable
                0x00000000        0xc C:/StellarisWare/driverlib/gcc\libdriver.a(interrupt.o)
 vtable         0x00000000      0x11c C:/StellarisWare/driverlib/gcc\libdriver.a(interrupt.o)
 .rodata.g_pulPriority
                0x00000000       0x20 C:/StellarisWare/driverlib/gcc\libdriver.a(interrupt.o)
 .rodata.g_pulRegs
                0x00000000       0x48 C:/StellarisWare/driverlib/gcc\libdriver.a(interrupt.o)
 .text          0x00000000        0x0 C:/StellarisWare/driverlib/gcc\libdriver.a(ssi.o)
 .data          0x00000000        0x0 C:/StellarisWare/driverlib/gcc\libdriver.a(ssi.o)
 .bss           0x00000000        0x0 C:/StellarisWare/driverlib/gcc\libdriver.a(ssi.o)
 .text.SSIIntEnable
                0x00000000        0x8 C:/StellarisWare/driverlib/gcc\libdriver.a(ssi.o)
 .text.SSIIntDisable
                0x00000000        0xc C:/StellarisWare/driverlib/gcc\libdriver.a(ssi.o)
 .text.SSIIntStatus
                0x00000000        0xc C:/StellarisWare/driverlib/gcc\libdriver.a(ssi.o)
 .text.SSIIntClear
                0x00000000        0x4 C:/StellarisWare/driverlib/gcc\libdriver.a(ssi.o)
 .text.SSIDataPutNonBlocking
                0x00000000       0x10 C:/StellarisWare/driverlib/gcc\libdriver.a(ssi.o)
 .text.SSIDMAEnable
                0x00000000        0x8 C:/StellarisWare/driverlib/gcc\libdriver.a(ssi.o)
 .text.SSIDMADisable
                0x00000000        0xc C:/StellarisWare/driverlib/gcc\libdriver.a(ssi.o)
 .text.SSIBusy  0x00000000        0x8 C:/StellarisWare/driverlib/gcc\libdriver.a(ssi.o)
 .text.SSIIntUnregister
                0x00000000       0x20 C:/StellarisWare/driverlib/gcc\libdriver.a(ssi.o)
 .text.SSIIntRegister
                0x00000000       0x20 C:/StellarisWare/driverlib/gcc\libdriver.a(ssi.o)
 .text          0x00000000        0x0 C:/StellarisWare/driverlib/gcc\libdriver.a(sysctl.o)
 .data          0x00000000        0x0 C:/StellarisWare/driverlib/gcc\libdriver.a(sysctl.o)
 .bss           0x00000000        0x0 C:/StellarisWare/driverlib/gcc\libdriver.a(sysctl.o)
 .text.SysCtlSRAMSizeGet
                0x00000000       0x14 C:/StellarisWare/driverlib/gcc\libdriver.a(sysctl.o)
 .text.SysCtlFlashSizeGet
                0x00000000       0x14 C:/StellarisWare/driverlib/gcc\libdriver.a(sysctl.o)
 .text.SysCtlPinPresent
                0x00000000       0x14 C:/StellarisWare/driverlib/gcc\libdriver.a(sysctl.o)
 .text.SysCtlPeripheralPresent
                0x00000000       0x3c C:/StellarisWare/driverlib/gcc\libdriver.a(sysctl.o)
 .text.SysCtlPeripheralReset
                0x00000000       0x40 C:/StellarisWare/driverlib/gcc\libdriver.a(sysctl.o)
 .text.SysCtlPeripheralDisable
                0x00000000       0x20 C:/StellarisWare/driverlib/gcc\libdriver.a(sysctl.o)
 .text.SysCtlPeripheralSleepEnable
                0x00000000       0x1c C:/StellarisWare/driverlib/gcc\libdriver.a(sysctl.o)
 .text.SysCtlPeripheralSleepDisable
                0x00000000       0x20 C:/StellarisWare/driverlib/gcc\libdriver.a(sysctl.o)
 .text.SysCtlPeripheralDeepSleepEnable
                0x00000000       0x1c C:/StellarisWare/driverlib/gcc\libdriver.a(sysctl.o)
 .text.SysCtlPeripheralDeepSleepDisable
                0x00000000       0x20 C:/StellarisWare/driverlib/gcc\libdriver.a(sysctl.o)
 .text.SysCtlPeripheralClockGating
                0x00000000       0x1c C:/StellarisWare/driverlib/gcc\libdriver.a(sysctl.o)
 .text.SysCtlIntEnable
                0x00000000       0x10 C:/StellarisWare/driverlib/gcc\libdriver.a(sysctl.o)
 .text.SysCtlIntDisable
                0x00000000       0x10 C:/StellarisWare/driverlib/gcc\libdriver.a(sysctl.o)
 .text.SysCtlIntClear
                0x00000000        0xc C:/StellarisWare/driverlib/gcc\libdriver.a(sysctl.o)
 .text.SysCtlIntStatus
                0x00000000       0x14 C:/StellarisWare/driverlib/gcc\libdriver.a(sysctl.o)
 .text.SysCtlLDOSet
                0x00000000        0xc C:/StellarisWare/driverlib/gcc\libdriver.a(sysctl.o)
 .text.SysCtlLDOGet
                0x00000000        0xc C:/StellarisWare/driverlib/gcc\libdriver.a(sysctl.o)
 .text.SysCtlLDOConfigSet
                0x00000000        0xc C:/StellarisWare/driverlib/gcc\libdriver.a(sysctl.o)
 .text.SysCtlReset
                0x00000000       0x10 C:/StellarisWare/driverlib/gcc\libdriver.a(sysctl.o)
 .text.SysCtlResetCauseGet
                0x00000000        0xc C:/StellarisWare/driverlib/gcc\libdriver.a(sysctl.o)
 .text.SysCtlResetCauseClear
                0x00000000       0x10 C:/StellarisWare/driverlib/gcc\libdriver.a(sysctl.o)
 .text.SysCtlBrownOutConfigSet
                0x00000000       0x10 C:/StellarisWare/driverlib/gcc\libdriver.a(sysctl.o)
 .text.SysCtlPWMClockSet
                0x00000000       0x14 C:/StellarisWare/driverlib/gcc\libdriver.a(sysctl.o)
 .text.SysCtlPWMClockGet
                0x00000000       0x18 C:/StellarisWare/driverlib/gcc\libdriver.a(sysctl.o)
 .text.SysCtlADCSpeedSet
                0x00000000       0x24 C:/StellarisWare/driverlib/gcc\libdriver.a(sysctl.o)
 .text.SysCtlADCSpeedGet
                0x00000000       0x10 C:/StellarisWare/driverlib/gcc\libdriver.a(sysctl.o)
 .text.SysCtlIOSCVerificationSet
                0x00000000       0x1c C:/StellarisWare/driverlib/gcc\libdriver.a(sysctl.o)
 .text.SysCtlMOSCVerificationSet
                0x00000000       0x1c C:/StellarisWare/driverlib/gcc\libdriver.a(sysctl.o)
 .text.SysCtlPLLVerificationSet
                0x00000000       0x1c C:/StellarisWare/driverlib/gcc\libdriver.a(sysctl.o)
 .text.SysCtlClkVerificationClear
                0x00000000       0x10 C:/StellarisWare/driverlib/gcc\libdriver.a(sysctl.o)
 .text.SysCtlGPIOAHBEnable
                0x00000000       0x10 C:/StellarisWare/driverlib/gcc\libdriver.a(sysctl.o)
 .text.SysCtlGPIOAHBDisable
                0x00000000       0x14 C:/StellarisWare/driverlib/gcc\libdriver.a(sysctl.o)
 .text.SysCtlUSBPLLEnable
                0x00000000       0x10 C:/StellarisWare/driverlib/gcc\libdriver.a(sysctl.o)
 .text.SysCtlUSBPLLDisable
                0x00000000       0x10 C:/StellarisWare/driverlib/gcc\libdriver.a(sysctl.o)
 .text.SysCtlI2SMClkSet
                0x00000000       0xec C:/StellarisWare/driverlib/gcc\libdriver.a(sysctl.o)
 .text.SysCtlDeepSleep
                0x00000000       0x20 C:/StellarisWare/driverlib/gcc\libdriver.a(sysctl.o)
 .text.SysCtlSleep
                0x00000000        0x8 C:/StellarisWare/driverlib/gcc\libdriver.a(sysctl.o)
 .text.SysCtlIntUnregister
                0x00000000       0x10 C:/StellarisWare/driverlib/gcc\libdriver.a(sysctl.o)
 .text.SysCtlIntRegister
                0x00000000       0x14 C:/StellarisWare/driverlib/gcc\libdriver.a(sysctl.o)
 .rodata.g_pulDCRegs
                0x00000000       0x10 C:/StellarisWare/driverlib/gcc\libdriver.a(sysctl.o)
 .rodata.g_pulDCGCRegs
                0x00000000        0xc C:/StellarisWare/driverlib/gcc\libdriver.a(sysctl.o)
 .rodata.g_pulSCGCRegs
                0x00000000        0xc C:/StellarisWare/driverlib/gcc\libdriver.a(sysctl.o)
 .rodata.g_pulSRCRRegs
                0x00000000        0xc C:/StellarisWare/driverlib/gcc\libdriver.a(sysctl.o)
 .text          0x00000000        0x0 C:/StellarisWare/driverlib/gcc\libdriver.a(uart.o)
 .data          0x00000000        0x0 C:/StellarisWare/driverlib/gcc\libdriver.a(uart.o)
 .bss           0x00000000        0x0 C:/StellarisWare/driverlib/gcc\libdriver.a(uart.o)
 .text.UARTParityModeSet
                0x00000000        0xc C:/StellarisWare/driverlib/gcc\libdriver.a(uart.o)
 .text.UARTParityModeGet
                0x00000000        0x8 C:/StellarisWare/driverlib/gcc\libdriver.a(uart.o)
 .text.UARTFIFOLevelSet
                0x00000000        0x8 C:/StellarisWare/driverlib/gcc\libdriver.a(uart.o)
 .text.UARTFIFOLevelGet
                0x00000000       0x10 C:/StellarisWare/driverlib/gcc\libdriver.a(uart.o)
 .text.UARTConfigGetExpClk
                0x00000000       0x28 C:/StellarisWare/driverlib/gcc\libdriver.a(uart.o)
 .text.UARTFIFOEnable
                0x00000000        0xc C:/StellarisWare/driverlib/gcc\libdriver.a(uart.o)
 .text.UARTFIFODisable
                0x00000000        0xc C:/StellarisWare/driverlib/gcc\libdriver.a(uart.o)
 .text.UARTEnableSIR
                0x00000000       0x14 C:/StellarisWare/driverlib/gcc\libdriver.a(uart.o)
 .text.UARTDisableSIR
                0x00000000        0xc C:/StellarisWare/driverlib/gcc\libdriver.a(uart.o)
 .text.UARTSmartCardEnable
                0x00000000       0x18 C:/StellarisWare/driverlib/gcc\libdriver.a(uart.o)
 .text.UARTSmartCardDisable
                0x00000000        0xc C:/StellarisWare/driverlib/gcc\libdriver.a(uart.o)
 .text.UARTModemControlSet
                0x00000000        0xc C:/StellarisWare/driverlib/gcc\libdriver.a(uart.o)
 .text.UARTModemControlClear
                0x00000000       0x10 C:/StellarisWare/driverlib/gcc\libdriver.a(uart.o)
 .text.UARTModemControlGet
                0x00000000        0x8 C:/StellarisWare/driverlib/gcc\libdriver.a(uart.o)
 .text.UARTModemStatusGet
                0x00000000        0xc C:/StellarisWare/driverlib/gcc\libdriver.a(uart.o)
 .text.UARTFlowControlSet
                0x00000000        0xc C:/StellarisWare/driverlib/gcc\libdriver.a(uart.o)
 .text.UARTFlowControlGet
                0x00000000        0x8 C:/StellarisWare/driverlib/gcc\libdriver.a(uart.o)
 .text.UARTTxIntModeSet
                0x00000000        0xc C:/StellarisWare/driverlib/gcc\libdriver.a(uart.o)
 .text.UARTTxIntModeGet
                0x00000000        0x8 C:/StellarisWare/driverlib/gcc\libdriver.a(uart.o)
 .text.UARTCharsAvail
                0x00000000        0xc C:/StellarisWare/driverlib/gcc\libdriver.a(uart.o)
 .text.UARTSpaceAvail
                0x00000000        0xc C:/StellarisWare/driverlib/gcc\libdriver.a(uart.o)
 .text.UARTCharGet
                0x00000000        0xc C:/StellarisWare/driverlib/gcc\libdriver.a(uart.o)
 .text.UARTCharPutNonBlocking
                0x00000000       0x14 C:/StellarisWare/driverlib/gcc\libdriver.a(uart.o)
 .text.UARTBreakCtl
                0x00000000       0x18 C:/StellarisWare/driverlib/gcc\libdriver.a(uart.o)
 .text.UARTBusy
                0x00000000        0x8 C:/StellarisWare/driverlib/gcc\libdriver.a(uart.o)
 .text.UARTIntEnable
                0x00000000        0x8 C:/StellarisWare/driverlib/gcc\libdriver.a(uart.o)
 .text.UARTIntDisable
                0x00000000        0xc C:/StellarisWare/driverlib/gcc\libdriver.a(uart.o)
 .text.UARTIntStatus
                0x00000000        0xc C:/StellarisWare/driverlib/gcc\libdriver.a(uart.o)
 .text.UARTIntClear
                0x00000000        0x4 C:/StellarisWare/driverlib/gcc\libdriver.a(uart.o)
 .text.UARTDMAEnable
                0x00000000        0x8 C:/StellarisWare/driverlib/gcc\libdriver.a(uart.o)
 .text.UARTDMADisable
                0x00000000        0xc C:/StellarisWare/driverlib/gcc\libdriver.a(uart.o)
 .text.UARTRxErrorGet
                0x00000000        0x8 C:/StellarisWare/driverlib/gcc\libdriver.a(uart.o)
 .text.UARTRxErrorClear
                0x00000000        0x8 C:/StellarisWare/driverlib/gcc\libdriver.a(uart.o)
 .text.UARTIntUnregister
                0x00000000       0x2c C:/StellarisWare/driverlib/gcc\libdriver.a(uart.o)
 .text.UARTIntRegister
                0x00000000       0x2c C:/StellarisWare/driverlib/gcc\libdriver.a(uart.o)
 .text          0x00000000        0x0 C:/StellarisWare/driverlib/gcc\libdriver.a(cpu.o)
 .data          0x00000000        0x0 C:/StellarisWare/driverlib/gcc\libdriver.a(cpu.o)
 .bss           0x00000000        0x0 C:/StellarisWare/driverlib/gcc\libdriver.a(cpu.o)
 .text.CPUcpsid
                0x00000000        0x8 C:/StellarisWare/driverlib/gcc\libdriver.a(cpu.o)
 .text.CPUcpsie
                0x00000000        0x8 C:/StellarisWare/driverlib/gcc\libdriver.a(cpu.o)
 .text.CPUwfi   0x00000000        0x4 C:/StellarisWare/driverlib/gcc\libdriver.a(cpu.o)
 .data          0x00000000        0x0 c:/program files (x86)/codesourcery/sourcery g++ lite/bin/../lib/gcc/arm-none-eabi/4.4.1/../../../../arm-none-eabi/lib/thumb2\libc.a(lib_a-errno.o)
 .bss           0x00000000        0x0 c:/program files (x86)/codesourcery/sourcery g++ lite/bin/../lib/gcc/arm-none-eabi/4.4.1/../../../../arm-none-eabi/lib/thumb2\libc.a(lib_a-errno.o)
 .data          0x00000000        0x0 c:/program files (x86)/codesourcery/sourcery g++ lite/bin/../lib/gcc/arm-none-eabi/4.4.1/../../../../arm-none-eabi/lib/thumb2\libc.a(lib_a-exit.o)
 .bss           0x00000000        0x0 c:/program files (x86)/codesourcery/sourcery g++ lite/bin/../lib/gcc/arm-none-eabi/4.4.1/../../../../arm-none-eabi/lib/thumb2\libc.a(lib_a-exit.o)
 .text          0x00000000        0x0 c:/program files (x86)/codesourcery/sourcery g++ lite/bin/../lib/gcc/arm-none-eabi/4.4.1/../../../../arm-none-eabi/lib/thumb2\libc.a(lib_a-impure.o)
 .bss           0x00000000        0x0 c:/program files (x86)/codesourcery/sourcery g++ lite/bin/../lib/gcc/arm-none-eabi/4.4.1/../../../../arm-none-eabi/lib/thumb2\libc.a(lib_a-impure.o)
 .data          0x00000000        0x0 c:/program files (x86)/codesourcery/sourcery g++ lite/bin/../lib/gcc/arm-none-eabi/4.4.1/../../../../arm-none-eabi/lib/thumb2\libc.a(lib_a-iprintf.o)
 .bss           0x00000000        0x0 c:/program files (x86)/codesourcery/sourcery g++ lite/bin/../lib/gcc/arm-none-eabi/4.4.1/../../../../arm-none-eabi/lib/thumb2\libc.a(lib_a-iprintf.o)
 .data          0x00000000        0x0 c:/program files (x86)/codesourcery/sourcery g++ lite/bin/../lib/gcc/arm-none-eabi/4.4.1/../../../../arm-none-eabi/lib/thumb2\libc.a(lib_a-malloc.o)
 .bss           0x00000000        0x0 c:/program files (x86)/codesourcery/sourcery g++ lite/bin/../lib/gcc/arm-none-eabi/4.4.1/../../../../arm-none-eabi/lib/thumb2\libc.a(lib_a-malloc.o)
 .data          0x00000000        0x0 c:/program files (x86)/codesourcery/sourcery g++ lite/bin/../lib/gcc/arm-none-eabi/4.4.1/../../../../arm-none-eabi/lib/thumb2\libc.a(lib_a-mlock.o)
 .bss           0x00000000        0x0 c:/program files (x86)/codesourcery/sourcery g++ lite/bin/../lib/gcc/arm-none-eabi/4.4.1/../../../../arm-none-eabi/lib/thumb2\libc.a(lib_a-mlock.o)
 .data          0x00000000        0x0 c:/program files (x86)/codesourcery/sourcery g++ lite/bin/../lib/gcc/arm-none-eabi/4.4.1/../../../../arm-none-eabi/lib/thumb2\libc.a(lib_a-sbrkr.o)
 .bss           0x00000000        0x0 c:/program files (x86)/codesourcery/sourcery g++ lite/bin/../lib/gcc/arm-none-eabi/4.4.1/../../../../arm-none-eabi/lib/thumb2\libc.a(lib_a-sbrkr.o)
 .data          0x00000000        0x0 c:/program files (x86)/codesourcery/sourcery g++ lite/bin/../lib/gcc/arm-none-eabi/4.4.1/../../../../arm-none-eabi/lib/thumb2\libc.a(lib_a-setjmp.o)
 .bss           0x00000000        0x0 c:/program files (x86)/codesourcery/sourcery g++ lite/bin/../lib/gcc/arm-none-eabi/4.4.1/../../../../arm-none-eabi/lib/thumb2\libc.a(lib_a-setjmp.o)
 .data          0x00000000        0x0 c:/program files (x86)/codesourcery/sourcery g++ lite/bin/../lib/gcc/arm-none-eabi/4.4.1/../../../../arm-none-eabi/lib/thumb2\libc.a(lib_a-vfiprintf.o)
 .bss           0x00000000        0x0 c:/program files (x86)/codesourcery/sourcery g++ lite/bin/../lib/gcc/arm-none-eabi/4.4.1/../../../../arm-none-eabi/lib/thumb2\libc.a(lib_a-vfiprintf.o)
 .data          0x00000000        0x0 c:/program files (x86)/codesourcery/sourcery g++ lite/bin/../lib/gcc/arm-none-eabi/4.4.1/../../../../arm-none-eabi/lib/thumb2\libc.a(lib_a-wsetup.o)
 .bss           0x00000000        0x0 c:/program files (x86)/codesourcery/sourcery g++ lite/bin/../lib/gcc/arm-none-eabi/4.4.1/../../../../arm-none-eabi/lib/thumb2\libc.a(lib_a-wsetup.o)
 .data          0x00000000        0x0 c:/program files (x86)/codesourcery/sourcery g++ lite/bin/../lib/gcc/arm-none-eabi/4.4.1/../../../../arm-none-eabi/lib/thumb2\libc.a(lib_a-__call_atexit.o)
 .bss           0x00000000        0x0 c:/program files (x86)/codesourcery/sourcery g++ lite/bin/../lib/gcc/arm-none-eabi/4.4.1/../../../../arm-none-eabi/lib/thumb2\libc.a(lib_a-__call_atexit.o)
 .init_array.00000
                0x00000000        0x4 c:/program files (x86)/codesourcery/sourcery g++ lite/bin/../lib/gcc/arm-none-eabi/4.4.1/../../../../arm-none-eabi/lib/thumb2\libc.a(lib_a-__call_atexit.o)
 .data          0x00000000        0x0 c:/program files (x86)/codesourcery/sourcery g++ lite/bin/../lib/gcc/arm-none-eabi/4.4.1/../../../../arm-none-eabi/lib/thumb2\libc.a(lib_a-atexit.o)
 .bss           0x00000000        0x0 c:/program files (x86)/codesourcery/sourcery g++ lite/bin/../lib/gcc/arm-none-eabi/4.4.1/../../../../arm-none-eabi/lib/thumb2\libc.a(lib_a-atexit.o)
 .data          0x00000000        0x0 c:/program files (x86)/codesourcery/sourcery g++ lite/bin/../lib/gcc/arm-none-eabi/4.4.1/../../../../arm-none-eabi/lib/thumb2\libc.a(lib_a-fflush.o)
 .bss           0x00000000        0x0 c:/program files (x86)/codesourcery/sourcery g++ lite/bin/../lib/gcc/arm-none-eabi/4.4.1/../../../../arm-none-eabi/lib/thumb2\libc.a(lib_a-fflush.o)
 .data          0x00000000        0x0 c:/program files (x86)/codesourcery/sourcery g++ lite/bin/../lib/gcc/arm-none-eabi/4.4.1/../../../../arm-none-eabi/lib/thumb2\libc.a(lib_a-findfp.o)
 .bss           0x00000000        0x0 c:/program files (x86)/codesourcery/sourcery g++ lite/bin/../lib/gcc/arm-none-eabi/4.4.1/../../../../arm-none-eabi/lib/thumb2\libc.a(lib_a-findfp.o)
 .data          0x00000000        0x0 c:/program files (x86)/codesourcery/sourcery g++ lite/bin/../lib/gcc/arm-none-eabi/4.4.1/../../../../arm-none-eabi/lib/thumb2\libc.a(lib_a-fini.o)
 .bss           0x00000000        0x0 c:/program files (x86)/codesourcery/sourcery g++ lite/bin/../lib/gcc/arm-none-eabi/4.4.1/../../../../arm-none-eabi/lib/thumb2\libc.a(lib_a-fini.o)
 .data          0x00000000        0x0 c:/program files (x86)/codesourcery/sourcery g++ lite/bin/../lib/gcc/arm-none-eabi/4.4.1/../../../../arm-none-eabi/lib/thumb2\libc.a(lib_a-freer.o)
 .bss           0x00000000        0x0 c:/program files (x86)/codesourcery/sourcery g++ lite/bin/../lib/gcc/arm-none-eabi/4.4.1/../../../../arm-none-eabi/lib/thumb2\libc.a(lib_a-freer.o)
 .data          0x00000000        0x0 c:/program files (x86)/codesourcery/sourcery g++ lite/bin/../lib/gcc/arm-none-eabi/4.4.1/../../../../arm-none-eabi/lib/thumb2\libc.a(lib_a-fvwrite.o)
 .bss           0x00000000        0x0 c:/program files (x86)/codesourcery/sourcery g++ lite/bin/../lib/gcc/arm-none-eabi/4.4.1/../../../../arm-none-eabi/lib/thumb2\libc.a(lib_a-fvwrite.o)
 .data          0x00000000        0x0 c:/program files (x86)/codesourcery/sourcery g++ lite/bin/../lib/gcc/arm-none-eabi/4.4.1/../../../../arm-none-eabi/lib/thumb2\libc.a(lib_a-fwalk.o)
 .bss           0x00000000        0x0 c:/program files (x86)/codesourcery/sourcery g++ lite/bin/../lib/gcc/arm-none-eabi/4.4.1/../../../../arm-none-eabi/lib/thumb2\libc.a(lib_a-fwalk.o)
 .data          0x00000000        0x0 c:/program files (x86)/codesourcery/sourcery g++ lite/bin/../lib/gcc/arm-none-eabi/4.4.1/../../../../arm-none-eabi/lib/thumb2\libc.a(lib_a-makebuf.o)
 .bss           0x00000000        0x0 c:/program files (x86)/codesourcery/sourcery g++ lite/bin/../lib/gcc/arm-none-eabi/4.4.1/../../../../arm-none-eabi/lib/thumb2\libc.a(lib_a-makebuf.o)
 .data          0x00000000        0x0 c:/program files (x86)/codesourcery/sourcery g++ lite/bin/../lib/gcc/arm-none-eabi/4.4.1/../../../../arm-none-eabi/lib/thumb2\libc.a(lib_a-memchr.o)
 .bss           0x00000000        0x0 c:/program files (x86)/codesourcery/sourcery g++ lite/bin/../lib/gcc/arm-none-eabi/4.4.1/../../../../arm-none-eabi/lib/thumb2\libc.a(lib_a-memchr.o)
 .data          0x00000000        0x0 c:/program files (x86)/codesourcery/sourcery g++ lite/bin/../lib/gcc/arm-none-eabi/4.4.1/../../../../arm-none-eabi/lib/thumb2\libc.a(lib_a-memcpy.o)
 .bss           0x00000000        0x0 c:/program files (x86)/codesourcery/sourcery g++ lite/bin/../lib/gcc/arm-none-eabi/4.4.1/../../../../arm-none-eabi/lib/thumb2\libc.a(lib_a-memcpy.o)
 .data          0x00000000        0x0 c:/program files (x86)/codesourcery/sourcery g++ lite/bin/../lib/gcc/arm-none-eabi/4.4.1/../../../../arm-none-eabi/lib/thumb2\libc.a(lib_a-memmove.o)
 .bss           0x00000000        0x0 c:/program files (x86)/codesourcery/sourcery g++ lite/bin/../lib/gcc/arm-none-eabi/4.4.1/../../../../arm-none-eabi/lib/thumb2\libc.a(lib_a-memmove.o)
 .data          0x00000000        0x0 c:/program files (x86)/codesourcery/sourcery g++ lite/bin/../lib/gcc/arm-none-eabi/4.4.1/../../../../arm-none-eabi/lib/thumb2\libc.a(lib_a-memset.o)
 .bss           0x00000000        0x0 c:/program files (x86)/codesourcery/sourcery g++ lite/bin/../lib/gcc/arm-none-eabi/4.4.1/../../../../arm-none-eabi/lib/thumb2\libc.a(lib_a-memset.o)
 .data          0x00000000        0x0 c:/program files (x86)/codesourcery/sourcery g++ lite/bin/../lib/gcc/arm-none-eabi/4.4.1/../../../../arm-none-eabi/lib/thumb2\libc.a(lib_a-reallocr.o)
 .bss           0x00000000        0x0 c:/program files (x86)/codesourcery/sourcery g++ lite/bin/../lib/gcc/arm-none-eabi/4.4.1/../../../../arm-none-eabi/lib/thumb2\libc.a(lib_a-reallocr.o)
 .text          0x00000000      0x10c c:/program files (x86)/codesourcery/sourcery g++ lite/bin/../lib/gcc/arm-none-eabi/4.4.1/../../../../arm-none-eabi/lib/thumb2\libc.a(lib_a-reent.o)
 .data          0x00000000        0x0 c:/program files (x86)/codesourcery/sourcery g++ lite/bin/../lib/gcc/arm-none-eabi/4.4.1/../../../../arm-none-eabi/lib/thumb2\libc.a(lib_a-reent.o)
 .bss           0x00000000        0x0 c:/program files (x86)/codesourcery/sourcery g++ lite/bin/../lib/gcc/arm-none-eabi/4.4.1/../../../../arm-none-eabi/lib/thumb2\libc.a(lib_a-reent.o)
 .data          0x00000000        0x0 c:/program files (x86)/codesourcery/sourcery g++ lite/bin/../lib/gcc/arm-none-eabi/4.4.1/../../../../arm-none-eabi/lib/thumb2\libc.a(lib_a-stdio.o)
 .bss           0x00000000        0x0 c:/program files (x86)/codesourcery/sourcery g++ lite/bin/../lib/gcc/arm-none-eabi/4.4.1/../../../../arm-none-eabi/lib/thumb2\libc.a(lib_a-stdio.o)
 .data          0x00000000        0x0 c:/program files (x86)/codesourcery/sourcery g++ lite/bin/../lib/gcc/arm-none-eabi/4.4.1/../../../../arm-none-eabi/lib/thumb2\libc.a(lib_a-strlen.o)
 .bss           0x00000000        0x0 c:/program files (x86)/codesourcery/sourcery g++ lite/bin/../lib/gcc/arm-none-eabi/4.4.1/../../../../arm-none-eabi/lib/thumb2\libc.a(lib_a-strlen.o)
 .data          0x00000000        0x0 c:/program files (x86)/codesourcery/sourcery g++ lite/bin/../lib/gcc/arm-none-eabi/4.4.1/../../../../arm-none-eabi/lib/thumb2\libc.a(lib_a-writer.o)
 .bss           0x00000000        0x0 c:/program files (x86)/codesourcery/sourcery g++ lite/bin/../lib/gcc/arm-none-eabi/4.4.1/../../../../arm-none-eabi/lib/thumb2\libc.a(lib_a-writer.o)
 .data          0x00000000        0x0 c:/program files (x86)/codesourcery/sourcery g++ lite/bin/../lib/gcc/arm-none-eabi/4.4.1/../../../../arm-none-eabi/lib/thumb2\libc.a(lib_a-__atexit.o)
 .bss           0x00000000        0x0 c:/program files (x86)/codesourcery/sourcery g++ lite/bin/../lib/gcc/arm-none-eabi/4.4.1/../../../../arm-none-eabi/lib/thumb2\libc.a(lib_a-__atexit.o)
 .data          0x00000000        0x0 c:/program files (x86)/codesourcery/sourcery g++ lite/bin/../lib/gcc/arm-none-eabi/4.4.1/../../../../arm-none-eabi/lib/thumb2\libc.a(lib_a-closer.o)
 .bss           0x00000000        0x0 c:/program files (x86)/codesourcery/sourcery g++ lite/bin/../lib/gcc/arm-none-eabi/4.4.1/../../../../arm-none-eabi/lib/thumb2\libc.a(lib_a-closer.o)
 .data          0x00000000        0x0 c:/program files (x86)/codesourcery/sourcery g++ lite/bin/../lib/gcc/arm-none-eabi/4.4.1/../../../../arm-none-eabi/lib/thumb2\libc.a(lib_a-fclose.o)
 .bss           0x00000000        0x0 c:/program files (x86)/codesourcery/sourcery g++ lite/bin/../lib/gcc/arm-none-eabi/4.4.1/../../../../arm-none-eabi/lib/thumb2\libc.a(lib_a-fclose.o)
 .data          0x00000000        0x0 c:/program files (x86)/codesourcery/sourcery g++ lite/bin/../lib/gcc/arm-none-eabi/4.4.1/../../../../arm-none-eabi/lib/thumb2\libc.a(lib_a-fstatr.o)
 .bss           0x00000000        0x0 c:/program files (x86)/codesourcery/sourcery g++ lite/bin/../lib/gcc/arm-none-eabi/4.4.1/../../../../arm-none-eabi/lib/thumb2\libc.a(lib_a-fstatr.o)
 .data          0x00000000        0x0 c:/program files (x86)/codesourcery/sourcery g++ lite/bin/../lib/gcc/arm-none-eabi/4.4.1/../../../../arm-none-eabi/lib/thumb2\libc.a(lib_a-isattyr.o)
 .bss           0x00000000        0x0 c:/program files (x86)/codesourcery/sourcery g++ lite/bin/../lib/gcc/arm-none-eabi/4.4.1/../../../../arm-none-eabi/lib/thumb2\libc.a(lib_a-isattyr.o)
 .data          0x00000000        0x0 c:/program files (x86)/codesourcery/sourcery g++ lite/bin/../lib/gcc/arm-none-eabi/4.4.1/../../../../arm-none-eabi/lib/thumb2\libc.a(lib_a-lseekr.o)
 .bss           0x00000000        0x0 c:/program files (x86)/codesourcery/sourcery g++ lite/bin/../lib/gcc/arm-none-eabi/4.4.1/../../../../arm-none-eabi/lib/thumb2\libc.a(lib_a-lseekr.o)
 .data          0x00000000        0x0 c:/program files (x86)/codesourcery/sourcery g++ lite/bin/../lib/gcc/arm-none-eabi/4.4.1/../../../../arm-none-eabi/lib/thumb2\libc.a(lib_a-readr.o)
 .bss           0x00000000        0x0 c:/program files (x86)/codesourcery/sourcery g++ lite/bin/../lib/gcc/arm-none-eabi/4.4.1/../../../../arm-none-eabi/lib/thumb2\libc.a(lib_a-readr.o)
 .data          0x00000000        0x0 c:/program files (x86)/codesourcery/sourcery g++ lite/bin/../lib/gcc/arm-none-eabi/4.4.1/thumb2\libgcc.a(_aeabi_uldivmod.o)
 .bss           0x00000000        0x0 c:/program files (x86)/codesourcery/sourcery g++ lite/bin/../lib/gcc/arm-none-eabi/4.4.1/thumb2\libgcc.a(_aeabi_uldivmod.o)
 .data          0x00000000        0x0 c:/program files (x86)/codesourcery/sourcery g++ lite/bin/../lib/gcc/arm-none-eabi/4.4.1/thumb2\libgcc.a(bpabi.o)
 .bss           0x00000000        0x0 c:/program files (x86)/codesourcery/sourcery g++ lite/bin/../lib/gcc/arm-none-eabi/4.4.1/thumb2\libgcc.a(bpabi.o)
 .data          0x00000000        0x0 c:/program files (x86)/codesourcery/sourcery g++ lite/bin/../lib/gcc/arm-none-eabi/4.4.1/thumb2\libgcc.a(_dvmd_tls.o)
 .bss           0x00000000        0x0 c:/program files (x86)/codesourcery/sourcery g++ lite/bin/../lib/gcc/arm-none-eabi/4.4.1/thumb2\libgcc.a(_dvmd_tls.o)
 .data          0x00000000        0x0 c:/program files (x86)/codesourcery/sourcery g++ lite/bin/../lib/gcc/arm-none-eabi/4.4.1/thumb2\libgcc.a(_divdi3.o)
 .bss           0x00000000        0x0 c:/program files (x86)/codesourcery/sourcery g++ lite/bin/../lib/gcc/arm-none-eabi/4.4.1/thumb2\libgcc.a(_divdi3.o)
 .ARM.extab     0x00000000        0x0 c:/program files (x86)/codesourcery/sourcery g++ lite/bin/../lib/gcc/arm-none-eabi/4.4.1/thumb2\libgcc.a(_divdi3.o)
 .data          0x00000000        0x0 c:/program files (x86)/codesourcery/sourcery g++ lite/bin/../lib/gcc/arm-none-eabi/4.4.1/thumb2\libgcc.a(_udivdi3.o)
 .bss           0x00000000        0x0 c:/program files (x86)/codesourcery/sourcery g++ lite/bin/../lib/gcc/arm-none-eabi/4.4.1/thumb2\libgcc.a(_udivdi3.o)
 .ARM.extab     0x00000000        0x0 c:/program files (x86)/codesourcery/sourcery g++ lite/bin/../lib/gcc/arm-none-eabi/4.4.1/thumb2\libgcc.a(_udivdi3.o)
 .data          0x00000000        0x0 c:/program files (x86)/codesourcery/sourcery g++ lite/bin/../lib/gcc/arm-none-eabi/4.4.1/thumb2\libgcc.a(_udivsi3.o)
 .bss           0x00000000        0x0 c:/program files (x86)/codesourcery/sourcery g++ lite/bin/../lib/gcc/arm-none-eabi/4.4.1/thumb2\libgcc.a(_udivsi3.o)
 .text          0x00000000        0x0 c:/program files (x86)/codesourcery/sourcery g++ lite/bin/../lib/gcc/arm-none-eabi/4.4.1/thumb2/crtend.o
 .data          0x00000000        0x0 c:/program files (x86)/codesourcery/sourcery g++ lite/bin/../lib/gcc/arm-none-eabi/4.4.1/thumb2/crtend.o
 .bss           0x00000000        0x0 c:/program files (x86)/codesourcery/sourcery g++ lite/bin/../lib/gcc/arm-none-eabi/4.4.1/thumb2/crtend.o
 .jcr           0x00000000        0x4 c:/program files (x86)/codesourcery/sourcery g++ lite/bin/../lib/gcc/arm-none-eabi/4.4.1/thumb2/crtend.o
 .text          0x00000000        0x0 c:/program files (x86)/codesourcery/sourcery g++ lite/bin/../lib/gcc/arm-none-eabi/4.4.1/thumb2/crtn.o
 .data          0x00000000        0x0 c:/program files (x86)/codesourcery/sourcery g++ lite/bin/../lib/gcc/arm-none-eabi/4.4.1/thumb2/crtn.o
 .bss           0x00000000        0x0 c:/program files (x86)/codesourcery/sourcery g++ lite/bin/../lib/gcc/arm-none-eabi/4.4.1/thumb2/crtn.o
 .init          0x00000000        0x8 c:/program files (x86)/codesourcery/sourcery g++ lite/bin/../lib/gcc/arm-none-eabi/4.4.1/thumb2/crtn.o
 .fini          0x00000000        0x8 c:/program files (x86)/codesourcery/sourcery g++ lite/bin/../lib/gcc/arm-none-eabi/4.4.1/thumb2/crtn.o

Memory Configuration

Name             Origin             Length             Attributes
FLASH            0x00000000         0x00040000         xr
SRAM             0x20000000         0x00010000         xrw
*default*        0x00000000         0xffffffff

Linker script and memory map

LOAD c:/program files (x86)/codesourcery/sourcery g++ lite/bin/../lib/gcc/arm-none-eabi/4.4.1/thumb2/crti.o
LOAD c:/program files (x86)/codesourcery/sourcery g++ lite/bin/../lib/gcc/arm-none-eabi/4.4.1/thumb2/crtbegin.o
LOAD C:\cygwin\tmp\ccWM44Qw.o
LOAD C:\cygwin\tmp\ccESiWbi.o
LOAD C:\cygwin\tmp\ccK8hGy8.o
LOAD C:\cygwin\tmp\cc41nbq7.o
LOAD C:\cygwin\tmp\ccQRuRE8.o
LOAD C:\cygwin\tmp\cc8JEc8b.o
LOAD C:/StellarisWare/driverlib/gcc\libdriver.a
START GROUP
LOAD c:/program files (x86)/codesourcery/sourcery g++ lite/bin/../lib/gcc/arm-none-eabi/4.4.1/thumb2\libgcc.a
LOAD c:/program files (x86)/codesourcery/sourcery g++ lite/bin/../lib/gcc/arm-none-eabi/4.4.1/../../../../arm-none-eabi/lib/thumb2\libc.a
END GROUP
LOAD c:/program files (x86)/codesourcery/sourcery g++ lite/bin/../lib/gcc/arm-none-eabi/4.4.1/thumb2/crtend.o
LOAD c:/program files (x86)/codesourcery/sourcery g++ lite/bin/../lib/gcc/arm-none-eabi/4.4.1/thumb2/crtn.o

.text           0x00000000     0x46ac
                0x00000000                _text = .
 *(.isr_vector)
 .isr_vector    0x00000000       0xf0 C:\cygwin\tmp\ccESiWbi.o
                0x00000000                g_pfnVectors
 *(.text*)
 .text          0x000000f0      0x1c4 C:\cygwin\tmp\ccWM44Qw.o
                0x000000f0                lock_init
                0x000000fc                lock_indicate_failure
                0x00000108                lock_acquire
                0x00000126                lock_release
                0x00000128                yield
                0x00000154                threadStarter
                0x00000180                scheduler
                0x00000200                main
 .text          0x000002b4       0x48 C:\cygwin\tmp\ccESiWbi.o
                0x000002ba                ResetISR
 .text          0x000002fc       0xd8 C:\cygwin\tmp\ccK8hGy8.o
                0x000002fc                _lseek
                0x00000300                _open
                0x00000308                _close
                0x0000030c                _exit
                0x0000030e                _kill
                0x00000312                _getpid
                0x00000316                _fstat
                0x0000031a                _stat
                0x00000320                _link
                0x00000326                _unlink
                0x0000032c                _raise
                0x0000032e                _gettimeofday
                0x00000332                _times
                0x00000336                _isatty
                0x0000033a                _rename
                0x0000034a                _system
                0x0000035e                _sbrk
                0x00000390                _write
                0x000003b0                _read
 .text          0x000003d4      0x368 C:\cygwin\tmp\cc41nbq7.o
                0x00000414                RIT128x96x4DisplayOff
                0x00000420                RIT128x96x4DisplayOn
                0x00000480                RIT128x96x4ImageDraw
                0x000004e8                RIT128x96x4StringDraw
                0x000005c0                RIT128x96x4Clear
                0x00000614                RIT128x96x4Disable
                0x0000065c                RIT128x96x4Enable
                0x000006b8                RIT128x96x4Init
 .text          0x0000073c       0x10 C:\cygwin\tmp\ccQRuRE8.o
                0x0000073c                createThread
 .text          0x0000074c       0x74 C:\cygwin\tmp\cc8JEc8b.o
                0x0000074c                thread2
                0x00000780                thread1
 .text.GPIODirModeSet
                0x000007c0       0x3c C:/StellarisWare/driverlib/gcc\libdriver.a(gpio.o)
                0x000007c0                GPIODirModeSet
 .text.GPIOPadConfigSet
                0x000007fc      0x110 C:/StellarisWare/driverlib/gcc\libdriver.a(gpio.o)
                0x000007fc                GPIOPadConfigSet
 .text.GPIOPinWrite
                0x0000090c        0x8 C:/StellarisWare/driverlib/gcc\libdriver.a(gpio.o)
                0x0000090c                GPIOPinWrite
 .text.GPIOPinTypeGPIOOutput
                0x00000914       0x1c C:/StellarisWare/driverlib/gcc\libdriver.a(gpio.o)
                0x00000914                GPIOPinTypeGPIOOutput
 .text.GPIOPinTypeSSI
                0x00000930       0x1c C:/StellarisWare/driverlib/gcc\libdriver.a(gpio.o)
                0x00000930                GPIOPinTypeSSI
 .text.GPIOPinTypeUART
                0x0000094c       0x1c C:/StellarisWare/driverlib/gcc\libdriver.a(gpio.o)
                0x0000094c                GPIOPinTypeUART
 .text.SSIConfigSetExpClk
                0x00000968       0x50 C:/StellarisWare/driverlib/gcc\libdriver.a(ssi.o)
                0x00000968                SSIConfigSetExpClk
 .text.SSIEnable
                0x000009b8        0xc C:/StellarisWare/driverlib/gcc\libdriver.a(ssi.o)
                0x000009b8                SSIEnable
 .text.SSIDisable
                0x000009c4        0xc C:/StellarisWare/driverlib/gcc\libdriver.a(ssi.o)
                0x000009c4                SSIDisable
 .text.SSIDataPut
                0x000009d0        0xc C:/StellarisWare/driverlib/gcc\libdriver.a(ssi.o)
                0x000009d0                SSIDataPut
 .text.SSIDataGet
                0x000009dc       0x10 C:/StellarisWare/driverlib/gcc\libdriver.a(ssi.o)
                0x000009dc                SSIDataGet
 .text.SSIDataGetNonBlocking
                0x000009ec       0x14 C:/StellarisWare/driverlib/gcc\libdriver.a(ssi.o)
                0x000009ec                SSIDataGetNonBlocking
 .text.SysCtlPeripheralEnable
                0x00000a00       0x1c C:/StellarisWare/driverlib/gcc\libdriver.a(sysctl.o)
                0x00000a00                SysCtlPeripheralEnable
 .text.SysCtlDelay
                0x00000a1c        0x8 C:/StellarisWare/driverlib/gcc\libdriver.a(sysctl.o)
                0x00000a1c                SysCtlDelay
 .text.SysCtlClockSet
                0x00000a24      0x160 C:/StellarisWare/driverlib/gcc\libdriver.a(sysctl.o)
                0x00000a24                SysCtlClockSet
 .text.SysCtlClockGet
                0x00000b84      0x1d8 C:/StellarisWare/driverlib/gcc\libdriver.a(sysctl.o)
                0x00000b84                SysCtlClockGet
 .text.UARTEnable
                0x00000d5c       0x18 C:/StellarisWare/driverlib/gcc\libdriver.a(uart.o)
                0x00000d5c                UARTEnable
 .text.UARTDisable
                0x00000d74       0x20 C:/StellarisWare/driverlib/gcc\libdriver.a(uart.o)
                0x00000d74                UARTDisable
 .text.UARTConfigSetExpClk
                0x00000d94       0x48 C:/StellarisWare/driverlib/gcc\libdriver.a(uart.o)
                0x00000d94                UARTConfigSetExpClk
 .text.UARTCharGetNonBlocking
                0x00000ddc       0x10 C:/StellarisWare/driverlib/gcc\libdriver.a(uart.o)
                0x00000ddc                UARTCharGetNonBlocking
 .text.UARTCharPut
                0x00000dec        0xc C:/StellarisWare/driverlib/gcc\libdriver.a(uart.o)
                0x00000dec                UARTCharPut
 .text          0x00000df8        0xc c:/program files (x86)/codesourcery/sourcery g++ lite/bin/../lib/gcc/arm-none-eabi/4.4.1/../../../../arm-none-eabi/lib/thumb2\libc.a(lib_a-errno.o)
                0x00000df8                __errno
 .text          0x00000e04       0x20 c:/program files (x86)/codesourcery/sourcery g++ lite/bin/../lib/gcc/arm-none-eabi/4.4.1/../../../../arm-none-eabi/lib/thumb2\libc.a(lib_a-exit.o)
                0x00000e04                exit
 .text          0x00000e24       0x64 c:/program files (x86)/codesourcery/sourcery g++ lite/bin/../lib/gcc/arm-none-eabi/4.4.1/../../../../arm-none-eabi/lib/thumb2\libc.a(lib_a-iprintf.o)
                0x00000e24                _iprintf_r
                0x00000e50                iprintf
 .text          0x00000e88       0x20 c:/program files (x86)/codesourcery/sourcery g++ lite/bin/../lib/gcc/arm-none-eabi/4.4.1/../../../../arm-none-eabi/lib/thumb2\libc.a(lib_a-malloc.o)
                0x00000e88                free
                0x00000e98                malloc
 .text          0x00000ea8      0x5a4 c:/program files (x86)/codesourcery/sourcery g++ lite/bin/../lib/gcc/arm-none-eabi/4.4.1/../../../../arm-none-eabi/lib/thumb2\libc.a(lib_a-mallocr.o)
                0x00000ea8                _malloc_r
 .text          0x0000144c        0x8 c:/program files (x86)/codesourcery/sourcery g++ lite/bin/../lib/gcc/arm-none-eabi/4.4.1/../../../../arm-none-eabi/lib/thumb2\libc.a(lib_a-mlock.o)
                0x0000144c                __malloc_lock
                0x00001450                __malloc_unlock
 .text          0x00001454       0x28 c:/program files (x86)/codesourcery/sourcery g++ lite/bin/../lib/gcc/arm-none-eabi/4.4.1/../../../../arm-none-eabi/lib/thumb2\libc.a(lib_a-sbrkr.o)
                0x00001454                _sbrk_r
 .text          0x0000147c       0x1c c:/program files (x86)/codesourcery/sourcery g++ lite/bin/../lib/gcc/arm-none-eabi/4.4.1/../../../../arm-none-eabi/lib/thumb2\libc.a(lib_a-setjmp.o)
                0x0000147c                setjmp
                0x00001488                longjmp
 .text          0x00001498      0xd38 c:/program files (x86)/codesourcery/sourcery g++ lite/bin/../lib/gcc/arm-none-eabi/4.4.1/../../../../arm-none-eabi/lib/thumb2\libc.a(lib_a-vfiprintf.o)
                0x000014b4                _vfiprintf_r
                0x000021b4                vfiprintf
 .text          0x000021d0      0x104 c:/program files (x86)/codesourcery/sourcery g++ lite/bin/../lib/gcc/arm-none-eabi/4.4.1/../../../../arm-none-eabi/lib/thumb2\libc.a(lib_a-wsetup.o)
                0x000021d0                __swsetup_r
 .text          0x000022d4      0x130 c:/program files (x86)/codesourcery/sourcery g++ lite/bin/../lib/gcc/arm-none-eabi/4.4.1/../../../../arm-none-eabi/lib/thumb2\libc.a(lib_a-__call_atexit.o)
                0x000022d4                __call_exitprocs
 .text          0x00002404        0xc c:/program files (x86)/codesourcery/sourcery g++ lite/bin/../lib/gcc/arm-none-eabi/4.4.1/../../../../arm-none-eabi/lib/thumb2\libc.a(lib_a-atexit.o)
                0x00002404                atexit
 .text          0x00002410      0x178 c:/program files (x86)/codesourcery/sourcery g++ lite/bin/../lib/gcc/arm-none-eabi/4.4.1/../../../../arm-none-eabi/lib/thumb2\libc.a(lib_a-fflush.o)
                0x00002410                _fflush_r
                0x00002560                fflush
 .text          0x00002588      0x1c8 c:/program files (x86)/codesourcery/sourcery g++ lite/bin/../lib/gcc/arm-none-eabi/4.4.1/../../../../arm-none-eabi/lib/thumb2\libc.a(lib_a-findfp.o)
                0x00002588                __sfp_lock_acquire
                0x0000258c                __sfp_lock_release
                0x00002590                __sinit_lock_acquire
                0x00002594                __sinit_lock_release
                0x000025a0                __fp_unlock_all
                0x000025b8                __fp_lock_all
                0x000025d0                _cleanup_r
                0x000025dc                _cleanup
                0x00002638                __sfmoreglue
                0x00002668                __sfp
                0x000026f0                __sinit
 .text          0x00002750       0x30 c:/program files (x86)/codesourcery/sourcery g++ lite/bin/../lib/gcc/arm-none-eabi/4.4.1/../../../../arm-none-eabi/lib/thumb2\libc.a(lib_a-fini.o)
                0x00002750                __libc_fini_array
 .text          0x00002780      0x268 c:/program files (x86)/codesourcery/sourcery g++ lite/bin/../lib/gcc/arm-none-eabi/4.4.1/../../../../arm-none-eabi/lib/thumb2\libc.a(lib_a-freer.o)
                0x00002780                _malloc_trim_r
                0x00002828                _free_r
 .text          0x000029e8      0x334 c:/program files (x86)/codesourcery/sourcery g++ lite/bin/../lib/gcc/arm-none-eabi/4.4.1/../../../../arm-none-eabi/lib/thumb2\libc.a(lib_a-fvwrite.o)
                0x000029e8                __sfvwrite_r
 .text          0x00002d1c       0xa0 c:/program files (x86)/codesourcery/sourcery g++ lite/bin/../lib/gcc/arm-none-eabi/4.4.1/../../../../arm-none-eabi/lib/thumb2\libc.a(lib_a-fwalk.o)
                0x00002d1c                _fwalk_reent
                0x00002d70                _fwalk
 .text          0x00002dbc       0xdc c:/program files (x86)/codesourcery/sourcery g++ lite/bin/../lib/gcc/arm-none-eabi/4.4.1/../../../../arm-none-eabi/lib/thumb2\libc.a(lib_a-makebuf.o)
                0x00002dbc                __smakebuf_r
 .text          0x00002e98       0x74 c:/program files (x86)/codesourcery/sourcery g++ lite/bin/../lib/gcc/arm-none-eabi/4.4.1/../../../../arm-none-eabi/lib/thumb2\libc.a(lib_a-memchr.o)
                0x00002e98                memchr
 .text          0x00002f0c      0x190 c:/program files (x86)/codesourcery/sourcery g++ lite/bin/../lib/gcc/arm-none-eabi/4.4.1/../../../../arm-none-eabi/lib/thumb2\libc.a(lib_a-memcpy.o)
                0x00002f0c                memcpy
 .text          0x0000309c       0xb8 c:/program files (x86)/codesourcery/sourcery g++ lite/bin/../lib/gcc/arm-none-eabi/4.4.1/../../../../arm-none-eabi/lib/thumb2\libc.a(lib_a-memmove.o)
                0x0000309c                memmove
 .text          0x00003154       0xd4 c:/program files (x86)/codesourcery/sourcery g++ lite/bin/../lib/gcc/arm-none-eabi/4.4.1/../../../../arm-none-eabi/lib/thumb2\libc.a(lib_a-memset.o)
                0x00003154                memset
 .text          0x00003228      0x3b4 c:/program files (x86)/codesourcery/sourcery g++ lite/bin/../lib/gcc/arm-none-eabi/4.4.1/../../../../arm-none-eabi/lib/thumb2\libc.a(lib_a-reallocr.o)
                0x00003228                _realloc_r
 .text          0x000035dc       0x90 c:/program files (x86)/codesourcery/sourcery g++ lite/bin/../lib/gcc/arm-none-eabi/4.4.1/../../../../arm-none-eabi/lib/thumb2\libc.a(lib_a-stdio.o)
                0x000035dc                __sclose
                0x000035e4                __sseek
                0x0000360c                __swrite
                0x00003648                __sread
 .text          0x0000366c       0x60 c:/program files (x86)/codesourcery/sourcery g++ lite/bin/../lib/gcc/arm-none-eabi/4.4.1/../../../../arm-none-eabi/lib/thumb2\libc.a(lib_a-strlen.o)
                0x0000366c                strlen
 .text          0x000036cc       0x2c c:/program files (x86)/codesourcery/sourcery g++ lite/bin/../lib/gcc/arm-none-eabi/4.4.1/../../../../arm-none-eabi/lib/thumb2\libc.a(lib_a-writer.o)
                0x000036cc                _write_r
 .text          0x000036f8       0xe8 c:/program files (x86)/codesourcery/sourcery g++ lite/bin/../lib/gcc/arm-none-eabi/4.4.1/../../../../arm-none-eabi/lib/thumb2\libc.a(lib_a-__atexit.o)
                0x000036f8                __register_exitproc
 .text          0x000037e0       0x28 c:/program files (x86)/codesourcery/sourcery g++ lite/bin/../lib/gcc/arm-none-eabi/4.4.1/../../../../arm-none-eabi/lib/thumb2\libc.a(lib_a-closer.o)
                0x000037e0                _close_r
 .text          0x00003808       0xcc c:/program files (x86)/codesourcery/sourcery g++ lite/bin/../lib/gcc/arm-none-eabi/4.4.1/../../../../arm-none-eabi/lib/thumb2\libc.a(lib_a-fclose.o)
                0x00003808                _fclose_r
                0x000038c4                fclose
 .text          0x000038d4       0x2c c:/program files (x86)/codesourcery/sourcery g++ lite/bin/../lib/gcc/arm-none-eabi/4.4.1/../../../../arm-none-eabi/lib/thumb2\libc.a(lib_a-fstatr.o)
                0x000038d4                _fstat_r
 .text          0x00003900       0x28 c:/program files (x86)/codesourcery/sourcery g++ lite/bin/../lib/gcc/arm-none-eabi/4.4.1/../../../../arm-none-eabi/lib/thumb2\libc.a(lib_a-isattyr.o)
                0x00003900                _isatty_r
 .text          0x00003928       0x2c c:/program files (x86)/codesourcery/sourcery g++ lite/bin/../lib/gcc/arm-none-eabi/4.4.1/../../../../arm-none-eabi/lib/thumb2\libc.a(lib_a-lseekr.o)
                0x00003928                _lseek_r
 .text          0x00003954       0x2c c:/program files (x86)/codesourcery/sourcery g++ lite/bin/../lib/gcc/arm-none-eabi/4.4.1/../../../../arm-none-eabi/lib/thumb2\libc.a(lib_a-readr.o)
                0x00003954                _read_r
 .text          0x00003980       0x2c c:/program files (x86)/codesourcery/sourcery g++ lite/bin/../lib/gcc/arm-none-eabi/4.4.1/thumb2\libgcc.a(_aeabi_uldivmod.o)
                0x00003980                __aeabi_uldivmod
 .text          0x000039ac       0x58 c:/program files (x86)/codesourcery/sourcery g++ lite/bin/../lib/gcc/arm-none-eabi/4.4.1/thumb2\libgcc.a(bpabi.o)
                0x000039ac                __gnu_uldivmod_helper
                0x000039d8                __gnu_ldivmod_helper
 .text          0x00003a04        0x4 c:/program files (x86)/codesourcery/sourcery g++ lite/bin/../lib/gcc/arm-none-eabi/4.4.1/thumb2\libgcc.a(_dvmd_tls.o)
                0x00003a04                __aeabi_idiv0
                0x00003a04                __aeabi_ldiv0
 .text          0x00003a08      0x364 c:/program files (x86)/codesourcery/sourcery g++ lite/bin/../lib/gcc/arm-none-eabi/4.4.1/thumb2\libgcc.a(_divdi3.o)
                0x00003a08                __divdi3
 .text          0x00003d6c      0x300 c:/program files (x86)/codesourcery/sourcery g++ lite/bin/../lib/gcc/arm-none-eabi/4.4.1/thumb2\libgcc.a(_udivdi3.o)
                0x00003d6c                __udivdi3
 *fill*         0x0000406c        0x4 00
 .text          0x00004070      0x278 c:/program files (x86)/codesourcery/sourcery g++ lite/bin/../lib/gcc/arm-none-eabi/4.4.1/thumb2\libgcc.a(_udivsi3.o)
                0x00004070                __aeabi_uidiv
                0x00004070                __udivsi3
                0x000042cc                __aeabi_uidivmod
 *(.rodata*)
 .rodata        0x000042e8        0x8 C:\cygwin\tmp\ccWM44Qw.o
 .rodata.str1.1
                0x000042f0       0x1f C:\cygwin\tmp\ccWM44Qw.o
 *fill*         0x0000430f        0x1 00
 .rodata        0x00004310      0x244 C:\cygwin\tmp\cc41nbq7.o
 .rodata.str1.1
                0x00004554       0x37 C:\cygwin\tmp\cc8JEc8b.o
 *fill*         0x0000458b        0x1 00
 .rodata.g_pulXtals
                0x0000458c       0x5c C:/StellarisWare/driverlib/gcc\libdriver.a(sysctl.o)
 .rodata.g_pulRCGCRegs
                0x000045e8        0xc C:/StellarisWare/driverlib/gcc\libdriver.a(sysctl.o)
 .rodata        0x000045f4        0x4 c:/program files (x86)/codesourcery/sourcery g++ lite/bin/../lib/gcc/arm-none-eabi/4.4.1/../../../../arm-none-eabi/lib/thumb2\libc.a(lib_a-impure.o)
                0x000045f4                _global_impure_ptr
 .rodata.str1.4
                0x000045f8        0x2 c:/program files (x86)/codesourcery/sourcery g++ lite/bin/../lib/gcc/arm-none-eabi/4.4.1/../../../../arm-none-eabi/lib/thumb2\libc.a(lib_a-impure.o)
                                  0x4 (size before relaxing)
 *fill*         0x000045fa        0x2 00
 .rodata        0x000045fc       0x20 c:/program files (x86)/codesourcery/sourcery g++ lite/bin/../lib/gcc/arm-none-eabi/4.4.1/../../../../arm-none-eabi/lib/thumb2\libc.a(lib_a-vfiprintf.o)
 .rodata.str1.4
                0x0000461c       0x30 c:/program files (x86)/codesourcery/sourcery g++ lite/bin/../lib/gcc/arm-none-eabi/4.4.1/../../../../arm-none-eabi/lib/thumb2\libc.a(lib_a-vfiprintf.o)
 .rodata        0x0000464c       0x60 c:/program files (x86)/codesourcery/sourcery g++ lite/bin/../lib/gcc/arm-none-eabi/4.4.1/../../../../arm-none-eabi/lib/thumb2\libc.a(lib_a-findfp.o)
                0x0000464c                __sf_fake_stdin
                0x0000466c                __sf_fake_stdout
                0x0000468c                __sf_fake_stderr

.glue_7         0x000046ac        0x0
 .glue_7        0x00000000        0x0 linker stubs

.glue_7t        0x000046ac        0x0
 .glue_7t       0x00000000        0x0 linker stubs

.vfp11_veneer   0x000046ac        0x0
 .vfp11_veneer  0x00000000        0x0 linker stubs

.v4_bx          0x000046ac        0x0
 .v4_bx         0x00000000        0x0 linker stubs

.fini           0x000046ac        0x4
 .fini          0x000046ac        0x4 c:/program files (x86)/codesourcery/sourcery g++ lite/bin/../lib/gcc/arm-none-eabi/4.4.1/thumb2/crti.o
                0x000046ac                _fini

.ARM.exidx      0x000046b0        0x8
 *(.ARM.exidx)
 .ARM.exidx     0x000046b0        0x8 c:/program files (x86)/codesourcery/sourcery g++ lite/bin/../lib/gcc/arm-none-eabi/4.4.1/thumb2\libgcc.a(_divdi3.o)
 .ARM.exidx     0x000046b8        0x0 c:/program files (x86)/codesourcery/sourcery g++ lite/bin/../lib/gcc/arm-none-eabi/4.4.1/thumb2\libgcc.a(_udivdi3.o)
                                  0x8 (size before relaxing)
                0x000046b8                _etext = .

.data           0x20000000      0x504 load address 0x000046b8
                0x20000000                _data = .
 *(vtable)
 *(.data*)
 .data          0x20000000       0xf4 c:/program files (x86)/codesourcery/sourcery g++ lite/bin/../lib/gcc/arm-none-eabi/4.4.1/../../../../arm-none-eabi/lib/thumb2\libc.a(lib_a-impure.o)
                0x20000000                _impure_ptr
 .data          0x200000f4      0x410 c:/program files (x86)/codesourcery/sourcery g++ lite/bin/../lib/gcc/arm-none-eabi/4.4.1/../../../../arm-none-eabi/lib/thumb2\libc.a(lib_a-mallocr.o)
                0x200000f4                __malloc_av_
                0x200004fc                __malloc_sbrk_base
                0x20000500                __malloc_trim_threshold
                0x20000504                _edata = .

.bss            0x20000504      0x174 load address 0x00004bbc
                0x20000504                _bss = .
 *(.bss*)
 .bss           0x20000504      0x124 C:\cygwin\tmp\ccWM44Qw.o
 .bss           0x20000628        0xc C:\cygwin\tmp\cc41nbq7.o
 .bss           0x20000634       0x34 c:/program files (x86)/codesourcery/sourcery g++ lite/bin/../lib/gcc/arm-none-eabi/4.4.1/../../../../arm-none-eabi/lib/thumb2\libc.a(lib_a-mallocr.o)
                0x20000634                __malloc_top_pad
                0x20000638                __malloc_current_mallinfo
                0x20000660                __malloc_max_sbrked_mem
                0x20000664                __malloc_max_total_mem
 *(COMMON)
 COMMON         0x20000668        0x8 C:\cygwin\tmp\ccWM44Qw.o
                0x20000668                threadlock
                0x2000066c                currThread
 COMMON         0x20000670        0x4 C:\cygwin\tmp\ccK8hGy8.o
                0x20000670                heap_end
 COMMON         0x20000674        0x4 c:/program files (x86)/codesourcery/sourcery g++ lite/bin/../lib/gcc/arm-none-eabi/4.4.1/../../../../arm-none-eabi/lib/thumb2\libc.a(lib_a-reent.o)
                0x20000674                errno
                0x20000678                _ebss = .
                0x20000678                end = .
OUTPUT(bin/proj3.elf elf32-littlearm)

.ARM.attributes
                0x00000000       0x25
 .ARM.attributes
                0x00000000       0x19 c:/program files (x86)/codesourcery/sourcery g++ lite/bin/../lib/gcc/arm-none-eabi/4.4.1/thumb2/crti.o
 .ARM.attributes
                0x00000019       0x29 c:/program files (x86)/codesourcery/sourcery g++ lite/bin/../lib/gcc/arm-none-eabi/4.4.1/thumb2/crtbegin.o
 .ARM.attributes
                0x00000042       0x31 C:\cygwin\tmp\ccWM44Qw.o
 .ARM.attributes
                0x00000073       0x31 C:\cygwin\tmp\ccESiWbi.o
 .ARM.attributes
                0x000000a4       0x31 C:\cygwin\tmp\ccK8hGy8.o
 .ARM.attributes
                0x000000d5       0x31 C:\cygwin\tmp\cc41nbq7.o
 .ARM.attributes
                0x00000106       0x1b C:\cygwin\tmp\ccQRuRE8.o
 .ARM.attributes
                0x00000121       0x31 C:\cygwin\tmp\cc8JEc8b.o
 .ARM.attributes
                0x00000152       0x31 C:/StellarisWare/driverlib/gcc\libdriver.a(gpio.o)
 .ARM.attributes
                0x00000183       0x31 C:/StellarisWare/driverlib/gcc\libdriver.a(interrupt.o)
 .ARM.attributes
                0x000001b4       0x31 C:/StellarisWare/driverlib/gcc\libdriver.a(ssi.o)
 .ARM.attributes
                0x000001e5       0x31 C:/StellarisWare/driverlib/gcc\libdriver.a(sysctl.o)
 .ARM.attributes
                0x00000216       0x31 C:/StellarisWare/driverlib/gcc\libdriver.a(uart.o)
 .ARM.attributes
                0x00000247       0x31 C:/StellarisWare/driverlib/gcc\libdriver.a(cpu.o)
 .ARM.attributes
                0x00000278       0x29 c:/program files (x86)/codesourcery/sourcery g++ lite/bin/../lib/gcc/arm-none-eabi/4.4.1/../../../../arm-none-eabi/lib/thumb2\libc.a(lib_a-errno.o)
 .ARM.attributes
                0x000002a1       0x29 c:/program files (x86)/codesourcery/sourcery g++ lite/bin/../lib/gcc/arm-none-eabi/4.4.1/../../../../arm-none-eabi/lib/thumb2\libc.a(lib_a-exit.o)
 .ARM.attributes
                0x000002ca       0x29 c:/program files (x86)/codesourcery/sourcery g++ lite/bin/../lib/gcc/arm-none-eabi/4.4.1/../../../../arm-none-eabi/lib/thumb2\libc.a(lib_a-impure.o)
 .ARM.attributes
                0x000002f3       0x29 c:/program files (x86)/codesourcery/sourcery g++ lite/bin/../lib/gcc/arm-none-eabi/4.4.1/../../../../arm-none-eabi/lib/thumb2\libc.a(lib_a-iprintf.o)
 .ARM.attributes
                0x0000031c       0x29 c:/program files (x86)/codesourcery/sourcery g++ lite/bin/../lib/gcc/arm-none-eabi/4.4.1/../../../../arm-none-eabi/lib/thumb2\libc.a(lib_a-malloc.o)
 .ARM.attributes
                0x00000345       0x29 c:/program files (x86)/codesourcery/sourcery g++ lite/bin/../lib/gcc/arm-none-eabi/4.4.1/../../../../arm-none-eabi/lib/thumb2\libc.a(lib_a-mallocr.o)
 .ARM.attributes
                0x0000036e       0x29 c:/program files (x86)/codesourcery/sourcery g++ lite/bin/../lib/gcc/arm-none-eabi/4.4.1/../../../../arm-none-eabi/lib/thumb2\libc.a(lib_a-mlock.o)
 .ARM.attributes
                0x00000397       0x29 c:/program files (x86)/codesourcery/sourcery g++ lite/bin/../lib/gcc/arm-none-eabi/4.4.1/../../../../arm-none-eabi/lib/thumb2\libc.a(lib_a-sbrkr.o)
 .ARM.attributes
                0x000003c0       0x19 c:/program files (x86)/codesourcery/sourcery g++ lite/bin/../lib/gcc/arm-none-eabi/4.4.1/../../../../arm-none-eabi/lib/thumb2\libc.a(lib_a-setjmp.o)
 .ARM.attributes
                0x000003d9       0x29 c:/program files (x86)/codesourcery/sourcery g++ lite/bin/../lib/gcc/arm-none-eabi/4.4.1/../../../../arm-none-eabi/lib/thumb2\libc.a(lib_a-vfiprintf.o)
 .ARM.attributes
                0x00000402       0x29 c:/program files (x86)/codesourcery/sourcery g++ lite/bin/../lib/gcc/arm-none-eabi/4.4.1/../../../../arm-none-eabi/lib/thumb2\libc.a(lib_a-wsetup.o)
 .ARM.attributes
                0x0000042b       0x29 c:/program files (x86)/codesourcery/sourcery g++ lite/bin/../lib/gcc/arm-none-eabi/4.4.1/../../../../arm-none-eabi/lib/thumb2\libc.a(lib_a-__call_atexit.o)
 .ARM.attributes
                0x00000454       0x29 c:/program files (x86)/codesourcery/sourcery g++ lite/bin/../lib/gcc/arm-none-eabi/4.4.1/../../../../arm-none-eabi/lib/thumb2\libc.a(lib_a-atexit.o)
 .ARM.attributes
                0x0000047d       0x29 c:/program files (x86)/codesourcery/sourcery g++ lite/bin/../lib/gcc/arm-none-eabi/4.4.1/../../../../arm-none-eabi/lib/thumb2\libc.a(lib_a-fflush.o)
 .ARM.attributes
                0x000004a6       0x29 c:/program files (x86)/codesourcery/sourcery g++ lite/bin/../lib/gcc/arm-none-eabi/4.4.1/../../../../arm-none-eabi/lib/thumb2\libc.a(lib_a-findfp.o)
 .ARM.attributes
                0x000004cf       0x29 c:/program files (x86)/codesourcery/sourcery g++ lite/bin/../lib/gcc/arm-none-eabi/4.4.1/../../../../arm-none-eabi/lib/thumb2\libc.a(lib_a-fini.o)
 .ARM.attributes
                0x000004f8       0x29 c:/program files (x86)/codesourcery/sourcery g++ lite/bin/../lib/gcc/arm-none-eabi/4.4.1/../../../../arm-none-eabi/lib/thumb2\libc.a(lib_a-freer.o)
 .ARM.attributes
                0x00000521       0x29 c:/program files (x86)/codesourcery/sourcery g++ lite/bin/../lib/gcc/arm-none-eabi/4.4.1/../../../../arm-none-eabi/lib/thumb2\libc.a(lib_a-fvwrite.o)
 .ARM.attributes
                0x0000054a       0x29 c:/program files (x86)/codesourcery/sourcery g++ lite/bin/../lib/gcc/arm-none-eabi/4.4.1/../../../../arm-none-eabi/lib/thumb2\libc.a(lib_a-fwalk.o)
 .ARM.attributes
                0x00000573       0x29 c:/program files (x86)/codesourcery/sourcery g++ lite/bin/../lib/gcc/arm-none-eabi/4.4.1/../../../../arm-none-eabi/lib/thumb2\libc.a(lib_a-makebuf.o)
 .ARM.attributes
                0x0000059c       0x29 c:/program files (x86)/codesourcery/sourcery g++ lite/bin/../lib/gcc/arm-none-eabi/4.4.1/../../../../arm-none-eabi/lib/thumb2\libc.a(lib_a-memchr.o)
 .ARM.attributes
                0x000005c5       0x29 c:/program files (x86)/codesourcery/sourcery g++ lite/bin/../lib/gcc/arm-none-eabi/4.4.1/../../../../arm-none-eabi/lib/thumb2\libc.a(lib_a-memcpy.o)
 .ARM.attributes
                0x000005ee       0x29 c:/program files (x86)/codesourcery/sourcery g++ lite/bin/../lib/gcc/arm-none-eabi/4.4.1/../../../../arm-none-eabi/lib/thumb2\libc.a(lib_a-memmove.o)
 .ARM.attributes
                0x00000617       0x29 c:/program files (x86)/codesourcery/sourcery g++ lite/bin/../lib/gcc/arm-none-eabi/4.4.1/../../../../arm-none-eabi/lib/thumb2\libc.a(lib_a-memset.o)
 .ARM.attributes
                0x00000640       0x29 c:/program files (x86)/codesourcery/sourcery g++ lite/bin/../lib/gcc/arm-none-eabi/4.4.1/../../../../arm-none-eabi/lib/thumb2\libc.a(lib_a-reallocr.o)
 .ARM.attributes
                0x00000669       0x29 c:/program files (x86)/codesourcery/sourcery g++ lite/bin/../lib/gcc/arm-none-eabi/4.4.1/../../../../arm-none-eabi/lib/thumb2\libc.a(lib_a-reent.o)
 .ARM.attributes
                0x00000692       0x29 c:/program files (x86)/codesourcery/sourcery g++ lite/bin/../lib/gcc/arm-none-eabi/4.4.1/../../../../arm-none-eabi/lib/thumb2\libc.a(lib_a-stdio.o)
 .ARM.attributes
                0x000006bb       0x29 c:/program files (x86)/codesourcery/sourcery g++ lite/bin/../lib/gcc/arm-none-eabi/4.4.1/../../../../arm-none-eabi/lib/thumb2\libc.a(lib_a-strlen.o)
 .ARM.attributes
                0x000006e4       0x29 c:/program files (x86)/codesourcery/sourcery g++ lite/bin/../lib/gcc/arm-none-eabi/4.4.1/../../../../arm-none-eabi/lib/thumb2\libc.a(lib_a-writer.o)
 .ARM.attributes
                0x0000070d       0x29 c:/program files (x86)/codesourcery/sourcery g++ lite/bin/../lib/gcc/arm-none-eabi/4.4.1/../../../../arm-none-eabi/lib/thumb2\libc.a(lib_a-__atexit.o)
 .ARM.attributes
                0x00000736       0x29 c:/program files (x86)/codesourcery/sourcery g++ lite/bin/../lib/gcc/arm-none-eabi/4.4.1/../../../../arm-none-eabi/lib/thumb2\libc.a(lib_a-closer.o)
 .ARM.attributes
                0x0000075f       0x29 c:/program files (x86)/codesourcery/sourcery g++ lite/bin/../lib/gcc/arm-none-eabi/4.4.1/../../../../arm-none-eabi/lib/thumb2\libc.a(lib_a-fclose.o)
 .ARM.attributes
                0x00000788       0x29 c:/program files (x86)/codesourcery/sourcery g++ lite/bin/../lib/gcc/arm-none-eabi/4.4.1/../../../../arm-none-eabi/lib/thumb2\libc.a(lib_a-fstatr.o)
 .ARM.attributes
                0x000007b1       0x29 c:/program files (x86)/codesourcery/sourcery g++ lite/bin/../lib/gcc/arm-none-eabi/4.4.1/../../../../arm-none-eabi/lib/thumb2\libc.a(lib_a-isattyr.o)
 .ARM.attributes
                0x000007da       0x29 c:/program files (x86)/codesourcery/sourcery g++ lite/bin/../lib/gcc/arm-none-eabi/4.4.1/../../../../arm-none-eabi/lib/thumb2\libc.a(lib_a-lseekr.o)
 .ARM.attributes
                0x00000803       0x29 c:/program files (x86)/codesourcery/sourcery g++ lite/bin/../lib/gcc/arm-none-eabi/4.4.1/../../../../arm-none-eabi/lib/thumb2\libc.a(lib_a-readr.o)
 .ARM.attributes
                0x0000082c       0x1b c:/program files (x86)/codesourcery/sourcery g++ lite/bin/../lib/gcc/arm-none-eabi/4.4.1/thumb2\libgcc.a(_aeabi_uldivmod.o)
 .ARM.attributes
                0x00000847       0x29 c:/program files (x86)/codesourcery/sourcery g++ lite/bin/../lib/gcc/arm-none-eabi/4.4.1/thumb2\libgcc.a(bpabi.o)
 .ARM.attributes
                0x00000870       0x1b c:/program files (x86)/codesourcery/sourcery g++ lite/bin/../lib/gcc/arm-none-eabi/4.4.1/thumb2\libgcc.a(_dvmd_tls.o)
 .ARM.attributes
                0x0000088b       0x29 c:/program files (x86)/codesourcery/sourcery g++ lite/bin/../lib/gcc/arm-none-eabi/4.4.1/thumb2\libgcc.a(_divdi3.o)
 .ARM.attributes
                0x000008b4       0x29 c:/program files (x86)/codesourcery/sourcery g++ lite/bin/../lib/gcc/arm-none-eabi/4.4.1/thumb2\libgcc.a(_udivdi3.o)
 .ARM.attributes
                0x000008dd       0x1b c:/program files (x86)/codesourcery/sourcery g++ lite/bin/../lib/gcc/arm-none-eabi/4.4.1/thumb2\libgcc.a(_udivsi3.o)
 .ARM.attributes
                0x000008f8       0x29 c:/program files (x86)/codesourcery/sourcery g++ lite/bin/../lib/gcc/arm-none-eabi/4.4.1/thumb2/crtend.o
 .ARM.attributes
                0x00000921       0x19 c:/program files (x86)/codesourcery/sourcery g++ lite/bin/../lib/gcc/arm-none-eabi/4.4.1/thumb2/crtn.o

.comment        0x00000000      0x1a3
 .comment       0x00000000       0x2b C:\cygwin\tmp\ccWM44Qw.o
 .comment       0x0000002b       0x2b C:\cygwin\tmp\ccESiWbi.o
 .comment       0x00000056       0x2b C:\cygwin\tmp\ccK8hGy8.o
 .comment       0x00000081       0x2b C:\cygwin\tmp\cc41nbq7.o
 .comment       0x000000ac       0x2b C:\cygwin\tmp\cc8JEc8b.o
 .comment       0x000000d7       0x22 C:/StellarisWare/driverlib/gcc\libdriver.a(gpio.o)
 .comment       0x000000f9       0x22 C:/StellarisWare/driverlib/gcc\libdriver.a(interrupt.o)
 .comment       0x0000011b       0x22 C:/StellarisWare/driverlib/gcc\libdriver.a(ssi.o)
 .comment       0x0000013d       0x22 C:/StellarisWare/driverlib/gcc\libdriver.a(sysctl.o)
 .comment       0x0000015f       0x22 C:/StellarisWare/driverlib/gcc\libdriver.a(uart.o)
 .comment       0x00000181       0x22 C:/StellarisWare/driverlib/gcc\libdriver.a(cpu.o)

.debug_frame    0x00000000      0x950
 .debug_frame   0x00000000       0x20 c:/program files (x86)/codesourcery/sourcery g++ lite/bin/../lib/gcc/arm-none-eabi/4.4.1/../../../../arm-none-eabi/lib/thumb2\libc.a(lib_a-errno.o)
 .debug_frame   0x00000020       0x28 c:/program files (x86)/codesourcery/sourcery g++ lite/bin/../lib/gcc/arm-none-eabi/4.4.1/../../../../arm-none-eabi/lib/thumb2\libc.a(lib_a-exit.o)
 .debug_frame   0x00000048       0x5c c:/program files (x86)/codesourcery/sourcery g++ lite/bin/../lib/gcc/arm-none-eabi/4.4.1/../../../../arm-none-eabi/lib/thumb2\libc.a(lib_a-iprintf.o)
 .debug_frame   0x000000a4       0x30 c:/program files (x86)/codesourcery/sourcery g++ lite/bin/../lib/gcc/arm-none-eabi/4.4.1/../../../../arm-none-eabi/lib/thumb2\libc.a(lib_a-malloc.o)
 .debug_frame   0x000000d4       0x3c c:/program files (x86)/codesourcery/sourcery g++ lite/bin/../lib/gcc/arm-none-eabi/4.4.1/../../../../arm-none-eabi/lib/thumb2\libc.a(lib_a-mallocr.o)
 .debug_frame   0x00000110       0x30 c:/program files (x86)/codesourcery/sourcery g++ lite/bin/../lib/gcc/arm-none-eabi/4.4.1/../../../../arm-none-eabi/lib/thumb2\libc.a(lib_a-mlock.o)
 .debug_frame   0x00000140       0x2c c:/program files (x86)/codesourcery/sourcery g++ lite/bin/../lib/gcc/arm-none-eabi/4.4.1/../../../../arm-none-eabi/lib/thumb2\libc.a(lib_a-sbrkr.o)
 .debug_frame   0x0000016c       0x70 c:/program files (x86)/codesourcery/sourcery g++ lite/bin/../lib/gcc/arm-none-eabi/4.4.1/../../../../arm-none-eabi/lib/thumb2\libc.a(lib_a-vfiprintf.o)
 .debug_frame   0x000001dc       0x2c c:/program files (x86)/codesourcery/sourcery g++ lite/bin/../lib/gcc/arm-none-eabi/4.4.1/../../../../arm-none-eabi/lib/thumb2\libc.a(lib_a-wsetup.o)
 .debug_frame   0x00000208       0x4c c:/program files (x86)/codesourcery/sourcery g++ lite/bin/../lib/gcc/arm-none-eabi/4.4.1/../../../../arm-none-eabi/lib/thumb2\libc.a(lib_a-__call_atexit.o)
 .debug_frame   0x00000254       0x20 c:/program files (x86)/codesourcery/sourcery g++ lite/bin/../lib/gcc/arm-none-eabi/4.4.1/../../../../arm-none-eabi/lib/thumb2\libc.a(lib_a-atexit.o)
 .debug_frame   0x00000274       0x40 c:/program files (x86)/codesourcery/sourcery g++ lite/bin/../lib/gcc/arm-none-eabi/4.4.1/../../../../arm-none-eabi/lib/thumb2\libc.a(lib_a-fflush.o)
 .debug_frame   0x000002b4      0x11c c:/program files (x86)/codesourcery/sourcery g++ lite/bin/../lib/gcc/arm-none-eabi/4.4.1/../../../../arm-none-eabi/lib/thumb2\libc.a(lib_a-findfp.o)
 .debug_frame   0x000003d0       0x2c c:/program files (x86)/codesourcery/sourcery g++ lite/bin/../lib/gcc/arm-none-eabi/4.4.1/../../../../arm-none-eabi/lib/thumb2\libc.a(lib_a-fini.o)
 .debug_frame   0x000003fc       0x50 c:/program files (x86)/codesourcery/sourcery g++ lite/bin/../lib/gcc/arm-none-eabi/4.4.1/../../../../arm-none-eabi/lib/thumb2\libc.a(lib_a-freer.o)
 .debug_frame   0x0000044c       0x3c c:/program files (x86)/codesourcery/sourcery g++ lite/bin/../lib/gcc/arm-none-eabi/4.4.1/../../../../arm-none-eabi/lib/thumb2\libc.a(lib_a-fvwrite.o)
 .debug_frame   0x00000488       0x54 c:/program files (x86)/codesourcery/sourcery g++ lite/bin/../lib/gcc/arm-none-eabi/4.4.1/../../../../arm-none-eabi/lib/thumb2\libc.a(lib_a-fwalk.o)
 .debug_frame   0x000004dc       0x34 c:/program files (x86)/codesourcery/sourcery g++ lite/bin/../lib/gcc/arm-none-eabi/4.4.1/../../../../arm-none-eabi/lib/thumb2\libc.a(lib_a-makebuf.o)
 .debug_frame   0x00000510       0x28 c:/program files (x86)/codesourcery/sourcery g++ lite/bin/../lib/gcc/arm-none-eabi/4.4.1/../../../../arm-none-eabi/lib/thumb2\libc.a(lib_a-memchr.o)
 .debug_frame   0x00000538       0x34 c:/program files (x86)/codesourcery/sourcery g++ lite/bin/../lib/gcc/arm-none-eabi/4.4.1/../../../../arm-none-eabi/lib/thumb2\libc.a(lib_a-memcpy.o)
 .debug_frame   0x0000056c       0x2c c:/program files (x86)/codesourcery/sourcery g++ lite/bin/../lib/gcc/arm-none-eabi/4.4.1/../../../../arm-none-eabi/lib/thumb2\libc.a(lib_a-memmove.o)
 .debug_frame   0x00000598       0x28 c:/program files (x86)/codesourcery/sourcery g++ lite/bin/../lib/gcc/arm-none-eabi/4.4.1/../../../../arm-none-eabi/lib/thumb2\libc.a(lib_a-memset.o)
 .debug_frame   0x000005c0       0x3c c:/program files (x86)/codesourcery/sourcery g++ lite/bin/../lib/gcc/arm-none-eabi/4.4.1/../../../../arm-none-eabi/lib/thumb2\libc.a(lib_a-reallocr.o)
 .debug_frame   0x000005fc       0x64 c:/program files (x86)/codesourcery/sourcery g++ lite/bin/../lib/gcc/arm-none-eabi/4.4.1/../../../../arm-none-eabi/lib/thumb2\libc.a(lib_a-reent.o)
 .debug_frame   0x00000660       0x70 c:/program files (x86)/codesourcery/sourcery g++ lite/bin/../lib/gcc/arm-none-eabi/4.4.1/../../../../arm-none-eabi/lib/thumb2\libc.a(lib_a-stdio.o)
 .debug_frame   0x000006d0       0x20 c:/program files (x86)/codesourcery/sourcery g++ lite/bin/../lib/gcc/arm-none-eabi/4.4.1/../../../../arm-none-eabi/lib/thumb2\libc.a(lib_a-strlen.o)
 .debug_frame   0x000006f0       0x2c c:/program files (x86)/codesourcery/sourcery g++ lite/bin/../lib/gcc/arm-none-eabi/4.4.1/../../../../arm-none-eabi/lib/thumb2\libc.a(lib_a-writer.o)
 .debug_frame   0x0000071c       0x34 c:/program files (x86)/codesourcery/sourcery g++ lite/bin/../lib/gcc/arm-none-eabi/4.4.1/../../../../arm-none-eabi/lib/thumb2\libc.a(lib_a-__atexit.o)
 .debug_frame   0x00000750       0x2c c:/program files (x86)/codesourcery/sourcery g++ lite/bin/../lib/gcc/arm-none-eabi/4.4.1/../../../../arm-none-eabi/lib/thumb2\libc.a(lib_a-closer.o)
 .debug_frame   0x0000077c       0x3c c:/program files (x86)/codesourcery/sourcery g++ lite/bin/../lib/gcc/arm-none-eabi/4.4.1/../../../../arm-none-eabi/lib/thumb2\libc.a(lib_a-fclose.o)
 .debug_frame   0x000007b8       0x2c c:/program files (x86)/codesourcery/sourcery g++ lite/bin/../lib/gcc/arm-none-eabi/4.4.1/../../../../arm-none-eabi/lib/thumb2\libc.a(lib_a-fstatr.o)
 .debug_frame   0x000007e4       0x2c c:/program files (x86)/codesourcery/sourcery g++ lite/bin/../lib/gcc/arm-none-eabi/4.4.1/../../../../arm-none-eabi/lib/thumb2\libc.a(lib_a-isattyr.o)
 .debug_frame   0x00000810       0x2c c:/program files (x86)/codesourcery/sourcery g++ lite/bin/../lib/gcc/arm-none-eabi/4.4.1/../../../../arm-none-eabi/lib/thumb2\libc.a(lib_a-lseekr.o)
 .debug_frame   0x0000083c       0x2c c:/program files (x86)/codesourcery/sourcery g++ lite/bin/../lib/gcc/arm-none-eabi/4.4.1/../../../../arm-none-eabi/lib/thumb2\libc.a(lib_a-readr.o)
 .debug_frame   0x00000868       0x50 c:/program files (x86)/codesourcery/sourcery g++ lite/bin/../lib/gcc/arm-none-eabi/4.4.1/thumb2\libgcc.a(bpabi.o)
 .debug_frame   0x000008b8       0x3c c:/program files (x86)/codesourcery/sourcery g++ lite/bin/../lib/gcc/arm-none-eabi/4.4.1/thumb2\libgcc.a(_divdi3.o)
 .debug_frame   0x000008f4       0x3c c:/program files (x86)/codesourcery/sourcery g++ lite/bin/../lib/gcc/arm-none-eabi/4.4.1/thumb2\libgcc.a(_udivdi3.o)
 .debug_frame   0x00000930       0x20 c:/program files (x86)/codesourcery/sourcery g++ lite/bin/../lib/gcc/arm-none-eabi/4.4.1/thumb2\libgcc.a(_udivsi3.o)
