Archive member included because of file (symbol)

C:/StellarisWare/driverlib/gcc\libdriver.a(gpio.o)
                              C:\cygwin\tmp\ccjdAlQx.o (GPIOPadConfigSet)
C:/StellarisWare/driverlib/gcc\libdriver.a(interrupt.o)
                              C:/StellarisWare/driverlib/gcc\libdriver.a(gpio.o) (IntRegister)
C:/StellarisWare/driverlib/gcc\libdriver.a(ssi.o)
                              C:\cygwin\tmp\ccjdAlQx.o (SSIConfigSetExpClk)
C:/StellarisWare/driverlib/gcc\libdriver.a(sysctl.o)
                              C:\cygwin\tmp\cck0QICg.o (SysCtlPeripheralEnable)
C:/StellarisWare/driverlib/gcc\libdriver.a(systick.o)
                              C:\cygwin\tmp\cck0QICg.o (SysTickEnable)
C:/StellarisWare/driverlib/gcc\libdriver.a(uart.o)
                              C:\cygwin\tmp\cck0QICg.o (UARTConfigSetExpClk)
C:/StellarisWare/driverlib/gcc\libdriver.a(cpu.o)
                              C:/StellarisWare/driverlib/gcc\libdriver.a(interrupt.o) (CPUcpsid)
c:/program files (x86)/codesourcery/sourcery g++ lite/bin/../lib/gcc/arm-none-eabi/4.4.1/../../../../arm-none-eabi/lib/thumb2\libc.a(lib_a-errno.o)
                              C:\cygwin\tmp\ccPEo8pq.o (__errno)
c:/program files (x86)/codesourcery/sourcery g++ lite/bin/../lib/gcc/arm-none-eabi/4.4.1/../../../../arm-none-eabi/lib/thumb2\libc.a(lib_a-exit.o)
                              C:\cygwin\tmp\cck0QICg.o (exit)
c:/program files (x86)/codesourcery/sourcery g++ lite/bin/../lib/gcc/arm-none-eabi/4.4.1/../../../../arm-none-eabi/lib/thumb2\libc.a(lib_a-impure.o)
                              c:/program files (x86)/codesourcery/sourcery g++ lite/bin/../lib/gcc/arm-none-eabi/4.4.1/../../../../arm-none-eabi/lib/thumb2\libc.a(lib_a-errno.o) (_impure_ptr)
c:/program files (x86)/codesourcery/sourcery g++ lite/bin/../lib/gcc/arm-none-eabi/4.4.1/../../../../arm-none-eabi/lib/thumb2\libc.a(lib_a-iprintf.o)
                              C:\cygwin\tmp\cck0QICg.o (iprintf)
c:/program files (x86)/codesourcery/sourcery g++ lite/bin/../lib/gcc/arm-none-eabi/4.4.1/../../../../arm-none-eabi/lib/thumb2\libc.a(lib_a-malloc.o)
                              C:\cygwin\tmp\cck0QICg.o (malloc)
c:/program files (x86)/codesourcery/sourcery g++ lite/bin/../lib/gcc/arm-none-eabi/4.4.1/../../../../arm-none-eabi/lib/thumb2\libc.a(lib_a-mallocr.o)
                              c:/program files (x86)/codesourcery/sourcery g++ lite/bin/../lib/gcc/arm-none-eabi/4.4.1/../../../../arm-none-eabi/lib/thumb2\libc.a(lib_a-malloc.o) (_malloc_r)
c:/program files (x86)/codesourcery/sourcery g++ lite/bin/../lib/gcc/arm-none-eabi/4.4.1/../../../../arm-none-eabi/lib/thumb2\libc.a(lib_a-sbrkr.o)
                              c:/program files (x86)/codesourcery/sourcery g++ lite/bin/../lib/gcc/arm-none-eabi/4.4.1/../../../../arm-none-eabi/lib/thumb2\libc.a(lib_a-mallocr.o) (_sbrk_r)
c:/program files (x86)/codesourcery/sourcery g++ lite/bin/../lib/gcc/arm-none-eabi/4.4.1/../../../../arm-none-eabi/lib/thumb2\libc.a(lib_a-vfiprintf.o)
                              c:/program files (x86)/codesourcery/sourcery g++ lite/bin/../lib/gcc/arm-none-eabi/4.4.1/../../../../arm-none-eabi/lib/thumb2\libc.a(lib_a-iprintf.o) (_vfiprintf_r)
c:/program files (x86)/codesourcery/sourcery g++ lite/bin/../lib/gcc/arm-none-eabi/4.4.1/../../../../arm-none-eabi/lib/thumb2\libc.a(lib_a-wsetup.o)
                              c:/program files (x86)/codesourcery/sourcery g++ lite/bin/../lib/gcc/arm-none-eabi/4.4.1/../../../../arm-none-eabi/lib/thumb2\libc.a(lib_a-vfiprintf.o) (__swsetup_r)
c:/program files (x86)/codesourcery/sourcery g++ lite/bin/../lib/gcc/arm-none-eabi/4.4.1/../../../../arm-none-eabi/lib/thumb2\libc.a(lib_a-__call_atexit.o)
                              c:/program files (x86)/codesourcery/sourcery g++ lite/bin/../lib/gcc/arm-none-eabi/4.4.1/../../../../arm-none-eabi/lib/thumb2\libc.a(lib_a-exit.o) (__call_exitprocs)
c:/program files (x86)/codesourcery/sourcery g++ lite/bin/../lib/gcc/arm-none-eabi/4.4.1/../../../../arm-none-eabi/lib/thumb2\libc.a(lib_a-atexit.o)
                              c:/program files (x86)/codesourcery/sourcery g++ lite/bin/../lib/gcc/arm-none-eabi/4.4.1/../../../../arm-none-eabi/lib/thumb2\libc.a(lib_a-__call_atexit.o) (atexit)
c:/program files (x86)/codesourcery/sourcery g++ lite/bin/../lib/gcc/arm-none-eabi/4.4.1/../../../../arm-none-eabi/lib/thumb2\libc.a(lib_a-fflush.o)
                              c:/program files (x86)/codesourcery/sourcery g++ lite/bin/../lib/gcc/arm-none-eabi/4.4.1/../../../../arm-none-eabi/lib/thumb2\libc.a(lib_a-vfiprintf.o) (_fflush_r)
c:/program files (x86)/codesourcery/sourcery g++ lite/bin/../lib/gcc/arm-none-eabi/4.4.1/../../../../arm-none-eabi/lib/thumb2\libc.a(lib_a-findfp.o)
                              c:/program files (x86)/codesourcery/sourcery g++ lite/bin/../lib/gcc/arm-none-eabi/4.4.1/../../../../arm-none-eabi/lib/thumb2\libc.a(lib_a-iprintf.o) (__sinit)
c:/program files (x86)/codesourcery/sourcery g++ lite/bin/../lib/gcc/arm-none-eabi/4.4.1/../../../../arm-none-eabi/lib/thumb2\libc.a(lib_a-fini.o)
                              c:/program files (x86)/codesourcery/sourcery g++ lite/bin/../lib/gcc/arm-none-eabi/4.4.1/../../../../arm-none-eabi/lib/thumb2\libc.a(lib_a-__call_atexit.o) (__libc_fini_array)
c:/program files (x86)/codesourcery/sourcery g++ lite/bin/../lib/gcc/arm-none-eabi/4.4.1/../../../../arm-none-eabi/lib/thumb2\libc.a(lib_a-freer.o)
                              c:/program files (x86)/codesourcery/sourcery g++ lite/bin/../lib/gcc/arm-none-eabi/4.4.1/../../../../arm-none-eabi/lib/thumb2\libc.a(lib_a-malloc.o) (_free_r)
c:/program files (x86)/codesourcery/sourcery g++ lite/bin/../lib/gcc/arm-none-eabi/4.4.1/../../../../arm-none-eabi/lib/thumb2\libc.a(lib_a-fvwrite.o)
                              c:/program files (x86)/codesourcery/sourcery g++ lite/bin/../lib/gcc/arm-none-eabi/4.4.1/../../../../arm-none-eabi/lib/thumb2\libc.a(lib_a-vfiprintf.o) (__sfvwrite_r)
c:/program files (x86)/codesourcery/sourcery g++ lite/bin/../lib/gcc/arm-none-eabi/4.4.1/../../../../arm-none-eabi/lib/thumb2\libc.a(lib_a-fwalk.o)
                              c:/program files (x86)/codesourcery/sourcery g++ lite/bin/../lib/gcc/arm-none-eabi/4.4.1/../../../../arm-none-eabi/lib/thumb2\libc.a(lib_a-fflush.o) (_fwalk_reent)
c:/program files (x86)/codesourcery/sourcery g++ lite/bin/../lib/gcc/arm-none-eabi/4.4.1/../../../../arm-none-eabi/lib/thumb2\libc.a(lib_a-makebuf.o)
                              c:/program files (x86)/codesourcery/sourcery g++ lite/bin/../lib/gcc/arm-none-eabi/4.4.1/../../../../arm-none-eabi/lib/thumb2\libc.a(lib_a-wsetup.o) (__smakebuf_r)
c:/program files (x86)/codesourcery/sourcery g++ lite/bin/../lib/gcc/arm-none-eabi/4.4.1/../../../../arm-none-eabi/lib/thumb2\libc.a(lib_a-memchr.o)
                              c:/program files (x86)/codesourcery/sourcery g++ lite/bin/../lib/gcc/arm-none-eabi/4.4.1/../../../../arm-none-eabi/lib/thumb2\libc.a(lib_a-vfiprintf.o) (memchr)
c:/program files (x86)/codesourcery/sourcery g++ lite/bin/../lib/gcc/arm-none-eabi/4.4.1/../../../../arm-none-eabi/lib/thumb2\libc.a(lib_a-memcpy.o)
                              c:/program files (x86)/codesourcery/sourcery g++ lite/bin/../lib/gcc/arm-none-eabi/4.4.1/../../../../arm-none-eabi/lib/thumb2\libc.a(lib_a-fvwrite.o) (memcpy)
c:/program files (x86)/codesourcery/sourcery g++ lite/bin/../lib/gcc/arm-none-eabi/4.4.1/../../../../arm-none-eabi/lib/thumb2\libc.a(lib_a-memmove.o)
                              c:/program files (x86)/codesourcery/sourcery g++ lite/bin/../lib/gcc/arm-none-eabi/4.4.1/../../../../arm-none-eabi/lib/thumb2\libc.a(lib_a-fvwrite.o) (memmove)
c:/program files (x86)/codesourcery/sourcery g++ lite/bin/../lib/gcc/arm-none-eabi/4.4.1/../../../../arm-none-eabi/lib/thumb2\libc.a(lib_a-memset.o)
                              c:/program files (x86)/codesourcery/sourcery g++ lite/bin/../lib/gcc/arm-none-eabi/4.4.1/../../../../arm-none-eabi/lib/thumb2\libc.a(lib_a-findfp.o) (memset)
c:/program files (x86)/codesourcery/sourcery g++ lite/bin/../lib/gcc/arm-none-eabi/4.4.1/../../../../arm-none-eabi/lib/thumb2\libc.a(lib_a-reallocr.o)
                              c:/program files (x86)/codesourcery/sourcery g++ lite/bin/../lib/gcc/arm-none-eabi/4.4.1/../../../../arm-none-eabi/lib/thumb2\libc.a(lib_a-fvwrite.o) (_realloc_r)
c:/program files (x86)/codesourcery/sourcery g++ lite/bin/../lib/gcc/arm-none-eabi/4.4.1/../../../../arm-none-eabi/lib/thumb2\libc.a(lib_a-reent.o)
                              c:/program files (x86)/codesourcery/sourcery g++ lite/bin/../lib/gcc/arm-none-eabi/4.4.1/../../../../arm-none-eabi/lib/thumb2\libc.a(lib_a-sbrkr.o) (errno)
c:/program files (x86)/codesourcery/sourcery g++ lite/bin/../lib/gcc/arm-none-eabi/4.4.1/../../../../arm-none-eabi/lib/thumb2\libc.a(lib_a-stdio.o)
                              c:/program files (x86)/codesourcery/sourcery g++ lite/bin/../lib/gcc/arm-none-eabi/4.4.1/../../../../arm-none-eabi/lib/thumb2\libc.a(lib_a-findfp.o) (__sclose)
c:/program files (x86)/codesourcery/sourcery g++ lite/bin/../lib/gcc/arm-none-eabi/4.4.1/../../../../arm-none-eabi/lib/thumb2\libc.a(lib_a-strlen.o)
                              c:/program files (x86)/codesourcery/sourcery g++ lite/bin/../lib/gcc/arm-none-eabi/4.4.1/../../../../arm-none-eabi/lib/thumb2\libc.a(lib_a-vfiprintf.o) (strlen)
c:/program files (x86)/codesourcery/sourcery g++ lite/bin/../lib/gcc/arm-none-eabi/4.4.1/../../../../arm-none-eabi/lib/thumb2\libc.a(lib_a-writer.o)
                              c:/program files (x86)/codesourcery/sourcery g++ lite/bin/../lib/gcc/arm-none-eabi/4.4.1/../../../../arm-none-eabi/lib/thumb2\libc.a(lib_a-stdio.o) (_write_r)
c:/program files (x86)/codesourcery/sourcery g++ lite/bin/../lib/gcc/arm-none-eabi/4.4.1/../../../../arm-none-eabi/lib/thumb2\libc.a(lib_a-__atexit.o)
                              c:/program files (x86)/codesourcery/sourcery g++ lite/bin/../lib/gcc/arm-none-eabi/4.4.1/../../../../arm-none-eabi/lib/thumb2\libc.a(lib_a-atexit.o) (__register_exitproc)
c:/program files (x86)/codesourcery/sourcery g++ lite/bin/../lib/gcc/arm-none-eabi/4.4.1/../../../../arm-none-eabi/lib/thumb2\libc.a(lib_a-closer.o)
                              c:/program files (x86)/codesourcery/sourcery g++ lite/bin/../lib/gcc/arm-none-eabi/4.4.1/../../../../arm-none-eabi/lib/thumb2\libc.a(lib_a-stdio.o) (_close_r)
c:/program files (x86)/codesourcery/sourcery g++ lite/bin/../lib/gcc/arm-none-eabi/4.4.1/../../../../arm-none-eabi/lib/thumb2\libc.a(lib_a-fclose.o)
                              c:/program files (x86)/codesourcery/sourcery g++ lite/bin/../lib/gcc/arm-none-eabi/4.4.1/../../../../arm-none-eabi/lib/thumb2\libc.a(lib_a-findfp.o) (fclose)
c:/program files (x86)/codesourcery/sourcery g++ lite/bin/../lib/gcc/arm-none-eabi/4.4.1/../../../../arm-none-eabi/lib/thumb2\libc.a(lib_a-fstatr.o)
                              c:/program files (x86)/codesourcery/sourcery g++ lite/bin/../lib/gcc/arm-none-eabi/4.4.1/../../../../arm-none-eabi/lib/thumb2\libc.a(lib_a-makebuf.o) (_fstat_r)
c:/program files (x86)/codesourcery/sourcery g++ lite/bin/../lib/gcc/arm-none-eabi/4.4.1/../../../../arm-none-eabi/lib/thumb2\libc.a(lib_a-isattyr.o)
                              c:/program files (x86)/codesourcery/sourcery g++ lite/bin/../lib/gcc/arm-none-eabi/4.4.1/../../../../arm-none-eabi/lib/thumb2\libc.a(lib_a-makebuf.o) (_isatty_r)
c:/program files (x86)/codesourcery/sourcery g++ lite/bin/../lib/gcc/arm-none-eabi/4.4.1/../../../../arm-none-eabi/lib/thumb2\libc.a(lib_a-lseekr.o)
                              c:/program files (x86)/codesourcery/sourcery g++ lite/bin/../lib/gcc/arm-none-eabi/4.4.1/../../../../arm-none-eabi/lib/thumb2\libc.a(lib_a-stdio.o) (_lseek_r)
c:/program files (x86)/codesourcery/sourcery g++ lite/bin/../lib/gcc/arm-none-eabi/4.4.1/../../../../arm-none-eabi/lib/thumb2\libc.a(lib_a-readr.o)
                              c:/program files (x86)/codesourcery/sourcery g++ lite/bin/../lib/gcc/arm-none-eabi/4.4.1/../../../../arm-none-eabi/lib/thumb2\libc.a(lib_a-stdio.o) (_read_r)
c:/program files (x86)/codesourcery/sourcery g++ lite/bin/../lib/gcc/arm-none-eabi/4.4.1/thumb2\libgcc.a(_aeabi_uldivmod.o)
                              c:/program files (x86)/codesourcery/sourcery g++ lite/bin/../lib/gcc/arm-none-eabi/4.4.1/../../../../arm-none-eabi/lib/thumb2\libc.a(lib_a-vfiprintf.o) (__aeabi_uldivmod)
c:/program files (x86)/codesourcery/sourcery g++ lite/bin/../lib/gcc/arm-none-eabi/4.4.1/thumb2\libgcc.a(bpabi.o)
                              c:/program files (x86)/codesourcery/sourcery g++ lite/bin/../lib/gcc/arm-none-eabi/4.4.1/thumb2\libgcc.a(_aeabi_uldivmod.o) (__gnu_uldivmod_helper)
c:/program files (x86)/codesourcery/sourcery g++ lite/bin/../lib/gcc/arm-none-eabi/4.4.1/thumb2\libgcc.a(_dvmd_tls.o)
                              c:/program files (x86)/codesourcery/sourcery g++ lite/bin/../lib/gcc/arm-none-eabi/4.4.1/thumb2\libgcc.a(_aeabi_uldivmod.o) (__aeabi_ldiv0)
c:/program files (x86)/codesourcery/sourcery g++ lite/bin/../lib/gcc/arm-none-eabi/4.4.1/thumb2\libgcc.a(_divdi3.o)
                              c:/program files (x86)/codesourcery/sourcery g++ lite/bin/../lib/gcc/arm-none-eabi/4.4.1/thumb2\libgcc.a(bpabi.o) (__divdi3)
c:/program files (x86)/codesourcery/sourcery g++ lite/bin/../lib/gcc/arm-none-eabi/4.4.1/thumb2\libgcc.a(_udivdi3.o)
                              c:/program files (x86)/codesourcery/sourcery g++ lite/bin/../lib/gcc/arm-none-eabi/4.4.1/thumb2\libgcc.a(bpabi.o) (__udivdi3)
c:/program files (x86)/codesourcery/sourcery g++ lite/bin/../lib/gcc/arm-none-eabi/4.4.1/thumb2\libgcc.a(_udivsi3.o)
                              c:/program files (x86)/codesourcery/sourcery g++ lite/bin/../lib/gcc/arm-none-eabi/4.4.1/thumb2\libgcc.a(_divdi3.o) (__aeabi_uidiv)

Allocating common symbols
Common symbol       size              file

errno               0x4               c:/program files (x86)/codesourcery/sourcery g++ lite/bin/../lib/gcc/arm-none-eabi/4.4.1/../../../../arm-none-eabi/lib/thumb2\libc.a(lib_a-reent.o)
threadlock          0x4               C:\cygwin\tmp\cck0QICg.o
currLockThread      0x4               C:\cygwin\tmp\ccJ70aRa.o
currThread          0x4               C:\cygwin\tmp\cck0QICg.o
heap_end            0x4               C:\cygwin\tmp\ccPEo8pq.o
count               0x4               C:\cygwin\tmp\ccJ70aRa.o

Discarded input sections

 .text          0x00000000        0x0 c:/program files (x86)/codesourcery/sourcery g++ lite/bin/../lib/gcc/arm-none-eabi/4.4.1/thumb2/crti.o
 .data          0x00000000        0x0 c:/program files (x86)/codesourcery/sourcery g++ lite/bin/../lib/gcc/arm-none-eabi/4.4.1/thumb2/crti.o
 .bss           0x00000000        0x0 c:/program files (x86)/codesourcery/sourcery g++ lite/bin/../lib/gcc/arm-none-eabi/4.4.1/thumb2/crti.o
 .init          0x00000000        0x4 c:/program files (x86)/codesourcery/sourcery g++ lite/bin/../lib/gcc/arm-none-eabi/4.4.1/thumb2/crti.o
 .text          0x00000000       0x30 c:/program files (x86)/codesourcery/sourcery g++ lite/bin/../lib/gcc/arm-none-eabi/4.4.1/thumb2/crtbegin.o
 .data          0x00000000        0x4 c:/program files (x86)/codesourcery/sourcery g++ lite/bin/../lib/gcc/arm-none-eabi/4.4.1/thumb2/crtbegin.o
 .bss           0x00000000        0x1 c:/program files (x86)/codesourcery/sourcery g++ lite/bin/../lib/gcc/arm-none-eabi/4.4.1/thumb2/crtbegin.o
 .init_array    0x00000000        0x4 c:/program files (x86)/codesourcery/sourcery g++ lite/bin/../lib/gcc/arm-none-eabi/4.4.1/thumb2/crtbegin.o
 .fini_array    0x00000000        0x4 c:/program files (x86)/codesourcery/sourcery g++ lite/bin/../lib/gcc/arm-none-eabi/4.4.1/thumb2/crtbegin.o
 .jcr           0x00000000        0x0 c:/program files (x86)/codesourcery/sourcery g++ lite/bin/../lib/gcc/arm-none-eabi/4.4.1/thumb2/crtbegin.o
 .data          0x00000000        0x0 C:\cygwin\tmp\cck0QICg.o
 .data          0x00000000        0x0 C:\cygwin\tmp\cctYgSNm.o
 .bss           0x00000000        0x0 C:\cygwin\tmp\cctYgSNm.o
 .data          0x00000000        0x0 C:\cygwin\tmp\ccPEo8pq.o
 .bss           0x00000000        0x0 C:\cygwin\tmp\ccPEo8pq.o
 .data          0x00000000        0x0 C:\cygwin\tmp\ccjdAlQx.o
 .data          0x00000000        0x0 C:\cygwin\tmp\cc5KMdgJ.o
 .bss           0x00000000        0x0 C:\cygwin\tmp\cc5KMdgJ.o
 .data          0x00000000        0x0 C:\cygwin\tmp\ccXXWUDV.o
 .bss           0x00000000        0x0 C:\cygwin\tmp\ccXXWUDV.o
 .data          0x00000000        0x0 C:\cygwin\tmp\ccJ70aRa.o
 .bss           0x00000000        0x0 C:\cygwin\tmp\ccJ70aRa.o
 .text          0x00000000        0x0 C:/StellarisWare/driverlib/gcc\libdriver.a(gpio.o)
 .data          0x00000000        0x0 C:/StellarisWare/driverlib/gcc\libdriver.a(gpio.o)
 .bss           0x00000000        0x0 C:/StellarisWare/driverlib/gcc\libdriver.a(gpio.o)
 .text.GPIOGetIntNumber
                0x00000000       0xdc C:/StellarisWare/driverlib/gcc\libdriver.a(gpio.o)
 .text.GPIODirModeGet
                0x00000000       0x20 C:/StellarisWare/driverlib/gcc\libdriver.a(gpio.o)
 .text.GPIOIntTypeSet
                0x00000000       0x60 C:/StellarisWare/driverlib/gcc\libdriver.a(gpio.o)
 .text.GPIOIntTypeGet
                0x00000000       0x30 C:/StellarisWare/driverlib/gcc\libdriver.a(gpio.o)
 .text.GPIOPadConfigGet
                0x00000000       0x88 C:/StellarisWare/driverlib/gcc\libdriver.a(gpio.o)
 .text.GPIOPinIntEnable
                0x00000000        0xc C:/StellarisWare/driverlib/gcc\libdriver.a(gpio.o)
 .text.GPIOPinIntDisable
                0x00000000       0x10 C:/StellarisWare/driverlib/gcc\libdriver.a(gpio.o)
 .text.GPIOPinIntStatus
                0x00000000       0x10 C:/StellarisWare/driverlib/gcc\libdriver.a(gpio.o)
 .text.GPIOPinIntClear
                0x00000000        0x8 C:/StellarisWare/driverlib/gcc\libdriver.a(gpio.o)
 .text.GPIOPinRead
                0x00000000        0x8 C:/StellarisWare/driverlib/gcc\libdriver.a(gpio.o)
 .text.GPIOPinTypeADC
                0x00000000       0x1c C:/StellarisWare/driverlib/gcc\libdriver.a(gpio.o)
 .text.GPIOPinTypeCAN
                0x00000000       0x1c C:/StellarisWare/driverlib/gcc\libdriver.a(gpio.o)
 .text.GPIOPinTypeComparator
                0x00000000       0x1c C:/StellarisWare/driverlib/gcc\libdriver.a(gpio.o)
 .text.GPIOPinTypeGPIOInput
                0x00000000       0x1c C:/StellarisWare/driverlib/gcc\libdriver.a(gpio.o)
 .text.GPIOPinTypeGPIOOutputOD
                0x00000000       0x1c C:/StellarisWare/driverlib/gcc\libdriver.a(gpio.o)
 .text.GPIOPinTypeI2C
                0x00000000       0x1c C:/StellarisWare/driverlib/gcc\libdriver.a(gpio.o)
 .text.GPIOPinTypePWM
                0x00000000       0x1c C:/StellarisWare/driverlib/gcc\libdriver.a(gpio.o)
 .text.GPIOPinTypeQEI
                0x00000000       0x1c C:/StellarisWare/driverlib/gcc\libdriver.a(gpio.o)
 .text.GPIOPinTypeTimer
                0x00000000       0x1c C:/StellarisWare/driverlib/gcc\libdriver.a(gpio.o)
 .text.GPIOPinTypeUSBDigital
                0x00000000       0x1c C:/StellarisWare/driverlib/gcc\libdriver.a(gpio.o)
 .text.GPIOPinTypeUSBAnalog
                0x00000000       0x1c C:/StellarisWare/driverlib/gcc\libdriver.a(gpio.o)
 .text.GPIOPinTypeI2S
                0x00000000       0x1c C:/StellarisWare/driverlib/gcc\libdriver.a(gpio.o)
 .text.GPIOPinTypeEthernetLED
                0x00000000       0x1c C:/StellarisWare/driverlib/gcc\libdriver.a(gpio.o)
 .text.GPIOPinConfigure
                0x00000000       0x50 C:/StellarisWare/driverlib/gcc\libdriver.a(gpio.o)
 .text.GPIOPortIntUnregister
                0x00000000       0x14 C:/StellarisWare/driverlib/gcc\libdriver.a(gpio.o)
 .text.GPIOPortIntRegister
                0x00000000       0x18 C:/StellarisWare/driverlib/gcc\libdriver.a(gpio.o)
 .rodata.g_pulGPIOBaseAddrs
                0x00000000       0x48 C:/StellarisWare/driverlib/gcc\libdriver.a(gpio.o)
 .text          0x00000000        0x0 C:/StellarisWare/driverlib/gcc\libdriver.a(interrupt.o)
 .data          0x00000000        0x0 C:/StellarisWare/driverlib/gcc\libdriver.a(interrupt.o)
 .bss           0x00000000        0x0 C:/StellarisWare/driverlib/gcc\libdriver.a(interrupt.o)
 .text.IntDefaultHandler
                0x00000000        0x4 C:/StellarisWare/driverlib/gcc\libdriver.a(interrupt.o)
 .text.IntRegister
                0x00000000       0x34 C:/StellarisWare/driverlib/gcc\libdriver.a(interrupt.o)
 .text.IntUnregister
                0x00000000       0x14 C:/StellarisWare/driverlib/gcc\libdriver.a(interrupt.o)
 .text.IntPriorityGroupingSet
                0x00000000       0x1c C:/StellarisWare/driverlib/gcc\libdriver.a(interrupt.o)
 .text.IntPriorityGroupingGet
                0x00000000       0x24 C:/StellarisWare/driverlib/gcc\libdriver.a(interrupt.o)
 .text.IntPrioritySet
                0x00000000       0x24 C:/StellarisWare/driverlib/gcc\libdriver.a(interrupt.o)
 .text.IntPriorityGet
                0x00000000       0x1c C:/StellarisWare/driverlib/gcc\libdriver.a(interrupt.o)
 .text.IntEnable
                0x00000000       0x70 C:/StellarisWare/driverlib/gcc\libdriver.a(interrupt.o)
 .text.IntDisable
                0x00000000       0x70 C:/StellarisWare/driverlib/gcc\libdriver.a(interrupt.o)
 .text.IntPendSet
                0x00000000       0x60 C:/StellarisWare/driverlib/gcc\libdriver.a(interrupt.o)
 .text.IntPendClear
                0x00000000       0x50 C:/StellarisWare/driverlib/gcc\libdriver.a(interrupt.o)
 vtable         0x00000000      0x11c C:/StellarisWare/driverlib/gcc\libdriver.a(interrupt.o)
 .rodata.g_pulPriority
                0x00000000       0x20 C:/StellarisWare/driverlib/gcc\libdriver.a(interrupt.o)
 .rodata.g_pulRegs
                0x00000000       0x48 C:/StellarisWare/driverlib/gcc\libdriver.a(interrupt.o)
 .text          0x00000000        0x0 C:/StellarisWare/driverlib/gcc\libdriver.a(ssi.o)
 .data          0x00000000        0x0 C:/StellarisWare/driverlib/gcc\libdriver.a(ssi.o)
 .bss           0x00000000        0x0 C:/StellarisWare/driverlib/gcc\libdriver.a(ssi.o)
 .text.SSIIntEnable
                0x00000000        0x8 C:/StellarisWare/driverlib/gcc\libdriver.a(ssi.o)
 .text.SSIIntDisable
                0x00000000        0xc C:/StellarisWare/driverlib/gcc\libdriver.a(ssi.o)
 .text.SSIIntStatus
                0x00000000        0xc C:/StellarisWare/driverlib/gcc\libdriver.a(ssi.o)
 .text.SSIIntClear
                0x00000000        0x4 C:/StellarisWare/driverlib/gcc\libdriver.a(ssi.o)
 .text.SSIDataPutNonBlocking
                0x00000000       0x10 C:/StellarisWare/driverlib/gcc\libdriver.a(ssi.o)
 .text.SSIDMAEnable
                0x00000000        0x8 C:/StellarisWare/driverlib/gcc\libdriver.a(ssi.o)
 .text.SSIDMADisable
                0x00000000        0xc C:/StellarisWare/driverlib/gcc\libdriver.a(ssi.o)
 .text.SSIBusy  0x00000000        0x8 C:/StellarisWare/driverlib/gcc\libdriver.a(ssi.o)
 .text.SSIIntUnregister
                0x00000000       0x20 C:/StellarisWare/driverlib/gcc\libdriver.a(ssi.o)
 .text.SSIIntRegister
                0x00000000       0x20 C:/StellarisWare/driverlib/gcc\libdriver.a(ssi.o)
 .text          0x00000000        0x0 C:/StellarisWare/driverlib/gcc\libdriver.a(sysctl.o)
 .data          0x00000000        0x0 C:/StellarisWare/driverlib/gcc\libdriver.a(sysctl.o)
 .bss           0x00000000        0x0 C:/StellarisWare/driverlib/gcc\libdriver.a(sysctl.o)
 .text.SysCtlSRAMSizeGet
                0x00000000       0x14 C:/StellarisWare/driverlib/gcc\libdriver.a(sysctl.o)
 .text.SysCtlFlashSizeGet
                0x00000000       0x14 C:/StellarisWare/driverlib/gcc\libdriver.a(sysctl.o)
 .text.SysCtlPinPresent
                0x00000000       0x14 C:/StellarisWare/driverlib/gcc\libdriver.a(sysctl.o)
 .text.SysCtlPeripheralPresent
                0x00000000       0x3c C:/StellarisWare/driverlib/gcc\libdriver.a(sysctl.o)
 .text.SysCtlPeripheralReset
                0x00000000       0x40 C:/StellarisWare/driverlib/gcc\libdriver.a(sysctl.o)
 .text.SysCtlPeripheralDisable
                0x00000000       0x20 C:/StellarisWare/driverlib/gcc\libdriver.a(sysctl.o)
 .text.SysCtlPeripheralSleepEnable
                0x00000000       0x1c C:/StellarisWare/driverlib/gcc\libdriver.a(sysctl.o)
 .text.SysCtlPeripheralSleepDisable
                0x00000000       0x20 C:/StellarisWare/driverlib/gcc\libdriver.a(sysctl.o)
 .text.SysCtlPeripheralDeepSleepEnable
                0x00000000       0x1c C:/StellarisWare/driverlib/gcc\libdriver.a(sysctl.o)
 .text.SysCtlPeripheralDeepSleepDisable
                0x00000000       0x20 C:/StellarisWare/driverlib/gcc\libdriver.a(sysctl.o)
 .text.SysCtlPeripheralClockGating
                0x00000000       0x1c C:/StellarisWare/driverlib/gcc\libdriver.a(sysctl.o)
 .text.SysCtlIntEnable
                0x00000000       0x10 C:/StellarisWare/driverlib/gcc\libdriver.a(sysctl.o)
 .text.SysCtlIntDisable
                0x00000000       0x10 C:/StellarisWare/driverlib/gcc\libdriver.a(sysctl.o)
 .text.SysCtlIntClear
                0x00000000        0xc C:/StellarisWare/driverlib/gcc\libdriver.a(sysctl.o)
 .text.SysCtlIntStatus
                0x00000000       0x14 C:/StellarisWare/driverlib/gcc\libdriver.a(sysctl.o)
 .text.SysCtlLDOSet
                0x00000000        0xc C:/StellarisWare/driverlib/gcc\libdriver.a(sysctl.o)
 .text.SysCtlLDOGet
                0x00000000        0xc C:/StellarisWare/driverlib/gcc\libdriver.a(sysctl.o)
 .text.SysCtlLDOConfigSet
                0x00000000        0xc C:/StellarisWare/driverlib/gcc\libdriver.a(sysctl.o)
 .text.SysCtlReset
                0x00000000       0x10 C:/StellarisWare/driverlib/gcc\libdriver.a(sysctl.o)
 .text.SysCtlResetCauseGet
                0x00000000        0xc C:/StellarisWare/driverlib/gcc\libdriver.a(sysctl.o)
 .text.SysCtlResetCauseClear
                0x00000000       0x10 C:/StellarisWare/driverlib/gcc\libdriver.a(sysctl.o)
 .text.SysCtlBrownOutConfigSet
                0x00000000       0x10 C:/StellarisWare/driverlib/gcc\libdriver.a(sysctl.o)
 .text.SysCtlPWMClockSet
                0x00000000       0x14 C:/StellarisWare/driverlib/gcc\libdriver.a(sysctl.o)
 .text.SysCtlPWMClockGet
                0x00000000       0x18 C:/StellarisWare/driverlib/gcc\libdriver.a(sysctl.o)
 .text.SysCtlADCSpeedSet
                0x00000000       0x24 C:/StellarisWare/driverlib/gcc\libdriver.a(sysctl.o)
 .text.SysCtlADCSpeedGet
                0x00000000       0x10 C:/StellarisWare/driverlib/gcc\libdriver.a(sysctl.o)
 .text.SysCtlIOSCVerificationSet
                0x00000000       0x1c C:/StellarisWare/driverlib/gcc\libdriver.a(sysctl.o)
 .text.SysCtlMOSCVerificationSet
                0x00000000       0x1c C:/StellarisWare/driverlib/gcc\libdriver.a(sysctl.o)
 .text.SysCtlPLLVerificationSet
                0x00000000       0x1c C:/StellarisWare/driverlib/gcc\libdriver.a(sysctl.o)
 .text.SysCtlClkVerificationClear
                0x00000000       0x10 C:/StellarisWare/driverlib/gcc\libdriver.a(sysctl.o)
 .text.SysCtlGPIOAHBEnable
                0x00000000       0x10 C:/StellarisWare/driverlib/gcc\libdriver.a(sysctl.o)
 .text.SysCtlGPIOAHBDisable
                0x00000000       0x14 C:/StellarisWare/driverlib/gcc\libdriver.a(sysctl.o)
 .text.SysCtlUSBPLLEnable
                0x00000000       0x10 C:/StellarisWare/driverlib/gcc\libdriver.a(sysctl.o)
 .text.SysCtlUSBPLLDisable
                0x00000000       0x10 C:/StellarisWare/driverlib/gcc\libdriver.a(sysctl.o)
 .text.SysCtlI2SMClkSet
                0x00000000       0xec C:/StellarisWare/driverlib/gcc\libdriver.a(sysctl.o)
 .text.SysCtlDeepSleep
                0x00000000       0x20 C:/StellarisWare/driverlib/gcc\libdriver.a(sysctl.o)
 .text.SysCtlSleep
                0x00000000        0x8 C:/StellarisWare/driverlib/gcc\libdriver.a(sysctl.o)
 .text.SysCtlIntUnregister
                0x00000000       0x10 C:/StellarisWare/driverlib/gcc\libdriver.a(sysctl.o)
 .text.SysCtlIntRegister
                0x00000000       0x14 C:/StellarisWare/driverlib/gcc\libdriver.a(sysctl.o)
 .rodata.g_pulDCRegs
                0x00000000       0x10 C:/StellarisWare/driverlib/gcc\libdriver.a(sysctl.o)
 .rodata.g_pulDCGCRegs
                0x00000000        0xc C:/StellarisWare/driverlib/gcc\libdriver.a(sysctl.o)
 .rodata.g_pulSCGCRegs
                0x00000000        0xc C:/StellarisWare/driverlib/gcc\libdriver.a(sysctl.o)
 .rodata.g_pulSRCRRegs
                0x00000000        0xc C:/StellarisWare/driverlib/gcc\libdriver.a(sysctl.o)
 .text          0x00000000        0x0 C:/StellarisWare/driverlib/gcc\libdriver.a(systick.o)
 .data          0x00000000        0x0 C:/StellarisWare/driverlib/gcc\libdriver.a(systick.o)
 .bss           0x00000000        0x0 C:/StellarisWare/driverlib/gcc\libdriver.a(systick.o)
 .text.SysTickDisable
                0x00000000       0x10 C:/StellarisWare/driverlib/gcc\libdriver.a(systick.o)
 .text.SysTickIntDisable
                0x00000000       0x10 C:/StellarisWare/driverlib/gcc\libdriver.a(systick.o)
 .text.SysTickPeriodSet
                0x00000000        0xc C:/StellarisWare/driverlib/gcc\libdriver.a(systick.o)
 .text.SysTickPeriodGet
                0x00000000        0xc C:/StellarisWare/driverlib/gcc\libdriver.a(systick.o)
 .text.SysTickValueGet
                0x00000000        0xc C:/StellarisWare/driverlib/gcc\libdriver.a(systick.o)
 .text.SysTickIntUnregister
                0x00000000       0x18 C:/StellarisWare/driverlib/gcc\libdriver.a(systick.o)
 .text.SysTickIntRegister
                0x00000000       0x1c C:/StellarisWare/driverlib/gcc\libdriver.a(systick.o)
 .text          0x00000000        0x0 C:/StellarisWare/driverlib/gcc\libdriver.a(uart.o)
 .data          0x00000000        0x0 C:/StellarisWare/driverlib/gcc\libdriver.a(uart.o)
 .bss           0x00000000        0x0 C:/StellarisWare/driverlib/gcc\libdriver.a(uart.o)
 .text.UARTParityModeSet
                0x00000000        0xc C:/StellarisWare/driverlib/gcc\libdriver.a(uart.o)
 .text.UARTParityModeGet
                0x00000000        0x8 C:/StellarisWare/driverlib/gcc\libdriver.a(uart.o)
 .text.UARTFIFOLevelSet
                0x00000000        0x8 C:/StellarisWare/driverlib/gcc\libdriver.a(uart.o)
 .text.UARTFIFOLevelGet
                0x00000000       0x10 C:/StellarisWare/driverlib/gcc\libdriver.a(uart.o)
 .text.UARTConfigGetExpClk
                0x00000000       0x28 C:/StellarisWare/driverlib/gcc\libdriver.a(uart.o)
 .text.UARTFIFOEnable
                0x00000000        0xc C:/StellarisWare/driverlib/gcc\libdriver.a(uart.o)
 .text.UARTFIFODisable
                0x00000000        0xc C:/StellarisWare/driverlib/gcc\libdriver.a(uart.o)
 .text.UARTEnableSIR
                0x00000000       0x14 C:/StellarisWare/driverlib/gcc\libdriver.a(uart.o)
 .text.UARTDisableSIR
                0x00000000        0xc C:/StellarisWare/driverlib/gcc\libdriver.a(uart.o)
 .text.UARTSmartCardEnable
                0x00000000       0x18 C:/StellarisWare/driverlib/gcc\libdriver.a(uart.o)
 .text.UARTSmartCardDisable
                0x00000000        0xc C:/StellarisWare/driverlib/gcc\libdriver.a(uart.o)
 .text.UARTModemControlSet
                0x00000000        0xc C:/StellarisWare/driverlib/gcc\libdriver.a(uart.o)
 .text.UARTModemControlClear
                0x00000000       0x10 C:/StellarisWare/driverlib/gcc\libdriver.a(uart.o)
 .text.UARTModemControlGet
                0x00000000        0x8 C:/StellarisWare/driverlib/gcc\libdriver.a(uart.o)
 .text.UARTModemStatusGet
                0x00000000        0xc C:/StellarisWare/driverlib/gcc\libdriver.a(uart.o)
 .text.UARTFlowControlSet
                0x00000000        0xc C:/StellarisWare/driverlib/gcc\libdriver.a(uart.o)
 .text.UARTFlowControlGet
                0x00000000        0x8 C:/StellarisWare/driverlib/gcc\libdriver.a(uart.o)
 .text.UARTTxIntModeSet
                0x00000000        0xc C:/StellarisWare/driverlib/gcc\libdriver.a(uart.o)
 .text.UARTTxIntModeGet
                0x00000000        0x8 C:/StellarisWare/driverlib/gcc\libdriver.a(uart.o)
 .text.UARTCharsAvail
                0x00000000        0xc C:/StellarisWare/driverlib/gcc\libdriver.a(uart.o)
 .text.UARTSpaceAvail
                0x00000000        0xc C:/StellarisWare/driverlib/gcc\libdriver.a(uart.o)
 .text.UARTCharGet
                0x00000000        0xc C:/StellarisWare/driverlib/gcc\libdriver.a(uart.o)
 .text.UARTCharPutNonBlocking
                0x00000000       0x14 C:/StellarisWare/driverlib/gcc\libdriver.a(uart.o)
 .text.UARTBreakCtl
                0x00000000       0x18 C:/StellarisWare/driverlib/gcc\libdriver.a(uart.o)
 .text.UARTBusy
                0x00000000        0x8 C:/StellarisWare/driverlib/gcc\libdriver.a(uart.o)
 .text.UARTIntEnable
                0x00000000        0x8 C:/StellarisWare/driverlib/gcc\libdriver.a(uart.o)
 .text.UARTIntDisable
                0x00000000        0xc C:/StellarisWare/driverlib/gcc\libdriver.a(uart.o)
 .text.UARTIntStatus
                0x00000000        0xc C:/StellarisWare/driverlib/gcc\libdriver.a(uart.o)
 .text.UARTIntClear
                0x00000000        0x4 C:/StellarisWare/driverlib/gcc\libdriver.a(uart.o)
 .text.UARTDMAEnable
                0x00000000        0x8 C:/StellarisWare/driverlib/gcc\libdriver.a(uart.o)
 .text.UARTDMADisable
                0x00000000        0xc C:/StellarisWare/driverlib/gcc\libdriver.a(uart.o)
 .text.UARTRxErrorGet
                0x00000000        0x8 C:/StellarisWare/driverlib/gcc\libdriver.a(uart.o)
 .text.UARTRxErrorClear
                0x00000000        0x8 C:/StellarisWare/driverlib/gcc\libdriver.a(uart.o)
 .text.UARTIntUnregister
                0x00000000       0x2c C:/StellarisWare/driverlib/gcc\libdriver.a(uart.o)
 .text.UARTIntRegister
                0x00000000       0x2c C:/StellarisWare/driverlib/gcc\libdriver.a(uart.o)
 .text          0x00000000        0x0 C:/StellarisWare/driverlib/gcc\libdriver.a(cpu.o)
 .data          0x00000000        0x0 C:/StellarisWare/driverlib/gcc\libdriver.a(cpu.o)
 .bss           0x00000000        0x0 C:/StellarisWare/driverlib/gcc\libdriver.a(cpu.o)
 .text.CPUwfi   0x00000000        0x4 C:/StellarisWare/driverlib/gcc\libdriver.a(cpu.o)
 .data          0x00000000        0x0 c:/program files (x86)/codesourcery/sourcery g++ lite/bin/../lib/gcc/arm-none-eabi/4.4.1/../../../../arm-none-eabi/lib/thumb2\libc.a(lib_a-errno.o)
 .bss           0x00000000        0x0 c:/program files (x86)/codesourcery/sourcery g++ lite/bin/../lib/gcc/arm-none-eabi/4.4.1/../../../../arm-none-eabi/lib/thumb2\libc.a(lib_a-errno.o)
 .data          0x00000000        0x0 c:/program files (x86)/codesourcery/sourcery g++ lite/bin/../lib/gcc/arm-none-eabi/4.4.1/../../../../arm-none-eabi/lib/thumb2\libc.a(lib_a-exit.o)
 .bss           0x00000000        0x0 c:/program files (x86)/codesourcery/sourcery g++ lite/bin/../lib/gcc/arm-none-eabi/4.4.1/../../../../arm-none-eabi/lib/thumb2\libc.a(lib_a-exit.o)
 .text          0x00000000        0x0 c:/program files (x86)/codesourcery/sourcery g++ lite/bin/../lib/gcc/arm-none-eabi/4.4.1/../../../../arm-none-eabi/lib/thumb2\libc.a(lib_a-impure.o)
 .bss           0x00000000        0x0 c:/program files (x86)/codesourcery/sourcery g++ lite/bin/../lib/gcc/arm-none-eabi/4.4.1/../../../../arm-none-eabi/lib/thumb2\libc.a(lib_a-impure.o)
 .data          0x00000000        0x0 c:/program files (x86)/codesourcery/sourcery g++ lite/bin/../lib/gcc/arm-none-eabi/4.4.1/../../../../arm-none-eabi/lib/thumb2\libc.a(lib_a-iprintf.o)
 .bss           0x00000000        0x0 c:/program files (x86)/codesourcery/sourcery g++ lite/bin/../lib/gcc/arm-none-eabi/4.4.1/../../../../arm-none-eabi/lib/thumb2\libc.a(lib_a-iprintf.o)
 .data          0x00000000        0x0 c:/program files (x86)/codesourcery/sourcery g++ lite/bin/../lib/gcc/arm-none-eabi/4.4.1/../../../../arm-none-eabi/lib/thumb2\libc.a(lib_a-malloc.o)
 .bss           0x00000000        0x0 c:/program files (x86)/codesourcery/sourcery g++ lite/bin/../lib/gcc/arm-none-eabi/4.4.1/../../../../arm-none-eabi/lib/thumb2\libc.a(lib_a-malloc.o)
 .data          0x00000000        0x0 c:/program files (x86)/codesourcery/sourcery g++ lite/bin/../lib/gcc/arm-none-eabi/4.4.1/../../../../arm-none-eabi/lib/thumb2\libc.a(lib_a-sbrkr.o)
 .bss           0x00000000        0x0 c:/program files (x86)/codesourcery/sourcery g++ lite/bin/../lib/gcc/arm-none-eabi/4.4.1/../../../../arm-none-eabi/lib/thumb2\libc.a(lib_a-sbrkr.o)
 .data          0x00000000        0x0 c:/program files (x86)/codesourcery/sourcery g++ lite/bin/../lib/gcc/arm-none-eabi/4.4.1/../../../../arm-none-eabi/lib/thumb2\libc.a(lib_a-vfiprintf.o)
 .bss           0x00000000        0x0 c:/program files (x86)/codesourcery/sourcery g++ lite/bin/../lib/gcc/arm-none-eabi/4.4.1/../../../../arm-none-eabi/lib/thumb2\libc.a(lib_a-vfiprintf.o)
 .data          0x00000000        0x0 c:/program files (x86)/codesourcery/sourcery g++ lite/bin/../lib/gcc/arm-none-eabi/4.4.1/../../../../arm-none-eabi/lib/thumb2\libc.a(lib_a-wsetup.o)
 .bss           0x00000000        0x0 c:/program files (x86)/codesourcery/sourcery g++ lite/bin/../lib/gcc/arm-none-eabi/4.4.1/../../../../arm-none-eabi/lib/thumb2\libc.a(lib_a-wsetup.o)
 .data          0x00000000        0x0 c:/program files (x86)/codesourcery/sourcery g++ lite/bin/../lib/gcc/arm-none-eabi/4.4.1/../../../../arm-none-eabi/lib/thumb2\libc.a(lib_a-__call_atexit.o)
 .bss           0x00000000        0x0 c:/program files (x86)/codesourcery/sourcery g++ lite/bin/../lib/gcc/arm-none-eabi/4.4.1/../../../../arm-none-eabi/lib/thumb2\libc.a(lib_a-__call_atexit.o)
 .init_array.00000
                0x00000000        0x4 c:/program files (x86)/codesourcery/sourcery g++ lite/bin/../lib/gcc/arm-none-eabi/4.4.1/../../../../arm-none-eabi/lib/thumb2\libc.a(lib_a-__call_atexit.o)
 .data          0x00000000        0x0 c:/program files (x86)/codesourcery/sourcery g++ lite/bin/../lib/gcc/arm-none-eabi/4.4.1/../../../../arm-none-eabi/lib/thumb2\libc.a(lib_a-atexit.o)
 .bss           0x00000000        0x0 c:/program files (x86)/codesourcery/sourcery g++ lite/bin/../lib/gcc/arm-none-eabi/4.4.1/../../../../arm-none-eabi/lib/thumb2\libc.a(lib_a-atexit.o)
 .data          0x00000000        0x0 c:/program files (x86)/codesourcery/sourcery g++ lite/bin/../lib/gcc/arm-none-eabi/4.4.1/../../../../arm-none-eabi/lib/thumb2\libc.a(lib_a-fflush.o)
 .bss           0x00000000        0x0 c:/program files (x86)/codesourcery/sourcery g++ lite/bin/../lib/gcc/arm-none-eabi/4.4.1/../../../../arm-none-eabi/lib/thumb2\libc.a(lib_a-fflush.o)
 .data          0x00000000        0x0 c:/program files (x86)/codesourcery/sourcery g++ lite/bin/../lib/gcc/arm-none-eabi/4.4.1/../../../../arm-none-eabi/lib/thumb2\libc.a(lib_a-findfp.o)
 .bss           0x00000000        0x0 c:/program files (x86)/codesourcery/sourcery g++ lite/bin/../lib/gcc/arm-none-eabi/4.4.1/../../../../arm-none-eabi/lib/thumb2\libc.a(lib_a-findfp.o)
 .data          0x00000000        0x0 c:/program files (x86)/codesourcery/sourcery g++ lite/bin/../lib/gcc/arm-none-eabi/4.4.1/../../../../arm-none-eabi/lib/thumb2\libc.a(lib_a-fini.o)
 .bss           0x00000000        0x0 c:/program files (x86)/codesourcery/sourcery g++ lite/bin/../lib/gcc/arm-none-eabi/4.4.1/../../../../arm-none-eabi/lib/thumb2\libc.a(lib_a-fini.o)
 .data          0x00000000        0x0 c:/program files (x86)/codesourcery/sourcery g++ lite/bin/../lib/gcc/arm-none-eabi/4.4.1/../../../../arm-none-eabi/lib/thumb2\libc.a(lib_a-freer.o)
 .bss           0x00000000        0x0 c:/program files (x86)/codesourcery/sourcery g++ lite/bin/../lib/gcc/arm-none-eabi/4.4.1/../../../../arm-none-eabi/lib/thumb2\libc.a(lib_a-freer.o)
 .data          0x00000000        0x0 c:/program files (x86)/codesourcery/sourcery g++ lite/bin/../lib/gcc/arm-none-eabi/4.4.1/../../../../arm-none-eabi/lib/thumb2\libc.a(lib_a-fvwrite.o)
 .bss           0x00000000        0x0 c:/program files (x86)/codesourcery/sourcery g++ lite/bin/../lib/gcc/arm-none-eabi/4.4.1/../../../../arm-none-eabi/lib/thumb2\libc.a(lib_a-fvwrite.o)
 .data          0x00000000        0x0 c:/program files (x86)/codesourcery/sourcery g++ lite/bin/../lib/gcc/arm-none-eabi/4.4.1/../../../../arm-none-eabi/lib/thumb2\libc.a(lib_a-fwalk.o)
 .bss           0x00000000        0x0 c:/program files (x86)/codesourcery/sourcery g++ lite/bin/../lib/gcc/arm-none-eabi/4.4.1/../../../../arm-none-eabi/lib/thumb2\libc.a(lib_a-fwalk.o)
 .data          0x00000000        0x0 c:/program files (x86)/codesourcery/sourcery g++ lite/bin/../lib/gcc/arm-none-eabi/4.4.1/../../../../arm-none-eabi/lib/thumb2\libc.a(lib_a-makebuf.o)
 .bss           0x00000000        0x0 c:/program files (x86)/codesourcery/sourcery g++ lite/bin/../lib/gcc/arm-none-eabi/4.4.1/../../../../arm-none-eabi/lib/thumb2\libc.a(lib_a-makebuf.o)
 .data          0x00000000        0x0 c:/program files (x86)/codesourcery/sourcery g++ lite/bin/../lib/gcc/arm-none-eabi/4.4.1/../../../../arm-none-eabi/lib/thumb2\libc.a(lib_a-memchr.o)
 .bss           0x00000000        0x0 c:/program files (x86)/codesourcery/sourcery g++ lite/bin/../lib/gcc/arm-none-eabi/4.4.1/../../../../arm-none-eabi/lib/thumb2\libc.a(lib_a-memchr.o)
 .data          0x00000000        0x0 c:/program files (x86)/codesourcery/sourcery g++ lite/bin/../lib/gcc/arm-none-eabi/4.4.1/../../../../arm-none-eabi/lib/thumb2\libc.a(lib_a-memcpy.o)
 .bss           0x00000000        0x0 c:/program files (x86)/codesourcery/sourcery g++ lite/bin/../lib/gcc/arm-none-eabi/4.4.1/../../../../arm-none-eabi/lib/thumb2\libc.a(lib_a-memcpy.o)
 .data          0x00000000        0x0 c:/program files (x86)/codesourcery/sourcery g++ lite/bin/../lib/gcc/arm-none-eabi/4.4.1/../../../../arm-none-eabi/lib/thumb2\libc.a(lib_a-memmove.o)
 .bss           0x00000000        0x0 c:/program files (x86)/codesourcery/sourcery g++ lite/bin/../lib/gcc/arm-none-eabi/4.4.1/../../../../arm-none-eabi/lib/thumb2\libc.a(lib_a-memmove.o)
 .data          0x00000000        0x0 c:/program files (x86)/codesourcery/sourcery g++ lite/bin/../lib/gcc/arm-none-eabi/4.4.1/../../../../arm-none-eabi/lib/thumb2\libc.a(lib_a-memset.o)
 .bss           0x00000000        0x0 c:/program files (x86)/codesourcery/sourcery g++ lite/bin/../lib/gcc/arm-none-eabi/4.4.1/../../../../arm-none-eabi/lib/thumb2\libc.a(lib_a-memset.o)
 .data          0x00000000        0x0 c:/program files (x86)/codesourcery/sourcery g++ lite/bin/../lib/gcc/arm-none-eabi/4.4.1/../../../../arm-none-eabi/lib/thumb2\libc.a(lib_a-reallocr.o)
 .bss           0x00000000        0x0 c:/program files (x86)/codesourcery/sourcery g++ lite/bin/../lib/gcc/arm-none-eabi/4.4.1/../../../../arm-none-eabi/lib/thumb2\libc.a(lib_a-reallocr.o)
 .text          0x00000000      0x10c c:/program files (x86)/codesourcery/sourcery g++ lite/bin/../lib/gcc/arm-none-eabi/4.4.1/../../../../arm-none-eabi/lib/thumb2\libc.a(lib_a-reent.o)
 .data          0x00000000        0x0 c:/program files (x86)/codesourcery/sourcery g++ lite/bin/../lib/gcc/arm-none-eabi/4.4.1/../../../../arm-none-eabi/lib/thumb2\libc.a(lib_a-reent.o)
 .bss           0x00000000        0x0 c:/program files (x86)/codesourcery/sourcery g++ lite/bin/../lib/gcc/arm-none-eabi/4.4.1/../../../../arm-none-eabi/lib/thumb2\libc.a(lib_a-reent.o)
 .data          0x00000000        0x0 c:/program files (x86)/codesourcery/sourcery g++ lite/bin/../lib/gcc/arm-none-eabi/4.4.1/../../../../arm-none-eabi/lib/thumb2\libc.a(lib_a-stdio.o)
 .bss           0x00000000        0x0 c:/program files (x86)/codesourcery/sourcery g++ lite/bin/../lib/gcc/arm-none-eabi/4.4.1/../../../../arm-none-eabi/lib/thumb2\libc.a(lib_a-stdio.o)
 .data          0x00000000        0x0 c:/program files (x86)/codesourcery/sourcery g++ lite/bin/../lib/gcc/arm-none-eabi/4.4.1/../../../../arm-none-eabi/lib/thumb2\libc.a(lib_a-strlen.o)
 .bss           0x00000000        0x0 c:/program files (x86)/codesourcery/sourcery g++ lite/bin/../lib/gcc/arm-none-eabi/4.4.1/../../../../arm-none-eabi/lib/thumb2\libc.a(lib_a-strlen.o)
 .data          0x00000000        0x0 c:/program files (x86)/codesourcery/sourcery g++ lite/bin/../lib/gcc/arm-none-eabi/4.4.1/../../../../arm-none-eabi/lib/thumb2\libc.a(lib_a-writer.o)
 .bss           0x00000000        0x0 c:/program files (x86)/codesourcery/sourcery g++ lite/bin/../lib/gcc/arm-none-eabi/4.4.1/../../../../arm-none-eabi/lib/thumb2\libc.a(lib_a-writer.o)
 .data          0x00000000        0x0 c:/program files (x86)/codesourcery/sourcery g++ lite/bin/../lib/gcc/arm-none-eabi/4.4.1/../../../../arm-none-eabi/lib/thumb2\libc.a(lib_a-__atexit.o)
 .bss           0x00000000        0x0 c:/program files (x86)/codesourcery/sourcery g++ lite/bin/../lib/gcc/arm-none-eabi/4.4.1/../../../../arm-none-eabi/lib/thumb2\libc.a(lib_a-__atexit.o)
 .data          0x00000000        0x0 c:/program files (x86)/codesourcery/sourcery g++ lite/bin/../lib/gcc/arm-none-eabi/4.4.1/../../../../arm-none-eabi/lib/thumb2\libc.a(lib_a-closer.o)
 .bss           0x00000000        0x0 c:/program files (x86)/codesourcery/sourcery g++ lite/bin/../lib/gcc/arm-none-eabi/4.4.1/../../../../arm-none-eabi/lib/thumb2\libc.a(lib_a-closer.o)
 .data          0x00000000        0x0 c:/program files (x86)/codesourcery/sourcery g++ lite/bin/../lib/gcc/arm-none-eabi/4.4.1/../../../../arm-none-eabi/lib/thumb2\libc.a(lib_a-fclose.o)
 .bss           0x00000000        0x0 c:/program files (x86)/codesourcery/sourcery g++ lite/bin/../lib/gcc/arm-none-eabi/4.4.1/../../../../arm-none-eabi/lib/thumb2\libc.a(lib_a-fclose.o)
 .data          0x00000000        0x0 c:/program files (x86)/codesourcery/sourcery g++ lite/bin/../lib/gcc/arm-none-eabi/4.4.1/../../../../arm-none-eabi/lib/thumb2\libc.a(lib_a-fstatr.o)
 .bss           0x00000000        0x0 c:/program files (x86)/codesourcery/sourcery g++ lite/bin/../lib/gcc/arm-none-eabi/4.4.1/../../../../arm-none-eabi/lib/thumb2\libc.a(lib_a-fstatr.o)
 .data          0x00000000        0x0 c:/program files (x86)/codesourcery/sourcery g++ lite/bin/../lib/gcc/arm-none-eabi/4.4.1/../../../../arm-none-eabi/lib/thumb2\libc.a(lib_a-isattyr.o)
 .bss           0x00000000        0x0 c:/program files (x86)/codesourcery/sourcery g++ lite/bin/../lib/gcc/arm-none-eabi/4.4.1/../../../../arm-none-eabi/lib/thumb2\libc.a(lib_a-isattyr.o)
 .data          0x00000000        0x0 c:/program files (x86)/codesourcery/sourcery g++ lite/bin/../lib/gcc/arm-none-eabi/4.4.1/../../../../arm-none-eabi/lib/thumb2\libc.a(lib_a-lseekr.o)
 .bss           0x00000000        0x0 c:/program files (x86)/codesourcery/sourcery g++ lite/bin/../lib/gcc/arm-none-eabi/4.4.1/../../../../arm-none-eabi/lib/thumb2\libc.a(lib_a-lseekr.o)
 .data          0x00000000        0x0 c:/program files (x86)/codesourcery/sourcery g++ lite/bin/../lib/gcc/arm-none-eabi/4.4.1/../../../../arm-none-eabi/lib/thumb2\libc.a(lib_a-readr.o)
 .bss           0x00000000        0x0 c:/program files (x86)/codesourcery/sourcery g++ lite/bin/../lib/gcc/arm-none-eabi/4.4.1/../../../../arm-none-eabi/lib/thumb2\libc.a(lib_a-readr.o)
 .data          0x00000000        0x0 c:/program files (x86)/codesourcery/sourcery g++ lite/bin/../lib/gcc/arm-none-eabi/4.4.1/thumb2\libgcc.a(_aeabi_uldivmod.o)
 .bss           0x00000000        0x0 c:/program files (x86)/codesourcery/sourcery g++ lite/bin/../lib/gcc/arm-none-eabi/4.4.1/thumb2\libgcc.a(_aeabi_uldivmod.o)
 .data          0x00000000        0x0 c:/program files (x86)/codesourcery/sourcery g++ lite/bin/../lib/gcc/arm-none-eabi/4.4.1/thumb2\libgcc.a(bpabi.o)
 .bss           0x00000000        0x0 c:/program files (x86)/codesourcery/sourcery g++ lite/bin/../lib/gcc/arm-none-eabi/4.4.1/thumb2\libgcc.a(bpabi.o)
 .data          0x00000000        0x0 c:/program files (x86)/codesourcery/sourcery g++ lite/bin/../lib/gcc/arm-none-eabi/4.4.1/thumb2\libgcc.a(_dvmd_tls.o)
 .bss           0x00000000        0x0 c:/program files (x86)/codesourcery/sourcery g++ lite/bin/../lib/gcc/arm-none-eabi/4.4.1/thumb2\libgcc.a(_dvmd_tls.o)
 .data          0x00000000        0x0 c:/program files (x86)/codesourcery/sourcery g++ lite/bin/../lib/gcc/arm-none-eabi/4.4.1/thumb2\libgcc.a(_divdi3.o)
 .bss           0x00000000        0x0 c:/program files (x86)/codesourcery/sourcery g++ lite/bin/../lib/gcc/arm-none-eabi/4.4.1/thumb2\libgcc.a(_divdi3.o)
 .ARM.extab     0x00000000        0x0 c:/program files (x86)/codesourcery/sourcery g++ lite/bin/../lib/gcc/arm-none-eabi/4.4.1/thumb2\libgcc.a(_divdi3.o)
 .data          0x00000000        0x0 c:/program files (x86)/codesourcery/sourcery g++ lite/bin/../lib/gcc/arm-none-eabi/4.4.1/thumb2\libgcc.a(_udivdi3.o)
 .bss           0x00000000        0x0 c:/program files (x86)/codesourcery/sourcery g++ lite/bin/../lib/gcc/arm-none-eabi/4.4.1/thumb2\libgcc.a(_udivdi3.o)
 .ARM.extab     0x00000000        0x0 c:/program files (x86)/codesourcery/sourcery g++ lite/bin/../lib/gcc/arm-none-eabi/4.4.1/thumb2\libgcc.a(_udivdi3.o)
 .data          0x00000000        0x0 c:/program files (x86)/codesourcery/sourcery g++ lite/bin/../lib/gcc/arm-none-eabi/4.4.1/thumb2\libgcc.a(_udivsi3.o)
 .bss           0x00000000        0x0 c:/program files (x86)/codesourcery/sourcery g++ lite/bin/../lib/gcc/arm-none-eabi/4.4.1/thumb2\libgcc.a(_udivsi3.o)
 .text          0x00000000        0x0 c:/program files (x86)/codesourcery/sourcery g++ lite/bin/../lib/gcc/arm-none-eabi/4.4.1/thumb2/crtend.o
 .data          0x00000000        0x0 c:/program files (x86)/codesourcery/sourcery g++ lite/bin/../lib/gcc/arm-none-eabi/4.4.1/thumb2/crtend.o
 .bss           0x00000000        0x0 c:/program files (x86)/codesourcery/sourcery g++ lite/bin/../lib/gcc/arm-none-eabi/4.4.1/thumb2/crtend.o
 .jcr           0x00000000        0x4 c:/program files (x86)/codesourcery/sourcery g++ lite/bin/../lib/gcc/arm-none-eabi/4.4.1/thumb2/crtend.o
 .text          0x00000000        0x0 c:/program files (x86)/codesourcery/sourcery g++ lite/bin/../lib/gcc/arm-none-eabi/4.4.1/thumb2/crtn.o
 .data          0x00000000        0x0 c:/program files (x86)/codesourcery/sourcery g++ lite/bin/../lib/gcc/arm-none-eabi/4.4.1/thumb2/crtn.o
 .bss           0x00000000        0x0 c:/program files (x86)/codesourcery/sourcery g++ lite/bin/../lib/gcc/arm-none-eabi/4.4.1/thumb2/crtn.o
 .init          0x00000000        0x8 c:/program files (x86)/codesourcery/sourcery g++ lite/bin/../lib/gcc/arm-none-eabi/4.4.1/thumb2/crtn.o
 .fini          0x00000000        0x8 c:/program files (x86)/codesourcery/sourcery g++ lite/bin/../lib/gcc/arm-none-eabi/4.4.1/thumb2/crtn.o

Memory Configuration

Name             Origin             Length             Attributes
FLASH            0x00000000         0x00040000         xr
SRAM             0x20000000         0x00010000         xrw
*default*        0x00000000         0xffffffff

Linker script and memory map

LOAD c:/program files (x86)/codesourcery/sourcery g++ lite/bin/../lib/gcc/arm-none-eabi/4.4.1/thumb2/crti.o
LOAD c:/program files (x86)/codesourcery/sourcery g++ lite/bin/../lib/gcc/arm-none-eabi/4.4.1/thumb2/crtbegin.o
LOAD C:\cygwin\tmp\cck0QICg.o
LOAD C:\cygwin\tmp\cctYgSNm.o
LOAD C:\cygwin\tmp\ccPEo8pq.o
LOAD C:\cygwin\tmp\ccjdAlQx.o
LOAD C:\cygwin\tmp\cc5KMdgJ.o
LOAD C:\cygwin\tmp\ccXXWUDV.o
LOAD C:\cygwin\tmp\ccJ70aRa.o
LOAD C:/StellarisWare/driverlib/gcc\libdriver.a
START GROUP
LOAD c:/program files (x86)/codesourcery/sourcery g++ lite/bin/../lib/gcc/arm-none-eabi/4.4.1/thumb2\libgcc.a
LOAD c:/program files (x86)/codesourcery/sourcery g++ lite/bin/../lib/gcc/arm-none-eabi/4.4.1/../../../../arm-none-eabi/lib/thumb2\libc.a
END GROUP
LOAD c:/program files (x86)/codesourcery/sourcery g++ lite/bin/../lib/gcc/arm-none-eabi/4.4.1/thumb2/crtend.o
LOAD c:/program files (x86)/codesourcery/sourcery g++ lite/bin/../lib/gcc/arm-none-eabi/4.4.1/thumb2/crtn.o

.text           0x00000000     0x48e4
                0x00000000                _text = .
 *(.isr_vector)
 .isr_vector    0x00000000       0xf0 C:\cygwin\tmp\cctYgSNm.o
                0x00000000                g_pfnVectors
 *(.text*)
 .text          0x000000f0      0x204 C:\cygwin\tmp\cck0QICg.o
                0x000000f0                priv_to_unpriv
                0x00000106                unpriv_to_priv
                0x0000011c                yield
                0x0000012a                threadStarter
                0x00000168                schedulerHandler
                0x000001bc                initializeSysTickTimer
                0x000001e8                initializePeriphs
                0x0000026c                main
 .text          0x000002f4       0x48 C:\cygwin\tmp\cctYgSNm.o
                0x000002fa                ResetISR
 .text          0x0000033c       0xd8 C:\cygwin\tmp\ccPEo8pq.o
                0x0000033c                _lseek
                0x00000340                _open
                0x00000348                _close
                0x0000034c                _exit
                0x0000034e                _kill
                0x00000352                _getpid
                0x00000356                _fstat
                0x0000035a                _stat
                0x00000360                _link
                0x00000366                _unlink
                0x0000036c                _raise
                0x0000036e                _gettimeofday
                0x00000372                _times
                0x00000376                _isatty
                0x0000037a                _rename
                0x0000038a                _system
                0x0000039e                _sbrk
                0x000003d0                _write
                0x000003f0                _read
 .text          0x00000414      0x368 C:\cygwin\tmp\ccjdAlQx.o
                0x00000454                RIT128x96x4DisplayOff
                0x00000460                RIT128x96x4DisplayOn
                0x000004c0                RIT128x96x4ImageDraw
                0x00000528                RIT128x96x4StringDraw
                0x00000600                RIT128x96x4Clear
                0x00000654                RIT128x96x4Disable
                0x0000069c                RIT128x96x4Enable
                0x000006f8                RIT128x96x4Init
 .text          0x0000077c       0x6c C:\cygwin\tmp\cc5KMdgJ.o
                0x0000077c                createThread
                0x000007c8                saveThreadState
                0x000007d4                restoreThreadState
 .text          0x000007e8       0xd0 C:\cygwin\tmp\ccXXWUDV.o
                0x000007e8                thread2_LED
                0x00000810                thread4_UART
                0x00000834                thread1_UART
                0x00000874                thread3_OLED
 .text          0x000008b8       0xa4 C:\cygwin\tmp\ccJ70aRa.o
                0x000008b8                getCount
                0x000008c4                lock_init
                0x000008d0                lock_indicate_failure
                0x000008dc                lock_acquire
                0x000008fa                lock_release
                0x00000908                __malloc_lock
                0x00000928                __malloc_unlock
 .text.GPIODirModeSet
                0x0000095c       0x3c C:/StellarisWare/driverlib/gcc\libdriver.a(gpio.o)
                0x0000095c                GPIODirModeSet
 .text.GPIOPadConfigSet
                0x00000998      0x110 C:/StellarisWare/driverlib/gcc\libdriver.a(gpio.o)
                0x00000998                GPIOPadConfigSet
 .text.GPIOPinWrite
                0x00000aa8        0x8 C:/StellarisWare/driverlib/gcc\libdriver.a(gpio.o)
                0x00000aa8                GPIOPinWrite
 .text.GPIOPinTypeGPIOOutput
                0x00000ab0       0x1c C:/StellarisWare/driverlib/gcc\libdriver.a(gpio.o)
                0x00000ab0                GPIOPinTypeGPIOOutput
 .text.GPIOPinTypeSSI
                0x00000acc       0x1c C:/StellarisWare/driverlib/gcc\libdriver.a(gpio.o)
                0x00000acc                GPIOPinTypeSSI
 .text.GPIOPinTypeUART
                0x00000ae8       0x1c C:/StellarisWare/driverlib/gcc\libdriver.a(gpio.o)
                0x00000ae8                GPIOPinTypeUART
 .text.IntMasterDisable
                0x00000b04        0xc C:/StellarisWare/driverlib/gcc\libdriver.a(interrupt.o)
                0x00000b04                IntMasterDisable
 .text.IntMasterEnable
                0x00000b10        0xc C:/StellarisWare/driverlib/gcc\libdriver.a(interrupt.o)
                0x00000b10                IntMasterEnable
 .text.SSIConfigSetExpClk
                0x00000b1c       0x50 C:/StellarisWare/driverlib/gcc\libdriver.a(ssi.o)
                0x00000b1c                SSIConfigSetExpClk
 .text.SSIEnable
                0x00000b6c        0xc C:/StellarisWare/driverlib/gcc\libdriver.a(ssi.o)
                0x00000b6c                SSIEnable
 .text.SSIDisable
                0x00000b78        0xc C:/StellarisWare/driverlib/gcc\libdriver.a(ssi.o)
                0x00000b78                SSIDisable
 .text.SSIDataPut
                0x00000b84        0xc C:/StellarisWare/driverlib/gcc\libdriver.a(ssi.o)
                0x00000b84                SSIDataPut
 .text.SSIDataGet
                0x00000b90       0x10 C:/StellarisWare/driverlib/gcc\libdriver.a(ssi.o)
                0x00000b90                SSIDataGet
 .text.SSIDataGetNonBlocking
                0x00000ba0       0x14 C:/StellarisWare/driverlib/gcc\libdriver.a(ssi.o)
                0x00000ba0                SSIDataGetNonBlocking
 .text.SysCtlPeripheralEnable
                0x00000bb4       0x1c C:/StellarisWare/driverlib/gcc\libdriver.a(sysctl.o)
                0x00000bb4                SysCtlPeripheralEnable
 .text.SysCtlDelay
                0x00000bd0        0x8 C:/StellarisWare/driverlib/gcc\libdriver.a(sysctl.o)
                0x00000bd0                SysCtlDelay
 .text.SysCtlClockSet
                0x00000bd8      0x160 C:/StellarisWare/driverlib/gcc\libdriver.a(sysctl.o)
                0x00000bd8                SysCtlClockSet
 .text.SysCtlClockGet
                0x00000d38      0x1d8 C:/StellarisWare/driverlib/gcc\libdriver.a(sysctl.o)
                0x00000d38                SysCtlClockGet
 .text.SysTickEnable
                0x00000f10       0x10 C:/StellarisWare/driverlib/gcc\libdriver.a(systick.o)
                0x00000f10                SysTickEnable
 .text.SysTickIntEnable
                0x00000f20       0x10 C:/StellarisWare/driverlib/gcc\libdriver.a(systick.o)
                0x00000f20                SysTickIntEnable
 .text.UARTEnable
                0x00000f30       0x18 C:/StellarisWare/driverlib/gcc\libdriver.a(uart.o)
                0x00000f30                UARTEnable
 .text.UARTDisable
                0x00000f48       0x20 C:/StellarisWare/driverlib/gcc\libdriver.a(uart.o)
                0x00000f48                UARTDisable
 .text.UARTConfigSetExpClk
                0x00000f68       0x48 C:/StellarisWare/driverlib/gcc\libdriver.a(uart.o)
                0x00000f68                UARTConfigSetExpClk
 .text.UARTCharGetNonBlocking
                0x00000fb0       0x10 C:/StellarisWare/driverlib/gcc\libdriver.a(uart.o)
                0x00000fb0                UARTCharGetNonBlocking
 .text.UARTCharPut
                0x00000fc0        0xc C:/StellarisWare/driverlib/gcc\libdriver.a(uart.o)
                0x00000fc0                UARTCharPut
 .text.CPUcpsid
                0x00000fcc        0x8 C:/StellarisWare/driverlib/gcc\libdriver.a(cpu.o)
                0x00000fcc                CPUcpsid
 .text.CPUcpsie
                0x00000fd4        0x8 C:/StellarisWare/driverlib/gcc\libdriver.a(cpu.o)
                0x00000fd4                CPUcpsie
 .text          0x00000fdc        0xc c:/program files (x86)/codesourcery/sourcery g++ lite/bin/../lib/gcc/arm-none-eabi/4.4.1/../../../../arm-none-eabi/lib/thumb2\libc.a(lib_a-errno.o)
                0x00000fdc                __errno
 .text          0x00000fe8       0x20 c:/program files (x86)/codesourcery/sourcery g++ lite/bin/../lib/gcc/arm-none-eabi/4.4.1/../../../../arm-none-eabi/lib/thumb2\libc.a(lib_a-exit.o)
                0x00000fe8                exit
 .text          0x00001008       0x64 c:/program files (x86)/codesourcery/sourcery g++ lite/bin/../lib/gcc/arm-none-eabi/4.4.1/../../../../arm-none-eabi/lib/thumb2\libc.a(lib_a-iprintf.o)
                0x00001008                _iprintf_r
                0x00001034                iprintf
 .text          0x0000106c       0x20 c:/program files (x86)/codesourcery/sourcery g++ lite/bin/../lib/gcc/arm-none-eabi/4.4.1/../../../../arm-none-eabi/lib/thumb2\libc.a(lib_a-malloc.o)
                0x0000106c                free
                0x0000107c                malloc
 .text          0x0000108c      0x5a4 c:/program files (x86)/codesourcery/sourcery g++ lite/bin/../lib/gcc/arm-none-eabi/4.4.1/../../../../arm-none-eabi/lib/thumb2\libc.a(lib_a-mallocr.o)
                0x0000108c                _malloc_r
 .text          0x00001630       0x28 c:/program files (x86)/codesourcery/sourcery g++ lite/bin/../lib/gcc/arm-none-eabi/4.4.1/../../../../arm-none-eabi/lib/thumb2\libc.a(lib_a-sbrkr.o)
                0x00001630                _sbrk_r
 .text          0x00001658      0xd38 c:/program files (x86)/codesourcery/sourcery g++ lite/bin/../lib/gcc/arm-none-eabi/4.4.1/../../../../arm-none-eabi/lib/thumb2\libc.a(lib_a-vfiprintf.o)
                0x00001674                _vfiprintf_r
                0x00002374                vfiprintf
 .text          0x00002390      0x104 c:/program files (x86)/codesourcery/sourcery g++ lite/bin/../lib/gcc/arm-none-eabi/4.4.1/../../../../arm-none-eabi/lib/thumb2\libc.a(lib_a-wsetup.o)
                0x00002390                __swsetup_r
 .text          0x00002494      0x130 c:/program files (x86)/codesourcery/sourcery g++ lite/bin/../lib/gcc/arm-none-eabi/4.4.1/../../../../arm-none-eabi/lib/thumb2\libc.a(lib_a-__call_atexit.o)
                0x00002494                __call_exitprocs
 .text          0x000025c4        0xc c:/program files (x86)/codesourcery/sourcery g++ lite/bin/../lib/gcc/arm-none-eabi/4.4.1/../../../../arm-none-eabi/lib/thumb2\libc.a(lib_a-atexit.o)
                0x000025c4                atexit
 .text          0x000025d0      0x178 c:/program files (x86)/codesourcery/sourcery g++ lite/bin/../lib/gcc/arm-none-eabi/4.4.1/../../../../arm-none-eabi/lib/thumb2\libc.a(lib_a-fflush.o)
                0x000025d0                _fflush_r
                0x00002720                fflush
 .text          0x00002748      0x1c8 c:/program files (x86)/codesourcery/sourcery g++ lite/bin/../lib/gcc/arm-none-eabi/4.4.1/../../../../arm-none-eabi/lib/thumb2\libc.a(lib_a-findfp.o)
                0x00002748                __sfp_lock_acquire
                0x0000274c                __sfp_lock_release
                0x00002750                __sinit_lock_acquire
                0x00002754                __sinit_lock_release
                0x00002760                __fp_unlock_all
                0x00002778                __fp_lock_all
                0x00002790                _cleanup_r
                0x0000279c                _cleanup
                0x000027f8                __sfmoreglue
                0x00002828                __sfp
                0x000028b0                __sinit
 .text          0x00002910       0x30 c:/program files (x86)/codesourcery/sourcery g++ lite/bin/../lib/gcc/arm-none-eabi/4.4.1/../../../../arm-none-eabi/lib/thumb2\libc.a(lib_a-fini.o)
                0x00002910                __libc_fini_array
 .text          0x00002940      0x268 c:/program files (x86)/codesourcery/sourcery g++ lite/bin/../lib/gcc/arm-none-eabi/4.4.1/../../../../arm-none-eabi/lib/thumb2\libc.a(lib_a-freer.o)
                0x00002940                _malloc_trim_r
                0x000029e8                _free_r
 .text          0x00002ba8      0x334 c:/program files (x86)/codesourcery/sourcery g++ lite/bin/../lib/gcc/arm-none-eabi/4.4.1/../../../../arm-none-eabi/lib/thumb2\libc.a(lib_a-fvwrite.o)
                0x00002ba8                __sfvwrite_r
 .text          0x00002edc       0xa0 c:/program files (x86)/codesourcery/sourcery g++ lite/bin/../lib/gcc/arm-none-eabi/4.4.1/../../../../arm-none-eabi/lib/thumb2\libc.a(lib_a-fwalk.o)
                0x00002edc                _fwalk_reent
                0x00002f30                _fwalk
 .text          0x00002f7c       0xdc c:/program files (x86)/codesourcery/sourcery g++ lite/bin/../lib/gcc/arm-none-eabi/4.4.1/../../../../arm-none-eabi/lib/thumb2\libc.a(lib_a-makebuf.o)
                0x00002f7c                __smakebuf_r
 .text          0x00003058       0x74 c:/program files (x86)/codesourcery/sourcery g++ lite/bin/../lib/gcc/arm-none-eabi/4.4.1/../../../../arm-none-eabi/lib/thumb2\libc.a(lib_a-memchr.o)
                0x00003058                memchr
 .text          0x000030cc      0x190 c:/program files (x86)/codesourcery/sourcery g++ lite/bin/../lib/gcc/arm-none-eabi/4.4.1/../../../../arm-none-eabi/lib/thumb2\libc.a(lib_a-memcpy.o)
                0x000030cc                memcpy
 .text          0x0000325c       0xb8 c:/program files (x86)/codesourcery/sourcery g++ lite/bin/../lib/gcc/arm-none-eabi/4.4.1/../../../../arm-none-eabi/lib/thumb2\libc.a(lib_a-memmove.o)
                0x0000325c                memmove
 .text          0x00003314       0xd4 c:/program files (x86)/codesourcery/sourcery g++ lite/bin/../lib/gcc/arm-none-eabi/4.4.1/../../../../arm-none-eabi/lib/thumb2\libc.a(lib_a-memset.o)
                0x00003314                memset
 .text          0x000033e8      0x3b4 c:/program files (x86)/codesourcery/sourcery g++ lite/bin/../lib/gcc/arm-none-eabi/4.4.1/../../../../arm-none-eabi/lib/thumb2\libc.a(lib_a-reallocr.o)
                0x000033e8                _realloc_r
 .text          0x0000379c       0x90 c:/program files (x86)/codesourcery/sourcery g++ lite/bin/../lib/gcc/arm-none-eabi/4.4.1/../../../../arm-none-eabi/lib/thumb2\libc.a(lib_a-stdio.o)
                0x0000379c                __sclose
                0x000037a4                __sseek
                0x000037cc                __swrite
                0x00003808                __sread
 .text          0x0000382c       0x60 c:/program files (x86)/codesourcery/sourcery g++ lite/bin/../lib/gcc/arm-none-eabi/4.4.1/../../../../arm-none-eabi/lib/thumb2\libc.a(lib_a-strlen.o)
                0x0000382c                strlen
 .text          0x0000388c       0x2c c:/program files (x86)/codesourcery/sourcery g++ lite/bin/../lib/gcc/arm-none-eabi/4.4.1/../../../../arm-none-eabi/lib/thumb2\libc.a(lib_a-writer.o)
                0x0000388c                _write_r
 .text          0x000038b8       0xe8 c:/program files (x86)/codesourcery/sourcery g++ lite/bin/../lib/gcc/arm-none-eabi/4.4.1/../../../../arm-none-eabi/lib/thumb2\libc.a(lib_a-__atexit.o)
                0x000038b8                __register_exitproc
 .text          0x000039a0       0x28 c:/program files (x86)/codesourcery/sourcery g++ lite/bin/../lib/gcc/arm-none-eabi/4.4.1/../../../../arm-none-eabi/lib/thumb2\libc.a(lib_a-closer.o)
                0x000039a0                _close_r
 .text          0x000039c8       0xcc c:/program files (x86)/codesourcery/sourcery g++ lite/bin/../lib/gcc/arm-none-eabi/4.4.1/../../../../arm-none-eabi/lib/thumb2\libc.a(lib_a-fclose.o)
                0x000039c8                _fclose_r
                0x00003a84                fclose
 .text          0x00003a94       0x2c c:/program files (x86)/codesourcery/sourcery g++ lite/bin/../lib/gcc/arm-none-eabi/4.4.1/../../../../arm-none-eabi/lib/thumb2\libc.a(lib_a-fstatr.o)
                0x00003a94                _fstat_r
 .text          0x00003ac0       0x28 c:/program files (x86)/codesourcery/sourcery g++ lite/bin/../lib/gcc/arm-none-eabi/4.4.1/../../../../arm-none-eabi/lib/thumb2\libc.a(lib_a-isattyr.o)
                0x00003ac0                _isatty_r
 .text          0x00003ae8       0x2c c:/program files (x86)/codesourcery/sourcery g++ lite/bin/../lib/gcc/arm-none-eabi/4.4.1/../../../../arm-none-eabi/lib/thumb2\libc.a(lib_a-lseekr.o)
                0x00003ae8                _lseek_r
 .text          0x00003b14       0x2c c:/program files (x86)/codesourcery/sourcery g++ lite/bin/../lib/gcc/arm-none-eabi/4.4.1/../../../../arm-none-eabi/lib/thumb2\libc.a(lib_a-readr.o)
                0x00003b14                _read_r
 .text          0x00003b40       0x2c c:/program files (x86)/codesourcery/sourcery g++ lite/bin/../lib/gcc/arm-none-eabi/4.4.1/thumb2\libgcc.a(_aeabi_uldivmod.o)
                0x00003b40                __aeabi_uldivmod
 .text          0x00003b6c       0x58 c:/program files (x86)/codesourcery/sourcery g++ lite/bin/../lib/gcc/arm-none-eabi/4.4.1/thumb2\libgcc.a(bpabi.o)
                0x00003b6c                __gnu_uldivmod_helper
                0x00003b98                __gnu_ldivmod_helper
 .text          0x00003bc4        0x4 c:/program files (x86)/codesourcery/sourcery g++ lite/bin/../lib/gcc/arm-none-eabi/4.4.1/thumb2\libgcc.a(_dvmd_tls.o)
                0x00003bc4                __aeabi_idiv0
                0x00003bc4                __aeabi_ldiv0
 .text          0x00003bc8      0x364 c:/program files (x86)/codesourcery/sourcery g++ lite/bin/../lib/gcc/arm-none-eabi/4.4.1/thumb2\libgcc.a(_divdi3.o)
                0x00003bc8                __divdi3
 .text          0x00003f2c      0x300 c:/program files (x86)/codesourcery/sourcery g++ lite/bin/../lib/gcc/arm-none-eabi/4.4.1/thumb2\libgcc.a(_udivdi3.o)
                0x00003f2c                __udivdi3
 *fill*         0x0000422c        0x4 00
 .text          0x00004230      0x278 c:/program files (x86)/codesourcery/sourcery g++ lite/bin/../lib/gcc/arm-none-eabi/4.4.1/thumb2\libgcc.a(_udivsi3.o)
                0x00004230                __aeabi_uidiv
                0x00004230                __udivsi3
                0x0000448c                __aeabi_uidivmod
 *(.rodata*)
 .rodata        0x000044a8       0x10 C:\cygwin\tmp\cck0QICg.o
 .rodata.str1.1
                0x000044b8       0x8c C:\cygwin\tmp\cck0QICg.o
 .rodata        0x00004544      0x244 C:\cygwin\tmp\ccjdAlQx.o
 .rodata.str1.1
                0x00004788       0x3c C:\cygwin\tmp\ccXXWUDV.o
 .rodata.g_pulXtals
                0x000047c4       0x5c C:/StellarisWare/driverlib/gcc\libdriver.a(sysctl.o)
 .rodata.g_pulRCGCRegs
                0x00004820        0xc C:/StellarisWare/driverlib/gcc\libdriver.a(sysctl.o)
 .rodata        0x0000482c        0x4 c:/program files (x86)/codesourcery/sourcery g++ lite/bin/../lib/gcc/arm-none-eabi/4.4.1/../../../../arm-none-eabi/lib/thumb2\libc.a(lib_a-impure.o)
                0x0000482c                _global_impure_ptr
 .rodata.str1.4
                0x00004830        0x2 c:/program files (x86)/codesourcery/sourcery g++ lite/bin/../lib/gcc/arm-none-eabi/4.4.1/../../../../arm-none-eabi/lib/thumb2\libc.a(lib_a-impure.o)
                                  0x4 (size before relaxing)
 *fill*         0x00004832        0x2 00
 .rodata        0x00004834       0x20 c:/program files (x86)/codesourcery/sourcery g++ lite/bin/../lib/gcc/arm-none-eabi/4.4.1/../../../../arm-none-eabi/lib/thumb2\libc.a(lib_a-vfiprintf.o)
 .rodata.str1.4
                0x00004854       0x30 c:/program files (x86)/codesourcery/sourcery g++ lite/bin/../lib/gcc/arm-none-eabi/4.4.1/../../../../arm-none-eabi/lib/thumb2\libc.a(lib_a-vfiprintf.o)
 .rodata        0x00004884       0x60 c:/program files (x86)/codesourcery/sourcery g++ lite/bin/../lib/gcc/arm-none-eabi/4.4.1/../../../../arm-none-eabi/lib/thumb2\libc.a(lib_a-findfp.o)
                0x00004884                __sf_fake_stdin
                0x000048a4                __sf_fake_stdout
                0x000048c4                __sf_fake_stderr

.glue_7         0x000048e4        0x0
 .glue_7        0x00000000        0x0 linker stubs

.glue_7t        0x000048e4        0x0
 .glue_7t       0x00000000        0x0 linker stubs

.vfp11_veneer   0x000048e4        0x0
 .vfp11_veneer  0x00000000        0x0 linker stubs

.v4_bx          0x000048e4        0x0
 .v4_bx         0x00000000        0x0 linker stubs

.fini           0x000048e4        0x4
 .fini          0x000048e4        0x4 c:/program files (x86)/codesourcery/sourcery g++ lite/bin/../lib/gcc/arm-none-eabi/4.4.1/thumb2/crti.o
                0x000048e4                _fini

.ARM.exidx      0x000048e8        0x8
 *(.ARM.exidx)
 .ARM.exidx     0x000048e8        0x8 c:/program files (x86)/codesourcery/sourcery g++ lite/bin/../lib/gcc/arm-none-eabi/4.4.1/thumb2\libgcc.a(_divdi3.o)
 .ARM.exidx     0x000048f0        0x0 c:/program files (x86)/codesourcery/sourcery g++ lite/bin/../lib/gcc/arm-none-eabi/4.4.1/thumb2\libgcc.a(_udivdi3.o)
                                  0x8 (size before relaxing)
                0x000048f0                _etext = .

.data           0x20000000      0x504 load address 0x000048f0
                0x20000000                _data = .
 *(vtable)
 *(.data*)
 .data          0x20000000       0xf4 c:/program files (x86)/codesourcery/sourcery g++ lite/bin/../lib/gcc/arm-none-eabi/4.4.1/../../../../arm-none-eabi/lib/thumb2\libc.a(lib_a-impure.o)
                0x20000000                _impure_ptr
 .data          0x200000f4      0x410 c:/program files (x86)/codesourcery/sourcery g++ lite/bin/../lib/gcc/arm-none-eabi/4.4.1/../../../../arm-none-eabi/lib/thumb2\libc.a(lib_a-mallocr.o)
                0x200000f4                __malloc_av_
                0x200004fc                __malloc_sbrk_base
                0x20000500                __malloc_trim_threshold
                0x20000504                _edata = .

.bss            0x20000504      0x2f8 load address 0x00004df4
                0x20000504                _bss = .
 *(.bss*)
 .bss           0x20000504      0x2a0 C:\cygwin\tmp\cck0QICg.o
 .bss           0x200007a4        0xc C:\cygwin\tmp\ccjdAlQx.o
 .bss           0x200007b0       0x34 c:/program files (x86)/codesourcery/sourcery g++ lite/bin/../lib/gcc/arm-none-eabi/4.4.1/../../../../arm-none-eabi/lib/thumb2\libc.a(lib_a-mallocr.o)
                0x200007b0                __malloc_top_pad
                0x200007b4                __malloc_current_mallinfo
                0x200007dc                __malloc_max_sbrked_mem
                0x200007e0                __malloc_max_total_mem
 *(COMMON)
 COMMON         0x200007e4        0x8 C:\cygwin\tmp\cck0QICg.o
                0x200007e4                threadlock
                0x200007e8                currThread
 COMMON         0x200007ec        0x4 C:\cygwin\tmp\ccPEo8pq.o
                0x200007ec                heap_end
 COMMON         0x200007f0        0x8 C:\cygwin\tmp\ccJ70aRa.o
                0x200007f0                currLockThread
                0x200007f4                count
 COMMON         0x200007f8        0x4 c:/program files (x86)/codesourcery/sourcery g++ lite/bin/../lib/gcc/arm-none-eabi/4.4.1/../../../../arm-none-eabi/lib/thumb2\libc.a(lib_a-reent.o)
                0x200007f8                errno
                0x200007fc                _ebss = .
                0x200007fc                end = .
OUTPUT(bin/proj3.elf elf32-littlearm)

.ARM.attributes
                0x00000000       0x25
 .ARM.attributes
                0x00000000       0x19 c:/program files (x86)/codesourcery/sourcery g++ lite/bin/../lib/gcc/arm-none-eabi/4.4.1/thumb2/crti.o
 .ARM.attributes
                0x00000019       0x29 c:/program files (x86)/codesourcery/sourcery g++ lite/bin/../lib/gcc/arm-none-eabi/4.4.1/thumb2/crtbegin.o
 .ARM.attributes
                0x00000042       0x31 C:\cygwin\tmp\cck0QICg.o
 .ARM.attributes
                0x00000073       0x31 C:\cygwin\tmp\cctYgSNm.o
 .ARM.attributes
                0x000000a4       0x31 C:\cygwin\tmp\ccPEo8pq.o
 .ARM.attributes
                0x000000d5       0x31 C:\cygwin\tmp\ccjdAlQx.o
 .ARM.attributes
                0x00000106       0x1b C:\cygwin\tmp\cc5KMdgJ.o
 .ARM.attributes
                0x00000121       0x31 C:\cygwin\tmp\ccXXWUDV.o
 .ARM.attributes
                0x00000152       0x31 C:\cygwin\tmp\ccJ70aRa.o
 .ARM.attributes
                0x00000183       0x31 C:/StellarisWare/driverlib/gcc\libdriver.a(gpio.o)
 .ARM.attributes
                0x000001b4       0x31 C:/StellarisWare/driverlib/gcc\libdriver.a(interrupt.o)
 .ARM.attributes
                0x000001e5       0x31 C:/StellarisWare/driverlib/gcc\libdriver.a(ssi.o)
 .ARM.attributes
                0x00000216       0x31 C:/StellarisWare/driverlib/gcc\libdriver.a(sysctl.o)
 .ARM.attributes
                0x00000247       0x31 C:/StellarisWare/driverlib/gcc\libdriver.a(systick.o)
 .ARM.attributes
                0x00000278       0x31 C:/StellarisWare/driverlib/gcc\libdriver.a(uart.o)
 .ARM.attributes
                0x000002a9       0x31 C:/StellarisWare/driverlib/gcc\libdriver.a(cpu.o)
 .ARM.attributes
                0x000002da       0x29 c:/program files (x86)/codesourcery/sourcery g++ lite/bin/../lib/gcc/arm-none-eabi/4.4.1/../../../../arm-none-eabi/lib/thumb2\libc.a(lib_a-errno.o)
 .ARM.attributes
                0x00000303       0x29 c:/program files (x86)/codesourcery/sourcery g++ lite/bin/../lib/gcc/arm-none-eabi/4.4.1/../../../../arm-none-eabi/lib/thumb2\libc.a(lib_a-exit.o)
 .ARM.attributes
                0x0000032c       0x29 c:/program files (x86)/codesourcery/sourcery g++ lite/bin/../lib/gcc/arm-none-eabi/4.4.1/../../../../arm-none-eabi/lib/thumb2\libc.a(lib_a-impure.o)
 .ARM.attributes
                0x00000355       0x29 c:/program files (x86)/codesourcery/sourcery g++ lite/bin/../lib/gcc/arm-none-eabi/4.4.1/../../../../arm-none-eabi/lib/thumb2\libc.a(lib_a-iprintf.o)
 .ARM.attributes
                0x0000037e       0x29 c:/program files (x86)/codesourcery/sourcery g++ lite/bin/../lib/gcc/arm-none-eabi/4.4.1/../../../../arm-none-eabi/lib/thumb2\libc.a(lib_a-malloc.o)
 .ARM.attributes
                0x000003a7       0x29 c:/program files (x86)/codesourcery/sourcery g++ lite/bin/../lib/gcc/arm-none-eabi/4.4.1/../../../../arm-none-eabi/lib/thumb2\libc.a(lib_a-mallocr.o)
 .ARM.attributes
                0x000003d0       0x29 c:/program files (x86)/codesourcery/sourcery g++ lite/bin/../lib/gcc/arm-none-eabi/4.4.1/../../../../arm-none-eabi/lib/thumb2\libc.a(lib_a-sbrkr.o)
 .ARM.attributes
                0x000003f9       0x29 c:/program files (x86)/codesourcery/sourcery g++ lite/bin/../lib/gcc/arm-none-eabi/4.4.1/../../../../arm-none-eabi/lib/thumb2\libc.a(lib_a-vfiprintf.o)
 .ARM.attributes
                0x00000422       0x29 c:/program files (x86)/codesourcery/sourcery g++ lite/bin/../lib/gcc/arm-none-eabi/4.4.1/../../../../arm-none-eabi/lib/thumb2\libc.a(lib_a-wsetup.o)
 .ARM.attributes
                0x0000044b       0x29 c:/program files (x86)/codesourcery/sourcery g++ lite/bin/../lib/gcc/arm-none-eabi/4.4.1/../../../../arm-none-eabi/lib/thumb2\libc.a(lib_a-__call_atexit.o)
 .ARM.attributes
                0x00000474       0x29 c:/program files (x86)/codesourcery/sourcery g++ lite/bin/../lib/gcc/arm-none-eabi/4.4.1/../../../../arm-none-eabi/lib/thumb2\libc.a(lib_a-atexit.o)
 .ARM.attributes
                0x0000049d       0x29 c:/program files (x86)/codesourcery/sourcery g++ lite/bin/../lib/gcc/arm-none-eabi/4.4.1/../../../../arm-none-eabi/lib/thumb2\libc.a(lib_a-fflush.o)
 .ARM.attributes
                0x000004c6       0x29 c:/program files (x86)/codesourcery/sourcery g++ lite/bin/../lib/gcc/arm-none-eabi/4.4.1/../../../../arm-none-eabi/lib/thumb2\libc.a(lib_a-findfp.o)
 .ARM.attributes
                0x000004ef       0x29 c:/program files (x86)/codesourcery/sourcery g++ lite/bin/../lib/gcc/arm-none-eabi/4.4.1/../../../../arm-none-eabi/lib/thumb2\libc.a(lib_a-fini.o)
 .ARM.attributes
                0x00000518       0x29 c:/program files (x86)/codesourcery/sourcery g++ lite/bin/../lib/gcc/arm-none-eabi/4.4.1/../../../../arm-none-eabi/lib/thumb2\libc.a(lib_a-freer.o)
 .ARM.attributes
                0x00000541       0x29 c:/program files (x86)/codesourcery/sourcery g++ lite/bin/../lib/gcc/arm-none-eabi/4.4.1/../../../../arm-none-eabi/lib/thumb2\libc.a(lib_a-fvwrite.o)
 .ARM.attributes
                0x0000056a       0x29 c:/program files (x86)/codesourcery/sourcery g++ lite/bin/../lib/gcc/arm-none-eabi/4.4.1/../../../../arm-none-eabi/lib/thumb2\libc.a(lib_a-fwalk.o)
 .ARM.attributes
                0x00000593       0x29 c:/program files (x86)/codesourcery/sourcery g++ lite/bin/../lib/gcc/arm-none-eabi/4.4.1/../../../../arm-none-eabi/lib/thumb2\libc.a(lib_a-makebuf.o)
 .ARM.attributes
                0x000005bc       0x29 c:/program files (x86)/codesourcery/sourcery g++ lite/bin/../lib/gcc/arm-none-eabi/4.4.1/../../../../arm-none-eabi/lib/thumb2\libc.a(lib_a-memchr.o)
 .ARM.attributes
                0x000005e5       0x29 c:/program files (x86)/codesourcery/sourcery g++ lite/bin/../lib/gcc/arm-none-eabi/4.4.1/../../../../arm-none-eabi/lib/thumb2\libc.a(lib_a-memcpy.o)
 .ARM.attributes
                0x0000060e       0x29 c:/program files (x86)/codesourcery/sourcery g++ lite/bin/../lib/gcc/arm-none-eabi/4.4.1/../../../../arm-none-eabi/lib/thumb2\libc.a(lib_a-memmove.o)
 .ARM.attributes
                0x00000637       0x29 c:/program files (x86)/codesourcery/sourcery g++ lite/bin/../lib/gcc/arm-none-eabi/4.4.1/../../../../arm-none-eabi/lib/thumb2\libc.a(lib_a-memset.o)
 .ARM.attributes
                0x00000660       0x29 c:/program files (x86)/codesourcery/sourcery g++ lite/bin/../lib/gcc/arm-none-eabi/4.4.1/../../../../arm-none-eabi/lib/thumb2\libc.a(lib_a-reallocr.o)
 .ARM.attributes
                0x00000689       0x29 c:/program files (x86)/codesourcery/sourcery g++ lite/bin/../lib/gcc/arm-none-eabi/4.4.1/../../../../arm-none-eabi/lib/thumb2\libc.a(lib_a-reent.o)
 .ARM.attributes
                0x000006b2       0x29 c:/program files (x86)/codesourcery/sourcery g++ lite/bin/../lib/gcc/arm-none-eabi/4.4.1/../../../../arm-none-eabi/lib/thumb2\libc.a(lib_a-stdio.o)
 .ARM.attributes
                0x000006db       0x29 c:/program files (x86)/codesourcery/sourcery g++ lite/bin/../lib/gcc/arm-none-eabi/4.4.1/../../../../arm-none-eabi/lib/thumb2\libc.a(lib_a-strlen.o)
 .ARM.attributes
                0x00000704       0x29 c:/program files (x86)/codesourcery/sourcery g++ lite/bin/../lib/gcc/arm-none-eabi/4.4.1/../../../../arm-none-eabi/lib/thumb2\libc.a(lib_a-writer.o)
 .ARM.attributes
                0x0000072d       0x29 c:/program files (x86)/codesourcery/sourcery g++ lite/bin/../lib/gcc/arm-none-eabi/4.4.1/../../../../arm-none-eabi/lib/thumb2\libc.a(lib_a-__atexit.o)
 .ARM.attributes
                0x00000756       0x29 c:/program files (x86)/codesourcery/sourcery g++ lite/bin/../lib/gcc/arm-none-eabi/4.4.1/../../../../arm-none-eabi/lib/thumb2\libc.a(lib_a-closer.o)
 .ARM.attributes
                0x0000077f       0x29 c:/program files (x86)/codesourcery/sourcery g++ lite/bin/../lib/gcc/arm-none-eabi/4.4.1/../../../../arm-none-eabi/lib/thumb2\libc.a(lib_a-fclose.o)
 .ARM.attributes
                0x000007a8       0x29 c:/program files (x86)/codesourcery/sourcery g++ lite/bin/../lib/gcc/arm-none-eabi/4.4.1/../../../../arm-none-eabi/lib/thumb2\libc.a(lib_a-fstatr.o)
 .ARM.attributes
                0x000007d1       0x29 c:/program files (x86)/codesourcery/sourcery g++ lite/bin/../lib/gcc/arm-none-eabi/4.4.1/../../../../arm-none-eabi/lib/thumb2\libc.a(lib_a-isattyr.o)
 .ARM.attributes
                0x000007fa       0x29 c:/program files (x86)/codesourcery/sourcery g++ lite/bin/../lib/gcc/arm-none-eabi/4.4.1/../../../../arm-none-eabi/lib/thumb2\libc.a(lib_a-lseekr.o)
 .ARM.attributes
                0x00000823       0x29 c:/program files (x86)/codesourcery/sourcery g++ lite/bin/../lib/gcc/arm-none-eabi/4.4.1/../../../../arm-none-eabi/lib/thumb2\libc.a(lib_a-readr.o)
 .ARM.attributes
                0x0000084c       0x1b c:/program files (x86)/codesourcery/sourcery g++ lite/bin/../lib/gcc/arm-none-eabi/4.4.1/thumb2\libgcc.a(_aeabi_uldivmod.o)
 .ARM.attributes
                0x00000867       0x29 c:/program files (x86)/codesourcery/sourcery g++ lite/bin/../lib/gcc/arm-none-eabi/4.4.1/thumb2\libgcc.a(bpabi.o)
 .ARM.attributes
                0x00000890       0x1b c:/program files (x86)/codesourcery/sourcery g++ lite/bin/../lib/gcc/arm-none-eabi/4.4.1/thumb2\libgcc.a(_dvmd_tls.o)
 .ARM.attributes
                0x000008ab       0x29 c:/program files (x86)/codesourcery/sourcery g++ lite/bin/../lib/gcc/arm-none-eabi/4.4.1/thumb2\libgcc.a(_divdi3.o)
 .ARM.attributes
                0x000008d4       0x29 c:/program files (x86)/codesourcery/sourcery g++ lite/bin/../lib/gcc/arm-none-eabi/4.4.1/thumb2\libgcc.a(_udivdi3.o)
 .ARM.attributes
                0x000008fd       0x1b c:/program files (x86)/codesourcery/sourcery g++ lite/bin/../lib/gcc/arm-none-eabi/4.4.1/thumb2\libgcc.a(_udivsi3.o)
 .ARM.attributes
                0x00000918       0x29 c:/program files (x86)/codesourcery/sourcery g++ lite/bin/../lib/gcc/arm-none-eabi/4.4.1/thumb2/crtend.o
 .ARM.attributes
                0x00000941       0x19 c:/program files (x86)/codesourcery/sourcery g++ lite/bin/../lib/gcc/arm-none-eabi/4.4.1/thumb2/crtn.o

.comment        0x00000000      0x1f0
 .comment       0x00000000       0x2b C:\cygwin\tmp\cck0QICg.o
 .comment       0x0000002b       0x2b C:\cygwin\tmp\cctYgSNm.o
 .comment       0x00000056       0x2b C:\cygwin\tmp\ccPEo8pq.o
 .comment       0x00000081       0x2b C:\cygwin\tmp\ccjdAlQx.o
 .comment       0x000000ac       0x2b C:\cygwin\tmp\ccXXWUDV.o
 .comment       0x000000d7       0x2b C:\cygwin\tmp\ccJ70aRa.o
 .comment       0x00000102       0x22 C:/StellarisWare/driverlib/gcc\libdriver.a(gpio.o)
 .comment       0x00000124       0x22 C:/StellarisWare/driverlib/gcc\libdriver.a(interrupt.o)
 .comment       0x00000146       0x22 C:/StellarisWare/driverlib/gcc\libdriver.a(ssi.o)
 .comment       0x00000168       0x22 C:/StellarisWare/driverlib/gcc\libdriver.a(sysctl.o)
 .comment       0x0000018a       0x22 C:/StellarisWare/driverlib/gcc\libdriver.a(systick.o)
 .comment       0x000001ac       0x22 C:/StellarisWare/driverlib/gcc\libdriver.a(uart.o)
 .comment       0x000001ce       0x22 C:/StellarisWare/driverlib/gcc\libdriver.a(cpu.o)

.debug_frame    0x00000000      0x920
 .debug_frame   0x00000000       0x20 c:/program files (x86)/codesourcery/sourcery g++ lite/bin/../lib/gcc/arm-none-eabi/4.4.1/../../../../arm-none-eabi/lib/thumb2\libc.a(lib_a-errno.o)
 .debug_frame   0x00000020       0x28 c:/program files (x86)/codesourcery/sourcery g++ lite/bin/../lib/gcc/arm-none-eabi/4.4.1/../../../../arm-none-eabi/lib/thumb2\libc.a(lib_a-exit.o)
 .debug_frame   0x00000048       0x5c c:/program files (x86)/codesourcery/sourcery g++ lite/bin/../lib/gcc/arm-none-eabi/4.4.1/../../../../arm-none-eabi/lib/thumb2\libc.a(lib_a-iprintf.o)
 .debug_frame   0x000000a4       0x30 c:/program files (x86)/codesourcery/sourcery g++ lite/bin/../lib/gcc/arm-none-eabi/4.4.1/../../../../arm-none-eabi/lib/thumb2\libc.a(lib_a-malloc.o)
 .debug_frame   0x000000d4       0x3c c:/program files (x86)/codesourcery/sourcery g++ lite/bin/../lib/gcc/arm-none-eabi/4.4.1/../../../../arm-none-eabi/lib/thumb2\libc.a(lib_a-mallocr.o)
 .debug_frame   0x00000110       0x2c c:/program files (x86)/codesourcery/sourcery g++ lite/bin/../lib/gcc/arm-none-eabi/4.4.1/../../../../arm-none-eabi/lib/thumb2\libc.a(lib_a-sbrkr.o)
 .debug_frame   0x0000013c       0x70 c:/program files (x86)/codesourcery/sourcery g++ lite/bin/../lib/gcc/arm-none-eabi/4.4.1/../../../../arm-none-eabi/lib/thumb2\libc.a(lib_a-vfiprintf.o)
 .debug_frame   0x000001ac       0x2c c:/program files (x86)/codesourcery/sourcery g++ lite/bin/../lib/gcc/arm-none-eabi/4.4.1/../../../../arm-none-eabi/lib/thumb2\libc.a(lib_a-wsetup.o)
 .debug_frame   0x000001d8       0x4c c:/program files (x86)/codesourcery/sourcery g++ lite/bin/../lib/gcc/arm-none-eabi/4.4.1/../../../../arm-none-eabi/lib/thumb2\libc.a(lib_a-__call_atexit.o)
 .debug_frame   0x00000224       0x20 c:/program files (x86)/codesourcery/sourcery g++ lite/bin/../lib/gcc/arm-none-eabi/4.4.1/../../../../arm-none-eabi/lib/thumb2\libc.a(lib_a-atexit.o)
 .debug_frame   0x00000244       0x40 c:/program files (x86)/codesourcery/sourcery g++ lite/bin/../lib/gcc/arm-none-eabi/4.4.1/../../../../arm-none-eabi/lib/thumb2\libc.a(lib_a-fflush.o)
 .debug_frame   0x00000284      0x11c c:/program files (x86)/codesourcery/sourcery g++ lite/bin/../lib/gcc/arm-none-eabi/4.4.1/../../../../arm-none-eabi/lib/thumb2\libc.a(lib_a-findfp.o)
 .debug_frame   0x000003a0       0x2c c:/program files (x86)/codesourcery/sourcery g++ lite/bin/../lib/gcc/arm-none-eabi/4.4.1/../../../../arm-none-eabi/lib/thumb2\libc.a(lib_a-fini.o)
 .debug_frame   0x000003cc       0x50 c:/program files (x86)/codesourcery/sourcery g++ lite/bin/../lib/gcc/arm-none-eabi/4.4.1/../../../../arm-none-eabi/lib/thumb2\libc.a(lib_a-freer.o)
 .debug_frame   0x0000041c       0x3c c:/program files (x86)/codesourcery/sourcery g++ lite/bin/../lib/gcc/arm-none-eabi/4.4.1/../../../../arm-none-eabi/lib/thumb2\libc.a(lib_a-fvwrite.o)
 .debug_frame   0x00000458       0x54 c:/program files (x86)/codesourcery/sourcery g++ lite/bin/../lib/gcc/arm-none-eabi/4.4.1/../../../../arm-none-eabi/lib/thumb2\libc.a(lib_a-fwalk.o)
 .debug_frame   0x000004ac       0x34 c:/program files (x86)/codesourcery/sourcery g++ lite/bin/../lib/gcc/arm-none-eabi/4.4.1/../../../../arm-none-eabi/lib/thumb2\libc.a(lib_a-makebuf.o)
 .debug_frame   0x000004e0       0x28 c:/program files (x86)/codesourcery/sourcery g++ lite/bin/../lib/gcc/arm-none-eabi/4.4.1/../../../../arm-none-eabi/lib/thumb2\libc.a(lib_a-memchr.o)
 .debug_frame   0x00000508       0x34 c:/program files (x86)/codesourcery/sourcery g++ lite/bin/../lib/gcc/arm-none-eabi/4.4.1/../../../../arm-none-eabi/lib/thumb2\libc.a(lib_a-memcpy.o)
 .debug_frame   0x0000053c       0x2c c:/program files (x86)/codesourcery/sourcery g++ lite/bin/../lib/gcc/arm-none-eabi/4.4.1/../../../../arm-none-eabi/lib/thumb2\libc.a(lib_a-memmove.o)
 .debug_frame   0x00000568       0x28 c:/program files (x86)/codesourcery/sourcery g++ lite/bin/../lib/gcc/arm-none-eabi/4.4.1/../../../../arm-none-eabi/lib/thumb2\libc.a(lib_a-memset.o)
 .debug_frame   0x00000590       0x3c c:/program files (x86)/codesourcery/sourcery g++ lite/bin/../lib/gcc/arm-none-eabi/4.4.1/../../../../arm-none-eabi/lib/thumb2\libc.a(lib_a-reallocr.o)
 .debug_frame   0x000005cc       0x64 c:/program files (x86)/codesourcery/sourcery g++ lite/bin/../lib/gcc/arm-none-eabi/4.4.1/../../../../arm-none-eabi/lib/thumb2\libc.a(lib_a-reent.o)
 .debug_frame   0x00000630       0x70 c:/program files (x86)/codesourcery/sourcery g++ lite/bin/../lib/gcc/arm-none-eabi/4.4.1/../../../../arm-none-eabi/lib/thumb2\libc.a(lib_a-stdio.o)
 .debug_frame   0x000006a0       0x20 c:/program files (x86)/codesourcery/sourcery g++ lite/bin/../lib/gcc/arm-none-eabi/4.4.1/../../../../arm-none-eabi/lib/thumb2\libc.a(lib_a-strlen.o)
 .debug_frame   0x000006c0       0x2c c:/program files (x86)/codesourcery/sourcery g++ lite/bin/../lib/gcc/arm-none-eabi/4.4.1/../../../../arm-none-eabi/lib/thumb2\libc.a(lib_a-writer.o)
 .debug_frame   0x000006ec       0x34 c:/program files (x86)/codesourcery/sourcery g++ lite/bin/../lib/gcc/arm-none-eabi/4.4.1/../../../../arm-none-eabi/lib/thumb2\libc.a(lib_a-__atexit.o)
 .debug_frame   0x00000720       0x2c c:/program files (x86)/codesourcery/sourcery g++ lite/bin/../lib/gcc/arm-none-eabi/4.4.1/../../../../arm-none-eabi/lib/thumb2\libc.a(lib_a-closer.o)
 .debug_frame   0x0000074c       0x3c c:/program files (x86)/codesourcery/sourcery g++ lite/bin/../lib/gcc/arm-none-eabi/4.4.1/../../../../arm-none-eabi/lib/thumb2\libc.a(lib_a-fclose.o)
 .debug_frame   0x00000788       0x2c c:/program files (x86)/codesourcery/sourcery g++ lite/bin/../lib/gcc/arm-none-eabi/4.4.1/../../../../arm-none-eabi/lib/thumb2\libc.a(lib_a-fstatr.o)
 .debug_frame   0x000007b4       0x2c c:/program files (x86)/codesourcery/sourcery g++ lite/bin/../lib/gcc/arm-none-eabi/4.4.1/../../../../arm-none-eabi/lib/thumb2\libc.a(lib_a-isattyr.o)
 .debug_frame   0x000007e0       0x2c c:/program files (x86)/codesourcery/sourcery g++ lite/bin/../lib/gcc/arm-none-eabi/4.4.1/../../../../arm-none-eabi/lib/thumb2\libc.a(lib_a-lseekr.o)
 .debug_frame   0x0000080c       0x2c c:/program files (x86)/codesourcery/sourcery g++ lite/bin/../lib/gcc/arm-none-eabi/4.4.1/../../../../arm-none-eabi/lib/thumb2\libc.a(lib_a-readr.o)
 .debug_frame   0x00000838       0x50 c:/program files (x86)/codesourcery/sourcery g++ lite/bin/../lib/gcc/arm-none-eabi/4.4.1/thumb2\libgcc.a(bpabi.o)
 .debug_frame   0x00000888       0x3c c:/program files (x86)/codesourcery/sourcery g++ lite/bin/../lib/gcc/arm-none-eabi/4.4.1/thumb2\libgcc.a(_divdi3.o)
 .debug_frame   0x000008c4       0x3c c:/program files (x86)/codesourcery/sourcery g++ lite/bin/../lib/gcc/arm-none-eabi/4.4.1/thumb2\libgcc.a(_udivdi3.o)
 .debug_frame   0x00000900       0x20 c:/program files (x86)/codesourcery/sourcery g++ lite/bin/../lib/gcc/arm-none-eabi/4.4.1/thumb2\libgcc.a(_udivsi3.o)
